Component: Arm Compiler for Embedded 6.22 Tool: armlink [5ee90200]

==============================================================================

Section Cross References

    joystick.o(.ARM.exidx.text.Joystick_Initialize) refers to joystick.o(.text.Joystick_Initialize) for [Anonymous Symbol]
    joystick.o(.ARM.exidx.text.Joystick_Get_Status) refers to joystick.o(.text.Joystick_Get_Status) for [Anonymous Symbol]
    led.o(.ARM.exidx.text.LedInitialize) refers to led.o(.text.LedInitialize) for [Anonymous Symbol]
    led.o(.ARM.exidx.text.LedOn) refers to led.o(.text.LedOn) for [Anonymous Symbol]
    led.o(.ARM.exidx.text.LedOff) refers to led.o(.text.LedOff) for [Anonymous Symbol]
    adc.o(.text.ADC_Initialize) refers to adc.o(.text.__NVIC_EnableIRQ) for __NVIC_EnableIRQ
    adc.o(.ARM.exidx.text.ADC_Initialize) refers to adc.o(.text.ADC_Initialize) for [Anonymous Symbol]
    adc.o(.ARM.exidx.text.__NVIC_EnableIRQ) refers to adc.o(.text.__NVIC_EnableIRQ) for [Anonymous Symbol]
    adc.o(.text.ADC_IRQHandler) refers to adc.o(.bss.AD_lastValue) for AD_lastValue
    adc.o(.text.ADC_IRQHandler) refers to adc.o(.bss.AD_done) for AD_done
    adc.o(.ARM.exidx.text.ADC_IRQHandler) refers to adc.o(.text.ADC_IRQHandler) for [Anonymous Symbol]
    adc.o(.ARM.exidx.text.ADC_StartConversion) refers to adc.o(.text.ADC_StartConversion) for [Anonymous Symbol]
    adc.o(.text.ADC_ConversionDone) refers to adc.o(.bss.AD_done) for AD_done
    adc.o(.ARM.exidx.text.ADC_ConversionDone) refers to adc.o(.text.ADC_ConversionDone) for [Anonymous Symbol]
    adc.o(.text.ADC_GetValue) refers to adc.o(.bss.AD_lastValue) for AD_lastValue
    adc.o(.ARM.exidx.text.ADC_GetValue) refers to adc.o(.text.ADC_GetValue) for [Anonymous Symbol]
    uart.o(.text.UART_Initialize) refers to system_lpc17xx.o(.data.SystemCoreClock) for SystemCoreClock
    uart.o(.text.UART_Initialize) refers to uart.o(.text.__NVIC_EnableIRQ) for __NVIC_EnableIRQ
    uart.o(.ARM.exidx.text.UART_Initialize) refers to uart.o(.text.UART_Initialize) for [Anonymous Symbol]
    uart.o(.ARM.exidx.text.__NVIC_EnableIRQ) refers to uart.o(.text.__NVIC_EnableIRQ) for [Anonymous Symbol]
    uart.o(.text.UART0_IRQHandler) refers to uart.o(.bss.UART_Buffer_Count) for UART_Buffer_Count
    uart.o(.text.UART0_IRQHandler) refers to uart.o(.bss.UART_Buffer) for UART_Buffer
    uart.o(.text.UART0_IRQHandler) refers to uart.o(.data.UART_TX_Is_Empty) for UART_TX_Is_Empty
    uart.o(.ARM.exidx.text.UART0_IRQHandler) refers to uart.o(.text.UART0_IRQHandler) for [Anonymous Symbol]
    uart.o(.text.UART_Send) refers to uart.o(.data.UART_TX_Is_Empty) for UART_TX_Is_Empty
    uart.o(.ARM.exidx.text.UART_Send) refers to uart.o(.text.UART_Send) for [Anonymous Symbol]
    main.o(.text.main) refers to uart.o(.text.UART_Initialize) for UART_Initialize
    main.o(.text.main) refers to led.o(.text.LedInitialize) for LedInitialize
    main.o(.text.main) refers to uart.o(.bss.UART_Buffer_Count) for UART_Buffer_Count
    main.o(.text.main) refers to uart.o(.bss.UART_Buffer) for UART_Buffer
    main.o(.text.main) refers to led.o(.text.LedOn) for LedOn
    main.o(.text.main) refers to main.o(.rodata.str1.1) for .L.str
    main.o(.text.main) refers to uart.o(.text.UART_Send) for UART_Send
    main.o(.text.main) refers to led.o(.text.LedOff) for LedOff
    main.o(.ARM.exidx.text.main) refers to main.o(.text.main) for [Anonymous Symbol]
    rtx_conf_cm.o(.text) refers (Special) to main.o(.ARM.use_no_argv) for __ARM_use_no_argv
    rtx_conf_cm.o(.text.os_idle_demon) refers (Special) to main.o(.ARM.use_no_argv) for __ARM_use_no_argv
    rtx_conf_cm.o(.ARM.exidx.text.os_idle_demon) refers (Special) to main.o(.ARM.use_no_argv) for __ARM_use_no_argv
    rtx_conf_cm.o(.ARM.exidx.text.os_idle_demon) refers to rtx_conf_cm.o(.text.os_idle_demon) for [Anonymous Symbol]
    rtx_conf_cm.o(.text.os_error) refers (Special) to main.o(.ARM.use_no_argv) for __ARM_use_no_argv
    rtx_conf_cm.o(.ARM.exidx.text.os_error) refers (Special) to main.o(.ARM.use_no_argv) for __ARM_use_no_argv
    rtx_conf_cm.o(.ARM.exidx.text.os_error) refers to rtx_conf_cm.o(.text.os_error) for [Anonymous Symbol]
    rtx_conf_cm.o(.text.__user_perthread_libspace) refers (Special) to main.o(.ARM.use_no_argv) for __ARM_use_no_argv
    rtx_conf_cm.o(.text.__user_perthread_libspace) refers to rt_cmsis.o(.data) for os_running
    rtx_conf_cm.o(.text.__user_perthread_libspace) refers to rt_task.o(i.rt_tsk_self) for rt_tsk_self
    rtx_conf_cm.o(.text.__user_perthread_libspace) refers to libspace.o(.bss) for __libspace_start
    rtx_conf_cm.o(.text.__user_perthread_libspace) refers to rtx_conf_cm.o(.bss.std_libspace) for std_libspace
    rtx_conf_cm.o(.ARM.exidx.text.__user_perthread_libspace) refers (Special) to main.o(.ARM.use_no_argv) for __ARM_use_no_argv
    rtx_conf_cm.o(.ARM.exidx.text.__user_perthread_libspace) refers to rtx_conf_cm.o(.text.__user_perthread_libspace) for [Anonymous Symbol]
[...]
    defsig_abrt_inner.o(.text) refers to defsig_general.o(.text) for __default_signal_display
    defsig_rtred_inner.o(.text) refers to defsig_general.o(.text) for __default_signal_display
    defsig_rtmem_inner.o(.text) refers to defsig_general.o(.text) for __default_signal_display
    defsig_rtmem_outer.o(.text) refers to defsig_rtmem_inner.o(.text) for __rt_SIGRTMEM_inner
    defsig_rtmem_outer.o(.text) refers to defsig_exit.o(.text) for __sig_exit
    defsig_rtmem_formal.o(.text) refers to rt_raise.o(.text) for __rt_raise
    defsig_stak_inner.o(.text) refers to defsig_general.o(.text) for __default_signal_display
    defsig_pvfn_inner.o(.text) refers to defsig_general.o(.text) for __default_signal_display
    defsig_cppl_inner.o(.text) refers to defsig_general.o(.text) for __default_signal_display
    defsig_segv_inner.o(.text) refers to defsig_general.o(.text) for __default_signal_display
    defsig_other.o(.text) refers to defsig_general.o(.text) for __default_signal_display


==============================================================================

Removing Unused input sections from the image.

    Removing blinky.o(.text), (0 bytes).
    Removing joystick.o(.text), (0 bytes).
    Removing joystick.o(.text.Joystick_Initialize), (34 bytes).
    Removing joystick.o(.ARM.exidx.text.Joystick_Initialize), (8 bytes).
    Removing joystick.o(.text.Joystick_Get_Status), (120 bytes).
    Removing joystick.o(.ARM.exidx.text.Joystick_Get_Status), (8 bytes).
    Removing led.o(.text), (0 bytes).
    Removing led.o(.ARM.exidx.text.LedInitialize), (8 bytes).
    Removing led.o(.ARM.exidx.text.LedOn), (8 bytes).
    Removing led.o(.ARM.exidx.text.LedOff), (8 bytes).
    Removing adc.o(.text), (0 bytes).
    Removing adc.o(.text.ADC_Initialize), (82 bytes).
    Removing adc.o(.ARM.exidx.text.ADC_Initialize), (8 bytes).
    Removing adc.o(.text.__NVIC_EnableIRQ), (48 bytes).
    Removing adc.o(.ARM.exidx.text.__NVIC_EnableIRQ), (8 bytes).
    Removing adc.o(.ARM.exidx.text.ADC_IRQHandler), (8 bytes).
    Removing adc.o(.text.ADC_StartConversion), (26 bytes).
    Removing adc.o(.ARM.exidx.text.ADC_StartConversion), (8 bytes).
    Removing adc.o(.text.ADC_ConversionDone), (12 bytes).
    Removing adc.o(.ARM.exidx.text.ADC_ConversionDone), (8 bytes).
    Removing adc.o(.text.ADC_GetValue), (12 bytes).
    Removing adc.o(.ARM.exidx.text.ADC_GetValue), (8 bytes).
    Removing uart.o(.text), (0 bytes).
    Removing uart.o(.ARM.exidx.text.UART_Initialize), (8 bytes).
    Removing uart.o(.ARM.exidx.text.__NVIC_EnableIRQ), (8 bytes).
    Removing uart.o(.ARM.exidx.text.UART0_IRQHandler), (8 bytes).
    Removing uart.o(.ARM.exidx.text.UART_Send), (8 bytes).
    Removing main.o(.text), (0 bytes).
    Removing main.o(.ARM.exidx.text.main), (8 bytes).
    Removing rtx_conf_cm.o(.text), (0 bytes).
    Removing rtx_conf_cm.o(.ARM.exidx.text.os_idle_demon), (8 bytes).
    Removing rtx_conf_cm.o(.ARM.exidx.text.os_error), (8 bytes).
    Removing rtx_conf_cm.o(.text.__user_perthread_libspace), (84 bytes).
    Removing rtx_conf_cm.o(.ARM.exidx.text.__user_perthread_libspace), (8 bytes).
    Removing rtx_conf_cm.o(.text._mutex_initialize), (70 bytes).
    Removing rtx_conf_cm.o(.ARM.exidx.text._mutex_initialize), (8 bytes).
    Removing rtx_conf_cm.o(.ARM.exidx.text._mutex_acquire), (8 bytes).
    Removing rtx_conf_cm.o(.ARM.exidx.text._mutex_release), (8 bytes).
    Removing rtx_conf_cm.o(.text.__osSignalWait), (38 bytes).
    Removing rtx_conf_cm.o(.ARM.exidx.text.__osSignalWait), (8 bytes).
    Removing rtx_conf_cm.o(.text.__osMessageGet), (38 bytes).
    Removing rtx_conf_cm.o(.ARM.exidx.text.__osMessageGet), (8 bytes).
    Removing rtx_conf_cm.o(.text.__osMailGet), (38 bytes).
    Removing rtx_conf_cm.o(.ARM.exidx.text.__osMailGet), (8 bytes).
    Removing rtx_conf_cm.o(.ARM.exidx.text._platform_post_lib_init), (8 bytes).
    Removing rtx_conf_cm.o(.rodata.os_tickfreq), (4 bytes).
    Removing rtx_conf_cm.o(.rodata.os_tickus_i), (2 bytes).
    Removing rtx_conf_cm.o(.rodata.os_tickus_f), (2 bytes).
    Removing rtx_conf_cm.o(.bss.os_tmr), (4 bytes).
    Removing rtx_conf_cm.o(.bss.std_libspace), (672 bytes).
    Removing rtx_conf_cm.o(.bss.nr_mutex), (4 bytes).
    Removing rtx_conf_cm.o(.bss.std_libmutex), (128 bytes).
    Removing system_lpc17xx.o(.text), (0 bytes).
    Removing system_lpc17xx.o(.text.SystemCoreClockUpdate), (428 bytes).
    Removing system_lpc17xx.o(.ARM.exidx.text.SystemCoreClockUpdate), (8 bytes).
    Removing system_lpc17xx.o(.ARM.exidx.text.SystemInit), (8 bytes).
    Removing rt_cmsis.o(.rev16_text), (4 bytes).
    Removing rt_cmsis.o(.revsh_text), (4 bytes).
    Removing rt_cmsis.o(.rrx_text), (6 bytes).
    Removing rt_cmsis.o(i.isrSemaphoreRelease), (40 bytes).
    Removing rt_cmsis.o(i.isrSignalSet), (36 bytes).
    Removing rt_cmsis.o(i.osDelay), (24 bytes).
    Removing rt_cmsis.o(i.osKernelRunning), (36 bytes).
    Removing rt_cmsis.o(i.osKernelSysTick), (24 bytes).
    Removing rt_cmsis.o(i.osMailAlloc), (28 bytes).
    Removing rt_cmsis.o(i.osMailCAlloc), (48 bytes).
    Removing rt_cmsis.o(i.osMailCreate), (44 bytes).
    Removing rt_cmsis.o(i.osMailFree), (28 bytes).
    Removing rt_cmsis.o(i.osMailGet), (22 bytes).
    Removing rt_cmsis.o(i.osMailPut), (20 bytes).
    Removing rt_cmsis.o(i.osMessageCreate), (44 bytes).
    Removing rt_cmsis.o(i.osMessagePut), (24 bytes).
    Removing rt_cmsis.o(i.osMutexCreate), (44 bytes).
    Removing rt_cmsis.o(i.osMutexDelete), (24 bytes).
    Removing rt_cmsis.o(i.osMutexRelease), (24 bytes).
    Removing rt_cmsis.o(i.osMutexWait), (24 bytes).
    Removing rt_cmsis.o(i.osPoolAlloc), (32 bytes).
    Removing rt_cmsis.o(i.osPoolCAlloc), (52 bytes).
    Removing rt_cmsis.o(i.osPoolCreate), (44 bytes).
    Removing rt_cmsis.o(i.osPoolFree), (32 bytes).
    Removing rt_cmsis.o(i.osSemaphoreCreate), (44 bytes).
    Removing rt_cmsis.o(i.osSemaphoreDelete), (24 bytes).
    Removing rt_cmsis.o(i.osSemaphoreRelease), (24 bytes).
    Removing rt_cmsis.o(i.osSemaphoreWait), (24 bytes).
    Removing rt_cmsis.o(i.osSignalClear), (24 bytes).
    Removing rt_cmsis.o(i.osSignalSet), (24 bytes).
    Removing rt_cmsis.o(i.osSignalWait), (24 bytes).
    Removing rt_cmsis.o(i.osThreadGetId), (24 bytes).
    Removing rt_cmsis.o(i.osThreadGetPriority), (24 bytes).
    Removing rt_cmsis.o(i.osThreadSetPriority), (24 bytes).
    Removing rt_cmsis.o(i.osThreadTerminate), (24 bytes).
    Removing rt_cmsis.o(i.osThreadYield), (24 bytes).
    Removing rt_cmsis.o(i.osTimerCreate), (44 bytes).
    Removing rt_cmsis.o(i.osTimerDelete), (24 bytes).
    Removing rt_cmsis.o(i.osTimerStart), (24 bytes).
    Removing rt_cmsis.o(i.osTimerStop), (24 bytes).
    Removing rt_cmsis.o(i.osWait), (4 bytes).
    Removing rt_cmsis.o(i.os_resume), (12 bytes).
    Removing rt_cmsis.o(i.os_suspend), (12 bytes).
    Removing rt_cmsis.o(i.rt_clr_box), (24 bytes).
    Removing rt_cmsis.o(i.rt_timer_remove), (60 bytes).
    Removing rt_cmsis.o(i.svcDelay), (18 bytes).
    Removing rt_cmsis.o(i.svcKernelRunning), (12 bytes).
    Removing rt_cmsis.o(i.svcKernelSysTick), (56 bytes).
    Removing rt_cmsis.o(i.svcMailCreate), (66 bytes).
    Removing rt_cmsis.o(i.svcMessagePut), (54 bytes).
    Removing rt_cmsis.o(i.svcMutexCreate), (28 bytes).
    Removing rt_cmsis.o(i.svcMutexDelete), (26 bytes).
    Removing rt_cmsis.o(i.svcMutexRelease), (34 bytes).
    Removing rt_cmsis.o(i.svcMutexWait), (58 bytes).
    Removing rt_cmsis.o(i.svcPoolCreate), (40 bytes).
    Removing rt_cmsis.o(i.svcSemaphoreCreate), (36 bytes).
    Removing rt_cmsis.o(i.svcSemaphoreDelete), (26 bytes).
    Removing rt_cmsis.o(i.svcSemaphoreRelease), (40 bytes).
    Removing rt_cmsis.o(i.svcSemaphoreWait), (50 bytes).
    Removing rt_cmsis.o(i.svcSignalClear), (36 bytes).
    Removing rt_cmsis.o(i.svcSignalSet), (36 bytes).
    Removing rt_cmsis.o(i.svcSignalWait), (84 bytes).
    Removing rt_cmsis.o(i.svcThreadGetPriority), (18 bytes).
    Removing rt_cmsis.o(i.svcThreadSetPriority), (46 bytes).
    Removing rt_cmsis.o(i.svcThreadYield), (10 bytes).
    Removing rt_cmsis.o(i.svcTimerCreate), (56 bytes).
    Removing rt_cmsis.o(i.svcTimerDelete), (40 bytes).
    Removing rt_cmsis.o(i.svcTimerStart), (100 bytes).
    Removing rt_cmsis.o(i.svcTimerStop), (36 bytes).
    Removing rt_cmsis.o(i.sysMailAlloc), (88 bytes).
    Removing rt_cmsis.o(i.sysMailFree), (96 bytes).
    Removing rt_cmsis.o(i.sysPoolAlloc), (10 bytes).
    Removing rt_cmsis.o(i.sysPoolFree), (20 bytes).
    Removing rt_cmsis.o(i.sysUserTimerUpdate), (48 bytes).
    Removing rt_cmsis.o(i.sysUserTimerWakeupTime), (20 bytes).
    Removing rt_task.o(i.rt_tsk_pass), (48 bytes).
    Removing rt_mutex.o(i.rt_mut_delete), (176 bytes).
    Removing rt_mutex.o(i.rt_mut_init), (16 bytes).
    Removing rt_system.o(.emb_text), (0 bytes).
    Removing rt_system.o(i.os_tick_ovf), (16 bytes).
    Removing rt_system.o(i.os_tick_val), (20 bytes).
    Removing rt_system.o(i.rt_resume), (136 bytes).
    Removing rt_system.o(i.rt_suspend), (36 bytes).
    Removing rt_system.o(i.rt_tsk_lock), (80 bytes).
    Removing rt_system.o(i.rt_tsk_unlock), (80 bytes).
    Removing rt_event.o(i.isr_evt_set), (40 bytes).
    Removing rt_event.o(i.rt_evt_clr), (28 bytes).
    Removing rt_event.o(i.rt_evt_get), (12 bytes).
    Removing rt_event.o(i.rt_evt_set), (92 bytes).
    Removing rt_event.o(i.rt_evt_wait), (60 bytes).
    Removing rt_list.o(i.rt_get_same_rdy_prio), (36 bytes).
    Removing rt_mailbox.o(i.rt_mbx_send), (152 bytes).
    Removing rt_semaphore.o(i.isr_sem_send), (16 bytes).
    Removing rt_semaphore.o(i.rt_sem_delete), (92 bytes).
    Removing rt_semaphore.o(i.rt_sem_init), (12 bytes).
    Removing rt_semaphore.o(i.rt_sem_send), (42 bytes).
    Removing rt_semaphore.o(i.rt_sem_wait), (64 bytes).
    Removing rt_time.o(i.rt_dly_wait), (6 bytes).
    Removing rt_time.o(i.rt_itv_set), (24 bytes).
    Removing rt_time.o(i.rt_itv_wait), (40 bytes).
    Removing rt_time.o(i.rt_time_get), (12 bytes).
    Removing rt_membox.o(i._calloc_box), (30 bytes).

158 unused section(s) (total 5968 bytes) removed from the image.

==============================================================================

Image Symbol Table

    Local Symbols

    Symbol Name                              Value     Ov Type        Size  Object(Section)

    ../clib/angel/boardlib.s                 0x00000000   Number         0  boardinit1.o ABSOLUTE
    ../clib/angel/boardlib.s                 0x00000000   Number         0  boardinit2.o ABSOLUTE
    ../clib/angel/boardlib.s                 0x00000000   Number         0  boardshut.o ABSOLUTE
    ../clib/angel/handlers.s                 0x00000000   Number         0  __scatter_copy.o ABSOLUTE
    ../clib/angel/handlers.s                 0x00000000   Number         0  __scatter_zi.o ABSOLUTE
    ../clib/angel/kernel.s                   0x00000000   Number         0  __rtentry.o ABSOLUTE
    ../clib/angel/kernel.s                   0x00000000   Number         0  __rtentry2.o ABSOLUTE
    ../clib/angel/kernel.s                   0x00000000   Number         0  __rtentry4.o ABSOLUTE
    ../clib/angel/kernel.s                   0x00000000   Number         0  rtexit.o ABSOLUTE
    ../clib/angel/kernel.s                   0x00000000   Number         0  rtexit2.o ABSOLUTE
    ../clib/angel/rt.s                       0x00000000   Number         0  aeabi_ldiv0.o ABSOLUTE
    ../clib/angel/rt.s                       0x00000000   Number         0  aeabi_ldiv0_sigfpe.o ABSOLUTE
    ../clib/angel/rt.s                       0x00000000   Number         0  rt_div0.o ABSOLUTE
    ../clib/angel/rt.s                       0x00000000   Number         0  rt_raise.o ABSOLUTE
    ../clib/angel/scatter.s                  0x00000000   Number         0  __scatter.o ABSOLUTE
    ../clib/angel/startup.s                  0x00000000   Number         0  __main.o ABSOLUTE
    ../clib/angel/sys.s                      0x00000000   Number         0  libspace.o ABSOLUTE
    ../clib/angel/sys.s                      0x00000000   Number         0  sys_stackheap_outer.o ABSOLUTE
    ../clib/angel/sys.s                      0x00000000   Number         0  use_no_semi.o ABSOLUTE
    ../clib/angel/sys.s                      0x00000000   Number         0  indicate_semi.o ABSOLUTE
    ../clib/angel/sysapp.c                   0x00000000   Number         0  sys_exit.o ABSOLUTE
    ../clib/angel/sysapp.c                   0x00000000   Number         0  sys_exit_hlt.o ABSOLUTE
    ../clib/angel/sysapp.c                   0x00000000   Number         0  sys_wrch.o ABSOLUTE
    ../clib/angel/sysapp.c                   0x00000000   Number         0  sys_wrch_hlt.o ABSOLUTE
    ../clib/angel/sysapp.c                   0x00000000   Number         0  sys_command.o ABSOLUTE
    ../clib/angel/sysapp.c                   0x00000000   Number         0  sys_command_hlt.o ABSOLUTE
    ../clib/armsys.c                         0x00000000   Number         0  argv_veneer.o ABSOLUTE
    ../clib/armsys.c                         0x00000000   Number         0  argv_veneer.o ABSOLUTE
    ../clib/armsys.c                         0x00000000   Number         0  _get_argv_nomalloc.o ABSOLUTE
    ../clib/armsys.c                         0x00000000   Number         0  no_argv.o ABSOLUTE
    ../clib/heapalloc.c                      0x00000000   Number         0  hrguard.o ABSOLUTE
    ../clib/heapaux.c                        0x00000000   Number         0  heapauxi.o ABSOLUTE
    ../clib/libinit.s                        0x00000000   Number         0  libinit.o ABSOLUTE
    ../clib/libinit.s                        0x00000000   Number         0  libinit2.o ABSOLUTE
    ../clib/libinit.s                        0x00000000   Number         0  libshutdown.o ABSOLUTE
    ../clib/libinit.s                        0x00000000   Number         0  libshutdown2.o ABSOLUTE
    ../clib/longlong.s                       0x00000000   Number         0  lludivv7m.o ABSOLUTE
    ../clib/signal.c                         0x00000000   Number         0  defsig_fpe_outer.o ABSOLUTE
    ../clib/signal.c                         0x00000000   Number         0  defsig_fpe_formal.o ABSOLUTE
    ../clib/signal.c                         0x00000000   Number         0  defsig_exit.o ABSOLUTE
    ../clib/signal.c                         0x00000000   Number         0  defsig_fpe_inner.o ABSOLUTE
    ../clib/signal.c                         0x00000000   Number         0  __raise.o ABSOLUTE
    ../clib/signal.c                         0x00000000   Number         0  defsig_general.o ABSOLUTE
    ../clib/signal.c                         0x00000000   Number         0  defsig_abrt_inner.o ABSOLUTE
    ../clib/signal.c                         0x00000000   Number         0  defsig_rtred_inner.o ABSOLUTE
    ../clib/signal.c                         0x00000000   Number         0  defsig_rtmem_inner.o ABSOLUTE
    ../clib/signal.c                         0x00000000   Number         0  defsig_rtmem_outer.o ABSOLUTE
    ../clib/signal.c                         0x00000000   Number         0  defsig_rtmem_formal.o ABSOLUTE
    ../clib/signal.c                         0x00000000   Number         0  defsig_stak_inner.o ABSOLUTE
    ../clib/signal.c                         0x00000000   Number         0  defsig_pvfn_inner.o ABSOLUTE
    ../clib/signal.c                         0x00000000   Number         0  defsig_cppl_inner.o ABSOLUTE
    ../clib/signal.c                         0x00000000   Number         0  defsig_segv_inner.o ABSOLUTE
    ../clib/signal.c                         0x00000000   Number         0  defsig_other.o ABSOLUTE
    ../clib/signal.s                         0x00000000   Number         0  defsig.o ABSOLUTE
    ../clib/stdlib.c                         0x00000000   Number         0  exit.o ABSOLUTE
    ../fplib/fpinit.s                        0x00000000   Number         0  fpinit.o ABSOLUTE
    ../fplib/fpinit_empty.s                  0x00000000   Number         0  fpinit_empty.o ABSOLUTE
    ..\HAL_CM.c                              0x00000000   Number         0  hal_cm.o ABSOLUTE
    ..\\rt_CMSIS.c                           0x00000000   Number         0  rt_cmsis.o ABSOLUTE
    ..\\rt_System.c                          0x00000000   Number         0  rt_system.o ABSOLUTE
    ..\rt_CMSIS.c                            0x00000000   Number         0  rt_cmsis.o ABSOLUTE
    ..\rt_Event.c                            0x00000000   Number         0  rt_event.o ABSOLUTE
    ..\rt_List.c                             0x00000000   Number         0  rt_list.o ABSOLUTE
    ..\rt_Mailbox.c                          0x00000000   Number         0  rt_mailbox.o ABSOLUTE
    ..\rt_MemBox.c                           0x00000000   Number         0  rt_membox.o ABSOLUTE
    ..\rt_Memory.c                           0x00000000   Number         0  rt_memory.o ABSOLUTE
    ..\rt_Mutex.c                            0x00000000   Number         0  rt_mutex.o ABSOLUTE
    ..\rt_Robin.c                            0x00000000   Number         0  rt_robin.o ABSOLUTE
    ..\rt_Semaphore.c                        0x00000000   Number         0  rt_semaphore.o ABSOLUTE
    ..\rt_System.c                           0x00000000   Number         0  rt_system.o ABSOLUTE
    ..\rt_Task.c                             0x00000000   Number         0  rt_task.o ABSOLUTE
    ..\rt_Time.c                             0x00000000   Number         0  rt_time.o ABSOLUTE
    ADC.c                                    0x00000000   Number         0  adc.o ABSOLUTE
    Blinky.c                                 0x00000000   Number         0  blinky.o ABSOLUTE
    HAL_CM3.c                                0x00000000   Number         0  hal_cm3.o ABSOLUTE
    HAL_CM3.c                                0x00000000   Number         0  hal_cm3.o ABSOLUTE
    Joystick.c                               0x00000000   Number         0  joystick.o ABSOLUTE
    Led.c                                    0x00000000   Number         0  led.o ABSOLUTE
    RTE/Device/LPC1768/startup_LPC17xx.s     0x00000000   Number         0  startup_lpc17xx.o ABSOLUTE
    RTX_Conf_CM.c                            0x00000000   Number         0  rtx_conf_cm.o ABSOLUTE
    SVC_Table.s                              0x00000000   Number         0  svc_table.o ABSOLUTE
    dc.s                                     0x00000000   Number         0  dc.o ABSOLUTE
    main.c                                   0x00000000   Number         0  main.o ABSOLUTE
    system_LPC17xx.c                         0x00000000   Number         0  system_lpc17xx.o ABSOLUTE
    uart.c                                   0x00000000   Number         0  uart.o ABSOLUTE
    RESET                                    0x00000000   Section      204  startup_lpc17xx.o(RESET)
    !!!main                                  0x000000cc   Section        8  __main.o(!!!main)
    !!!scatter                               0x000000d4   Section       92  __scatter.o(!!!scatter)
    !!handler_copy                           0x00000130   Section       26  __scatter_copy.o(!!handler_copy)
    !!handler_null                           0x0000014c   Section        2  __scatter.o(!!handler_null)
    !!handler_zi                             0x00000150   Section       28  __scatter_zi.o(!!handler_zi)
    .ARM.Collect$$libinit$$00000000          0x0000016c   Section        2  libinit.o(.ARM.Collect$$libinit$$00000000)
    .ARM.Collect$$libinit$$00000002          0x0000016e   Section        0  libinit2.o(.ARM.Collect$$libinit$$00000002)
    .ARM.Collect$$libinit$$00000004          0x0000016e   Section        0  libinit2.o(.ARM.Collect$$libinit$$00000004)
    .ARM.Collect$$libinit$$00000006          0x0000016e   Section        0  libinit2.o(.ARM.Collect$$libinit$$00000006)
    .ARM.Collect$$libinit$$0000000C          0x0000016e   Section        0  libinit2.o(.ARM.Collect$$libinit$$0000000C)
    .ARM.Collect$$libinit$$0000000E          0x0000016e   Section        0  libinit2.o(.ARM.Collect$$libinit$$0000000E)
    .ARM.Collect$$libinit$$00000010          0x0000016e   Section        0  libinit2.o(.ARM.Collect$$libinit$$00000010)
    .ARM.Collect$$libinit$$00000013          0x0000016e   Section        0  libinit2.o(.ARM.Collect$$libinit$$00000013)
    .ARM.Collect$$libinit$$00000015          0x0000016e   Section        0  libinit2.o(.ARM.Collect$$libinit$$00000015)
    .ARM.Collect$$libinit$$00000017          0x0000016e   Section        0  libinit2.o(.ARM.Collect$$libinit$$00000017)
    .ARM.Collect$$libinit$$00000019          0x0000016e   Section        0  libinit2.o(.ARM.Collect$$libinit$$00000019)
    .ARM.Collect$$libinit$$0000001B          0x0000016e   Section        0  libinit2.o(.ARM.Collect$$libinit$$0000001B)
    .ARM.Collect$$libinit$$0000001D          0x0000016e   Section        0  libinit2.o(.ARM.Collect$$libinit$$0000001D)
    .ARM.Collect$$libinit$$0000001F          0x0000016e   Section        0  libinit2.o(.ARM.Collect$$libinit$$0000001F)
    .ARM.Collect$$libinit$$00000021          0x0000016e   Section        0  libinit2.o(.ARM.Collect$$libinit$$00000021)
    .ARM.Collect$$libinit$$00000023          0x0000016e   Section        0  libinit2.o(.ARM.Collect$$libinit$$00000023)
    .ARM.Collect$$libinit$$00000025          0x0000016e   Section        0  libinit2.o(.ARM.Collect$$libinit$$00000025)
    .ARM.Collect$$libinit$$00000027          0x0000016e   Section        0  libinit2.o(.ARM.Collect$$libinit$$00000027)
    .ARM.Collect$$libinit$$0000002E          0x0000016e   Section        0  libinit2.o(.ARM.Collect$$libinit$$0000002E)
    .ARM.Collect$$libinit$$00000030          0x0000016e   Section        0  libinit2.o(.ARM.Collect$$libinit$$00000030)
    .ARM.Collect$$libinit$$00000032          0x0000016e   Section        0  libinit2.o(.ARM.Collect$$libinit$$00000032)
    .ARM.Collect$$libinit$$00000034          0x0000016e   Section        0  libinit2.o(.ARM.Collect$$libinit$$00000034)
    .ARM.Collect$$libinit$$00000035          0x0000016e   Section        2  libinit2.o(.ARM.Collect$$libinit$$00000035)
    .ARM.Collect$$libshutdown$$00000000      0x00000170   Section        2  libshutdown.o(.ARM.Collect$$libshutdown$$00000000)
    .ARM.Collect$$libshutdown$$00000002      0x00000172   Section        0  libshutdown2.o(.ARM.Collect$$libshutdown$$00000002)
    .ARM.Collect$$libshutdown$$00000004      0x00000172   Section        0  libshutdown2.o(.ARM.Collect$$libshutdown$$00000004)
    .ARM.Collect$$libshutdown$$00000007      0x00000172   Section        0  libshutdown2.o(.ARM.Collect$$libshutdown$$00000007)
    .ARM.Collect$$libshutdown$$0000000A      0x00000172   Section        0  libshutdown2.o(.ARM.Collect$$libshutdown$$0000000A)
    .ARM.Collect$$libshutdown$$0000000C      0x00000172   Section        0  libshutdown2.o(.ARM.Collect$$libshutdown$$0000000C)
    .ARM.Collect$$libshutdown$$0000000F      0x00000172   Section        0  libshutdown2.o(.ARM.Collect$$libshutdown$$0000000F)
    .ARM.Collect$$libshutdown$$00000010      0x00000172   Section        2  libshutdown2.o(.ARM.Collect$$libshutdown$$00000010)
    .ARM.Collect$$rtentry$$00000000          0x00000174   Section        0  __rtentry.o(.ARM.Collect$$rtentry$$00000000)
    .ARM.Collect$$rtentry$$00000002          0x00000174   Section        0  __rtentry2.o(.ARM.Collect$$rtentry$$00000002)
    .ARM.Collect$$rtentry$$00000004          0x00000174   Section        6  __rtentry4.o(.ARM.Collect$$rtentry$$00000004)
    .ARM.Collect$$rtentry$$00000009          0x0000017a   Section        0  __rtentry2.o(.ARM.Collect$$rtentry$$00000009)
    .ARM.Collect$$rtentry$$0000000A          0x0000017a   Section        4  __rtentry2.o(.ARM.Collect$$rtentry$$0000000A)
    .ARM.Collect$$rtentry$$0000000B          0x0000017e   Section        8  __rtentry2.o(.ARM.Collect$$rtentry$$0000000B)
    .ARM.Collect$$rtentry$$0000000D          0x00000186   Section        8  __rtentry2.o(.ARM.Collect$$rtentry$$0000000D)
    .ARM.Collect$$rtexit$$00000000           0x0000018e   Section        2  rtexit.o(.ARM.Collect$$rtexit$$00000000)
    .ARM.Collect$$rtexit$$00000002           0x00000190   Section        0  rtexit2.o(.ARM.Collect$$rtexit$$00000002)
    .ARM.Collect$$rtexit$$00000003           0x00000190   Section        4  rtexit2.o(.ARM.Collect$$rtexit$$00000003)
    .ARM.Collect$$rtexit$$00000004           0x00000194   Section        6  rtexit2.o(.ARM.Collect$$rtexit$$00000004)
    .emb_text                                0x0000019c   Section      304  hal_cm3.o(.emb_text)
    .text                                    0x000002cc   Section        8  libspace.o(.text)
    .text                                    0x000002d4   Section        0  heapauxi.o(.text)
    .text                                    0x000002da   Section        0  exit.o(.text)
    .text                                    0x000002ec   Section        0  sys_exit.o(.text)
    .text                                    0x000002f8   Section        2  use_no_semi.o(.text)
    .text                                    0x000002fa   Section        0  indicate_semi.o(.text)
    i.os_tick_irqack                         0x000002fa   Section        0  rt_system.o(i.os_tick_irqack)
    .ARM.__at_0x02FC                         0x000002fc   Section        4  startup_lpc17xx.o(.ARM.__at_0x02FC)
    .text                                    0x00000300   Section       60  startup_lpc17xx.o(.text)
    .text                                    0x0000033c   Section       74  sys_stackheap_outer.o(.text)
    [Anonymous Symbol]                       0x00000388   Section        0  adc.o(.text.ADC_IRQHandler)
    [Anonymous Symbol]                       0x000003c0   Section        0  led.o(.text.LedInitialize)
    [Anonymous Symbol]                       0x000003ec   Section        0  led.o(.text.LedOff)
    [Anonymous Symbol]                       0x00000480   Section        0  led.o(.text.LedOn)
    [Anonymous Symbol]                       0x00000514   Section        0  system_lpc17xx.o(.text.SystemInit)
    [Anonymous Symbol]                       0x00000698   Section        0  uart.o(.text.UART0_IRQHandler)
    [Anonymous Symbol]                       0x00000728   Section        0  uart.o(.text.UART_Initialize)
    [Anonymous Symbol]                       0x000007cc   Section        0  uart.o(.text.UART_Send)
    __NVIC_EnableIRQ                         0x00000819   Thumb Code    48  uart.o(.text.__NVIC_EnableIRQ)
    [Anonymous Symbol]                       0x00000818   Section        0  uart.o(.text.__NVIC_EnableIRQ)
    __tagsym$$used.0                         0x00000848   Number         0  rtx_conf_cm.o(.text._mutex_acquire)
    [Anonymous Symbol]                       0x00000848   Section        0  rtx_conf_cm.o(.text._mutex_acquire)
    __tagsym$$used.1                         0x00000890   Number         0  rtx_conf_cm.o(.text._mutex_release)
    [Anonymous Symbol]                       0x00000890   Section        0  rtx_conf_cm.o(.text._mutex_release)
    [Anonymous Symbol]                       0x000008c8   Section        0  rtx_conf_cm.o(.text._platform_post_lib_init)
    [Anonymous Symbol]                       0x000008e4   Section        0  main.o(.text.main)
    [Anonymous Symbol]                       0x000009c0   Section        0  rtx_conf_cm.o(.text.os_error)
    [Anonymous Symbol]                       0x000009e8   Section        0  rtx_conf_cm.o(.text.os_idle_demon)
    SVC_TABLE                                0x000009ec   Section        4  svc_table.o(SVC_TABLE)
    i._init_box                              0x000009f0   Section        0  rt_membox.o(i._init_box)
    i.dbg_init                               0x00000a38   Section        0  hal_cm.o(i.dbg_init)
    i.dbg_task_notify                        0x00000a68   Section        0  hal_cm.o(i.dbg_task_notify)
    i.dbg_task_switch                        0x00000a88   Section        0  hal_cm.o(i.dbg_task_switch)
    i.isrMessageGet                          0x00000a98   Section        0  rt_cmsis.o(i.isrMessageGet)
    i.isrMessagePut                          0x00000ac2   Section        0  rt_cmsis.o(i.isrMessagePut)
    i.isr_mbx_receive                        0x00000af0   Section        0  rt_mailbox.o(i.isr_mbx_receive)
    i.isr_mbx_send                           0x00000b46   Section        0  rt_mailbox.o(i.isr_mbx_send)
    i.osKernelInitialize                     0x00000b54   Section        0  rt_cmsis.o(i.osKernelInitialize)
    i.osKernelStart                          0x00000b78   Section        0  rt_cmsis.o(i.osKernelStart)
    i.osMessageGet                           0x00000be4   Section        0  rt_cmsis.o(i.osMessageGet)
    i.osThreadCreate                         0x00000bfc   Section        0  rt_cmsis.o(i.osThreadCreate)
    i.osThreadExit                           0x00000c28   Section        0  rt_cmsis.o(i.osThreadExit)
    i.osTimerCall                            0x00000c40   Section        0  rt_cmsis.o(i.osTimerCall)
    i.osTimerThread                          0x00000c4c   Section        0  rt_cmsis.o(i.osTimerThread)
    i.os_tick_init                           0x00000c78   Section        0  rt_system.o(i.os_tick_init)
    i.rt_alloc_box                           0x00000ca0   Section        0  rt_membox.o(i.rt_alloc_box)
    i.rt_alloc_mem                           0x00000cba   Section        0  rt_memory.o(i.rt_alloc_mem)
    i.rt_block                               0x00000cf8   Section        0  rt_task.o(i.rt_block)
    i.rt_chk_robin                           0x00000d30   Section        0  rt_robin.o(i.rt_chk_robin)
    i.rt_dec_dly                             0x00000d78   Section        0  rt_list.o(i.rt_dec_dly)
    i.rt_dispatch                            0x00000de8   Section        0  rt_task.o(i.rt_dispatch)
    i.rt_evt_psh                             0x00000e2c   Section        0  rt_event.o(i.rt_evt_psh)
    i.rt_free_box                            0x00000e7c   Section        0  rt_membox.o(i.rt_free_box)
    i.rt_free_mem                            0x00000ea8   Section        0  rt_memory.o(i.rt_free_mem)
    i.rt_get_first                           0x00000ed0   Section        0  rt_list.o(i.rt_get_first)
    rt_id2obj                                0x00000ef9   Thumb Code     8  rt_cmsis.o(i.rt_id2obj)
    i.rt_id2obj                              0x00000ef8   Section        0  rt_cmsis.o(i.rt_id2obj)
    rt_init_context                          0x00000f01   Thumb Code    66  rt_task.o(i.rt_init_context)
    i.rt_init_context                        0x00000f00   Section        0  rt_task.o(i.rt_init_context)
    i.rt_init_mem                            0x00000f48   Section        0  rt_memory.o(i.rt_init_mem)
    i.rt_init_robin                          0x00000f64   Section        0  rt_robin.o(i.rt_init_robin)
    i.rt_init_stack                          0x00000f7c   Section        0  hal_cm.o(i.rt_init_stack)
    i.rt_mbx_check                           0x00000ffc   Section        0  rt_mailbox.o(i.rt_mbx_check)
    i.rt_mbx_init                            0x00001004   Section        0  rt_mailbox.o(i.rt_mbx_init)
    i.rt_mbx_psh                             0x00001020   Section        0  rt_mailbox.o(i.rt_mbx_psh)
    i.rt_mbx_wait                            0x00001110   Section        0  rt_mailbox.o(i.rt_mbx_wait)
    rt_ms2tick                               0x000011c5   Thumb Code    58  rt_cmsis.o(i.rt_ms2tick)
    i.rt_ms2tick                             0x000011c4   Section        0  rt_cmsis.o(i.rt_ms2tick)
    i.rt_mut_release                         0x00001208   Section        0  rt_mutex.o(i.rt_mut_release)
    i.rt_mut_wait                            0x000012e0   Section        0  rt_mutex.o(i.rt_mut_wait)
    i.rt_pop_req                             0x00001358   Section        0  rt_system.o(i.rt_pop_req)
    i.rt_psh_req                             0x000013d4   Section        0  rt_system.o(i.rt_psh_req)
    i.rt_psq_enq                             0x000013f4   Section        0  rt_list.o(i.rt_psq_enq)
    i.rt_put_dly                             0x00001450   Section        0  rt_list.o(i.rt_put_dly)
    i.rt_put_prio                            0x00001498   Section        0  rt_list.o(i.rt_put_prio)
    i.rt_put_rdy_first                       0x000014d0   Section        0  rt_list.o(i.rt_put_rdy_first)
    i.rt_resort_prio                         0x000014e4   Section        0  rt_list.o(i.rt_resort_prio)
    i.rt_ret_val                             0x00001518   Section        0  hal_cm.o(i.rt_ret_val)
    i.rt_ret_val2                            0x0000151e   Section        0  hal_cm.o(i.rt_ret_val2)
    i.rt_rmv_dly                             0x00001526   Section        0  rt_list.o(i.rt_rmv_dly)
    i.rt_rmv_list                            0x00001550   Section        0  rt_list.o(i.rt_rmv_list)
    i.rt_sem_psh                             0x00001580   Section        0  rt_semaphore.o(i.rt_sem_psh)
    i.rt_stk_check                           0x000015b4   Section        0  rt_system.o(i.rt_stk_check)
    i.rt_switch_req                          0x000015d8   Section        0  rt_task.o(i.rt_switch_req)
    i.rt_sys_init                            0x00001600   Section        0  rt_task.o(i.rt_sys_init)
    i.rt_sys_start                           0x000016cc   Section        0  rt_task.o(i.rt_sys_start)
    i.rt_systick                             0x00001744   Section        0  rt_system.o(i.rt_systick)
    rt_tid2ptcb                              0x00001785   Thumb Code    18  rt_cmsis.o(i.rt_tid2ptcb)
    i.rt_tid2ptcb                            0x00001784   Section        0  rt_cmsis.o(i.rt_tid2ptcb)
    rt_timer_insert                          0x00001799   Thumb Code    48  rt_cmsis.o(i.rt_timer_insert)
    i.rt_timer_insert                        0x00001798   Section        0  rt_cmsis.o(i.rt_timer_insert)
    i.rt_tsk_create                          0x000017cc   Section        0  rt_task.o(i.rt_tsk_create)
    i.rt_tsk_delete                          0x00001854   Section        0  rt_task.o(i.rt_tsk_delete)
    i.rt_tsk_prio                            0x000019d0   Section        0  rt_task.o(i.rt_tsk_prio)
    i.rt_tsk_self                            0x00001a4c   Section        0  rt_task.o(i.rt_tsk_self)
    i.svcKernelInitialize                    0x00001a5c   Section        0  rt_cmsis.o(i.svcKernelInitialize)
    i.svcKernelStart                         0x00001acc   Section        0  rt_cmsis.o(i.svcKernelStart)
    i.svcMessageCreate                       0x00001b14   Section        0  rt_cmsis.o(i.svcMessageCreate)
    i.svcMessageGet                          0x00001b38   Section        0  rt_cmsis.o(i.svcMessageGet)
    i.svcThreadCreate                        0x00001b74   Section        0  rt_cmsis.o(i.svcThreadCreate)
    i.svcThreadGetId                         0x00001be0   Section        0  rt_cmsis.o(i.svcThreadGetId)
    i.svcThreadTerminate                     0x00001bfc   Section        0  rt_cmsis.o(i.svcThreadTerminate)
    i.svcTimerCall                           0x00001c34   Section        0  rt_cmsis.o(i.svcTimerCall)
    i.sysTimerTick                           0x00001c4c   Section        0  rt_cmsis.o(i.sysTimerTick)
    __tagsym$$used.2                         0x00001ca8   Number         0  rtx_conf_cm.o(.rodata.CMSIS_RTOS_API_Version)
    __tagsym$$used.3                         0x00001cac   Number         0  rtx_conf_cm.o(.rodata.CMSIS_RTOS_RTX_Version)
    __tagsym$$used.4                         0x00001cb8   Number         0  rtx_conf_cm.o(.rodata.os_clockrate)
    __tagsym$$used.5                         0x00001cf4   Number         0  rtx_conf_cm.o(.rodata.os_timernum)
    .L.str.1                                 0x00001cfc   Data          21  main.o(.rodata.str1.1)
    [Anonymous Symbol]                       0x00001cfc   Section        0  main.o(.rodata.str1.1)
    .L.str                                   0x00001d11   Data          20  main.o(.rodata.str1.1)
    .data                                    0x10000004   Section        8  rt_cmsis.o(.data)
    .data                                    0x1000000c   Section        8  rt_task.o(.data)
    os_lock                                  0x10000014   Data           1  rt_system.o(.data)
    .data                                    0x10000014   Section        8  rt_system.o(.data)
    os_psh_flag                              0x10000015   Data           1  rt_system.o(.data)
    pend_flags                               0x10000016   Data           1  rt_system.o(.data)
    .data                                    0x1000001c   Section        4  rt_time.o(.data)
    .data                                    0x10000020   Section        8  rt_robin.o(.data)
    .data                                    0x10000028   Section        1  hal_cm.o(.data)
    .bss                                     0x10000038   Section       52  rt_task.o(.bss)
    .bss                                     0x1000006c   Section       48  rt_list.o(.bss)
    .bss                                     0x1000009c   Section       96  libspace.o(.bss)
    AD_done                                  0x100000fc   Data           4  adc.o(.bss.AD_done)
    [Anonymous Symbol]                       0x100000fc   Section        0  adc.o(.bss.AD_done)
    AD_lastValue                             0x10000100   Data           4  adc.o(.bss.AD_lastValue)
    [Anonymous Symbol]                       0x10000100   Section        0  adc.o(.bss.AD_lastValue)
    Heap_Mem                                 0x10000a00   Data           0  startup_lpc17xx.o(HEAP)
    Stack_Mem                                0x10000a00   Data         512  startup_lpc17xx.o(STACK)
    HEAP                                     0x10000a00   Section        0  startup_lpc17xx.o(HEAP)
    STACK                                    0x10000a00   Section      512  startup_lpc17xx.o(STACK)
    __initial_sp                             0x10000c00   Data           0  startup_lpc17xx.o(STACK)

    Global Symbols

    Symbol Name                              Value     Ov Type        Size  Object(Section)

    BuildAttributes$$THM_ISAv4$P$D$K$B$S$PE$A:L22UL41UL21$X:L11$S22US41US21$IEEE1$IW$~IW$USESV6$~STKCKD$USESV7$~SHL$OSPACE$ROPI$EBA8$UX$STANDARDLIB$REQ8$PRES8$EABIv2 0x00000000   Number         0  anon$$obj.o ABSOLUTE
    __Vectors                                0x00000000   Data           4  startup_lpc17xx.o(RESET)
    __fp_init_empty                          0x00000000   Number         0  fpinit_empty.o ABSOLUTE
    __ARM_exceptions_init                     - Undefined Weak Reference
    __alloca_initialize                       - Undefined Weak Reference
    __arm_preinit_                            - Undefined Weak Reference
    __arm_relocate_pie_                       - Undefined Weak Reference
    __cpp_initialize__aeabi_                  - Undefined Weak Reference
    __cxa_finalize                            - Undefined Weak Reference
    __rt_locale                               - Undefined Weak Reference
    __sigvec_lookup                           - Undefined Weak Reference
    _atexit_init                              - Undefined Weak Reference
    _call_atexit_fns                          - Undefined Weak Reference
    _clock_init                               - Undefined Weak Reference
    _fp_trap_init                             - Undefined Weak Reference
    _fp_trap_shutdown                         - Undefined Weak Reference
    _get_lc_collate                           - Undefined Weak Reference
    _get_lc_ctype                             - Undefined Weak Reference
    _get_lc_monetary                          - Undefined Weak Reference
    _get_lc_numeric                           - Undefined Weak Reference
    _get_lc_time                              - Undefined Weak Reference
    _getenv_init                              - Undefined Weak Reference
    _handle_redirection                       - Undefined Weak Reference
    _init_alloc                               - Undefined Weak Reference
    _init_user_alloc                          - Undefined Weak Reference
    _initio                                   - Undefined Weak Reference
    _rand_init                                - Undefined Weak Reference
    _signal_finish                            - Undefined Weak Reference
    _signal_init                              - Undefined Weak Reference
    _terminate_alloc                          - Undefined Weak Reference
    _terminate_user_alloc                     - Undefined Weak Reference
    _terminateio                              - Undefined Weak Reference
    __main                                   0x000000cd   Thumb Code     8  __main.o(!!!main)
    __scatterload                            0x000000d5   Thumb Code     0  __scatter.o(!!!scatter)
    __scatterload_rt2                        0x000000d5   Thumb Code    84  __scatter.o(!!!scatter)
    __scatterload_rt2_thumb_only             0x000000d5   Thumb Code     0  __scatter.o(!!!scatter)
    __scatterload_loop                       0x000000df   Thumb Code     0  __scatter.o(!!!scatter)
    __scatterload_copy                       0x00000131   Thumb Code    26  __scatter_copy.o(!!handler_copy)
    __scatterload_null                       0x0000014d   Thumb Code     2  __scatter.o(!!handler_null)
    __scatterload_zeroinit                   0x00000151   Thumb Code    28  __scatter_zi.o(!!handler_zi)
    __rt_lib_init                            0x0000016d   Thumb Code     0  libinit.o(.ARM.Collect$$libinit$$00000000)
    __rt_lib_init_alloca_1                   0x0000016f   Thumb Code     0  libinit2.o(.ARM.Collect$$libinit$$00000030)
    __rt_lib_init_argv_1                     0x0000016f   Thumb Code     0  libinit2.o(.ARM.Collect$$libinit$$0000002E)
    __rt_lib_init_atexit_1                   0x0000016f   Thumb Code     0  libinit2.o(.ARM.Collect$$libinit$$0000001D)
    __rt_lib_init_clock_1                    0x0000016f   Thumb Code     0  libinit2.o(.ARM.Collect$$libinit$$00000023)
    __rt_lib_init_cpp_1                      0x0000016f   Thumb Code     0  libinit2.o(.ARM.Collect$$libinit$$00000034)
    __rt_lib_init_exceptions_1               0x0000016f   Thumb Code     0  libinit2.o(.ARM.Collect$$libinit$$00000032)
    __rt_lib_init_fp_1                       0x0000016f   Thumb Code     0  libinit2.o(.ARM.Collect$$libinit$$00000002)
    __rt_lib_init_fp_trap_1                  0x0000016f   Thumb Code     0  libinit2.o(.ARM.Collect$$libinit$$00000021)
    __rt_lib_init_getenv_1                   0x0000016f   Thumb Code     0  libinit2.o(.ARM.Collect$$libinit$$00000025)
    __rt_lib_init_heap_1                     0x0000016f   Thumb Code     0  libinit2.o(.ARM.Collect$$libinit$$0000000C)
    __rt_lib_init_lc_collate_1               0x0000016f   Thumb Code     0  libinit2.o(.ARM.Collect$$libinit$$00000013)
    __rt_lib_init_lc_ctype_1                 0x0000016f   Thumb Code     0  libinit2.o(.ARM.Collect$$libinit$$00000015)
    __rt_lib_init_lc_monetary_1              0x0000016f   Thumb Code     0  libinit2.o(.ARM.Collect$$libinit$$00000017)
    __rt_lib_init_lc_numeric_1               0x0000016f   Thumb Code     0  libinit2.o(.ARM.Collect$$libinit$$00000019)
    __rt_lib_init_lc_time_1                  0x0000016f   Thumb Code     0  libinit2.o(.ARM.Collect$$libinit$$0000001B)
    __rt_lib_init_preinit_1                  0x0000016f   Thumb Code     0  libinit2.o(.ARM.Collect$$libinit$$00000006)
    __rt_lib_init_rand_1                     0x0000016f   Thumb Code     0  libinit2.o(.ARM.Collect$$libinit$$00000010)
    __rt_lib_init_relocate_pie_1             0x0000016f   Thumb Code     0  libinit2.o(.ARM.Collect$$libinit$$00000004)
    __rt_lib_init_return                     0x0000016f   Thumb Code     0  libinit2.o(.ARM.Collect$$libinit$$00000035)
    __rt_lib_init_signal_1                   0x0000016f   Thumb Code     0  libinit2.o(.ARM.Collect$$libinit$$0000001F)
    __rt_lib_init_stdio_1                    0x0000016f   Thumb Code     0  libinit2.o(.ARM.Collect$$libinit$$00000027)
    __rt_lib_init_user_alloc_1               0x0000016f   Thumb Code     0  libinit2.o(.ARM.Collect$$libinit$$0000000E)
    __rt_lib_shutdown                        0x00000171   Thumb Code     0  libshutdown.o(.ARM.Collect$$libshutdown$$00000000)
    __rt_lib_shutdown_cpp_1                  0x00000173   Thumb Code     0  libshutdown2.o(.ARM.Collect$$libshutdown$$00000002)
    __rt_lib_shutdown_fp_trap_1              0x00000173   Thumb Code     0  libshutdown2.o(.ARM.Collect$$libshutdown$$00000007)
    __rt_lib_shutdown_heap_1                 0x00000173   Thumb Code     0  libshutdown2.o(.ARM.Collect$$libshutdown$$0000000F)
    __rt_lib_shutdown_return                 0x00000173   Thumb Code     0  libshutdown2.o(.ARM.Collect$$libshutdown$$00000010)
    __rt_lib_shutdown_signal_1               0x00000173   Thumb Code     0  libshutdown2.o(.ARM.Collect$$libshutdown$$0000000A)
    __rt_lib_shutdown_stdio_1                0x00000173   Thumb Code     0  libshutdown2.o(.ARM.Collect$$libshutdown$$00000004)
    __rt_lib_shutdown_user_alloc_1           0x00000173   Thumb Code     0  libshutdown2.o(.ARM.Collect$$libshutdown$$0000000C)
    __rt_entry                               0x00000175   Thumb Code     0  __rtentry.o(.ARM.Collect$$rtentry$$00000000)
    __rt_entry_presh_1                       0x00000175   Thumb Code     0  __rtentry2.o(.ARM.Collect$$rtentry$$00000002)
    __rt_entry_sh                            0x00000175   Thumb Code     0  __rtentry4.o(.ARM.Collect$$rtentry$$00000004)
    __rt_entry_li                            0x0000017b   Thumb Code     0  __rtentry2.o(.ARM.Collect$$rtentry$$0000000A)
    __rt_entry_postsh_1                      0x0000017b   Thumb Code     0  __rtentry2.o(.ARM.Collect$$rtentry$$00000009)
    __rt_entry_postli_1                      0x0000017f   Thumb Code     0  __rtentry2.o(.ARM.Collect$$rtentry$$0000000B)
    __rt_entry_main                          0x00000187   Thumb Code     0  __rtentry2.o(.ARM.Collect$$rtentry$$0000000D)
    __rt_exit                                0x0000018f   Thumb Code     0  rtexit.o(.ARM.Collect$$rtexit$$00000000)
    __rt_exit_ls                             0x00000191   Thumb Code     0  rtexit2.o(.ARM.Collect$$rtexit$$00000003)
    __rt_exit_prels_1                        0x00000191   Thumb Code     0  rtexit2.o(.ARM.Collect$$rtexit$$00000002)
    __rt_exit_exit                           0x00000195   Thumb Code     0  rtexit2.o(.ARM.Collect$$rtexit$$00000004)
    rt_set_PSP                               0x0000019d   Thumb Code     6  hal_cm3.o(.emb_text)
    rt_get_PSP                               0x000001a3   Thumb Code     6  hal_cm3.o(.emb_text)
    os_set_env                               0x000001a9   Thumb Code    24  hal_cm3.o(.emb_text)
    _alloc_box                               0x000001c5   Thumb Code    28  hal_cm3.o(.emb_text)
    _free_box                                0x000001e5   Thumb Code    28  hal_cm3.o(.emb_text)
    SVC_Handler                              0x00000205   Thumb Code   108  hal_cm3.o(.emb_text)
    PendSV_Handler                           0x0000027d   Thumb Code    56  hal_cm3.o(.emb_text)
    SysTick_Handler                          0x000002b9   Thumb Code     8  hal_cm3.o(.emb_text)
    OS_Tick_Handler                          0x000002c1   Thumb Code    12  hal_cm3.o(.emb_text)
    __user_libspace                          0x000002cd   Thumb Code     8  libspace.o(.text)
    __user_perproc_libspace                  0x000002cd   Thumb Code     0  libspace.o(.text)
    __use_two_region_memory                  0x000002d5   Thumb Code     2  heapauxi.o(.text)
    __rt_heap_escrow$2region                 0x000002d7   Thumb Code     2  heapauxi.o(.text)
    __rt_heap_expand$2region                 0x000002d9   Thumb Code     2  heapauxi.o(.text)
    exit                                     0x000002db   Thumb Code    18  exit.o(.text)
    _sys_exit                                0x000002ed   Thumb Code     8  sys_exit.o(.text)
    __I$use$semihosting                      0x000002f9   Thumb Code     0  use_no_semi.o(.text)
    __use_no_semihosting_swi                 0x000002f9   Thumb Code     2  use_no_semi.o(.text)
    __semihosting_library_function           0x000002fb   Thumb Code     0  indicate_semi.o(.text)
    os_tick_irqack                           0x000002fb   Thumb Code     2  rt_system.o(i.os_tick_irqack)
    Reset_Handler                            0x00000301   Thumb Code     8  startup_lpc17xx.o(.text)
    NMI_Handler                              0x00000309   Thumb Code     2  startup_lpc17xx.o(.text)
    HardFault_Handler                        0x0000030b   Thumb Code     2  startup_lpc17xx.o(.text)
    MemManage_Handler                        0x0000030d   Thumb Code     2  startup_lpc17xx.o(.text)
    BusFault_Handler                         0x0000030f   Thumb Code     2  startup_lpc17xx.o(.text)
    UsageFault_Handler                       0x00000311   Thumb Code     2  startup_lpc17xx.o(.text)
    DebugMon_Handler                         0x00000315   Thumb Code     2  startup_lpc17xx.o(.text)
    BOD_IRQHandler                           0x0000031b   Thumb Code     0  startup_lpc17xx.o(.text)
    CANActivity_IRQHandler                   0x0000031b   Thumb Code     0  startup_lpc17xx.o(.text)
    CAN_IRQHandler                           0x0000031b   Thumb Code     0  startup_lpc17xx.o(.text)
    DMA_IRQHandler                           0x0000031b   Thumb Code     0  startup_lpc17xx.o(.text)
    EINT0_IRQHandler                         0x0000031b   Thumb Code     0  startup_lpc17xx.o(.text)
    EINT1_IRQHandler                         0x0000031b   Thumb Code     0  startup_lpc17xx.o(.text)
    EINT2_IRQHandler                         0x0000031b   Thumb Code     0  startup_lpc17xx.o(.text)
    EINT3_IRQHandler                         0x0000031b   Thumb Code     0  startup_lpc17xx.o(.text)
    ENET_IRQHandler                          0x0000031b   Thumb Code     0  startup_lpc17xx.o(.text)
    I2C0_IRQHandler                          0x0000031b   Thumb Code     0  startup_lpc17xx.o(.text)
    I2C1_IRQHandler                          0x0000031b   Thumb Code     0  startup_lpc17xx.o(.text)
    I2C2_IRQHandler                          0x0000031b   Thumb Code     0  startup_lpc17xx.o(.text)
    I2S_IRQHandler                           0x0000031b   Thumb Code     0  startup_lpc17xx.o(.text)
    MCPWM_IRQHandler                         0x0000031b   Thumb Code     0  startup_lpc17xx.o(.text)
    PLL0_IRQHandler                          0x0000031b   Thumb Code     0  startup_lpc17xx.o(.text)
    PLL1_IRQHandler                          0x0000031b   Thumb Code     0  startup_lpc17xx.o(.text)
    PWM1_IRQHandler                          0x0000031b   Thumb Code     0  startup_lpc17xx.o(.text)
    QEI_IRQHandler                           0x0000031b   Thumb Code     0  startup_lpc17xx.o(.text)
    RIT_IRQHandler                           0x0000031b   Thumb Code     0  startup_lpc17xx.o(.text)
    RTC_IRQHandler                           0x0000031b   Thumb Code     0  startup_lpc17xx.o(.text)
    SPI_IRQHandler                           0x0000031b   Thumb Code     0  startup_lpc17xx.o(.text)
    SSP0_IRQHandler                          0x0000031b   Thumb Code     0  startup_lpc17xx.o(.text)
    SSP1_IRQHandler                          0x0000031b   Thumb Code     0  startup_lpc17xx.o(.text)
    TIMER0_IRQHandler                        0x0000031b   Thumb Code     0  startup_lpc17xx.o(.text)
    TIMER1_IRQHandler                        0x0000031b   Thumb Code     0  startup_lpc17xx.o(.text)
    TIMER2_IRQHandler                        0x0000031b   Thumb Code     0  startup_lpc17xx.o(.text)
    TIMER3_IRQHandler                        0x0000031b   Thumb Code     0  startup_lpc17xx.o(.text)
    UART1_IRQHandler                         0x0000031b   Thumb Code     0  startup_lpc17xx.o(.text)
    UART2_IRQHandler                         0x0000031b   Thumb Code     0  startup_lpc17xx.o(.text)
    UART3_IRQHandler                         0x0000031b   Thumb Code     0  startup_lpc17xx.o(.text)
    USBActivity_IRQHandler                   0x0000031b   Thumb Code     0  startup_lpc17xx.o(.text)
    USB_IRQHandler                           0x0000031b   Thumb Code     0  startup_lpc17xx.o(.text)
    WDT_IRQHandler                           0x0000031b   Thumb Code     0  startup_lpc17xx.o(.text)
    __user_initial_stackheap                 0x0000031d   Thumb Code     0  startup_lpc17xx.o(.text)
    __user_setup_stackheap                   0x0000033d   Thumb Code    74  sys_stackheap_outer.o(.text)
    ADC_IRQHandler                           0x00000389   Thumb Code    54  adc.o(.text.ADC_IRQHandler)
    LedInitialize                            0x000003c1   Thumb Code    44  led.o(.text.LedInitialize)
    LedOff                                   0x000003ed   Thumb Code   148  led.o(.text.LedOff)
    LedOn                                    0x00000481   Thumb Code   148  led.o(.text.LedOn)
    __RL_RTX_VER                             0x00000482   Number         0  rt_system.o ABSOLUTE
    SystemInit                               0x00000515   Thumb Code   388  system_lpc17xx.o(.text.SystemInit)
    UART0_IRQHandler                         0x00000699   Thumb Code   142  uart.o(.text.UART0_IRQHandler)
    UART_Initialize                          0x00000729   Thumb Code   164  uart.o(.text.UART_Initialize)
    UART_Send                                0x000007cd   Thumb Code    76  uart.o(.text.UART_Send)
    _mutex_acquire                           0x00000849   Thumb Code    70  rtx_conf_cm.o(.text._mutex_acquire)
    _mutex_release                           0x00000891   Thumb Code    54  rtx_conf_cm.o(.text._mutex_release)
    _platform_post_lib_init                  0x000008c9   Thumb Code    26  rtx_conf_cm.o(.text._platform_post_lib_init)
    main                                     0x000008e5   Thumb Code   220  main.o(.text.main)
    os_error                                 0x000009c1   Thumb Code    40  rtx_conf_cm.o(.text.os_error)
    os_idle_demon                            0x000009e9   Thumb Code     4  rtx_conf_cm.o(.text.os_idle_demon)
    SVC_Count                                0x000009ec   Data           4  svc_table.o(SVC_TABLE)
    SVC_Table                                0x000009f0   Data           0  svc_table.o(SVC_TABLE)
    _init_box                                0x000009f1   Thumb Code    70  rt_membox.o(i._init_box)
    dbg_init                                 0x00000a39   Thumb Code    34  hal_cm.o(i.dbg_init)
    dbg_task_notify                          0x00000a69   Thumb Code    32  hal_cm.o(i.dbg_task_notify)
    dbg_task_switch                          0x00000a89   Thumb Code    16  hal_cm.o(i.dbg_task_switch)
    isrMessageGet                            0x00000a99   Thumb Code    42  rt_cmsis.o(i.isrMessageGet)
    isrMessagePut                            0x00000ac3   Thumb Code    44  rt_cmsis.o(i.isrMessagePut)
    isr_mbx_receive                          0x00000af1   Thumb Code    86  rt_mailbox.o(i.isr_mbx_receive)
    isr_mbx_send                             0x00000b47   Thumb Code    14  rt_mailbox.o(i.isr_mbx_send)
    osKernelInitialize                       0x00000b55   Thumb Code    30  rt_cmsis.o(i.osKernelInitialize)
    osKernelStart                            0x00000b79   Thumb Code    98  rt_cmsis.o(i.osKernelStart)
    osMessageGet                             0x00000be5   Thumb Code    18  rt_cmsis.o(i.osMessageGet)
    osThreadCreate                           0x00000bfd   Thumb Code    36  rt_cmsis.o(i.osThreadCreate)
    osThreadExit                             0x00000c29   Thumb Code    14  rt_cmsis.o(i.osThreadExit)
    osTimerCall                              0x00000c41   Thumb Code     8  rt_cmsis.o(i.osTimerCall)
    osTimerThread                            0x00000c4d   Thumb Code    38  rt_cmsis.o(i.osTimerThread)
    os_tick_init                             0x00000c79   Thumb Code    32  rt_system.o(i.os_tick_init)
    rt_alloc_box                             0x00000ca1   Thumb Code    26  rt_membox.o(i.rt_alloc_box)
    rt_alloc_mem                             0x00000cbb   Thumb Code    62  rt_memory.o(i.rt_alloc_mem)
    rt_block                                 0x00000cf9   Thumb Code    48  rt_task.o(i.rt_block)
    rt_chk_robin                             0x00000d31   Thumb Code    60  rt_robin.o(i.rt_chk_robin)
    rt_dec_dly                               0x00000d79   Thumb Code   102  rt_list.o(i.rt_dec_dly)
    rt_dispatch                              0x00000de9   Thumb Code    60  rt_task.o(i.rt_dispatch)
    rt_evt_psh                               0x00000e2d   Thumb Code    76  rt_event.o(i.rt_evt_psh)
    rt_free_box                              0x00000e7d   Thumb Code    44  rt_membox.o(i.rt_free_box)
    rt_free_mem                              0x00000ea9   Thumb Code    40  rt_memory.o(i.rt_free_mem)
    rt_get_first                             0x00000ed1   Thumb Code    40  rt_list.o(i.rt_get_first)
    rt_init_mem                              0x00000f49   Thumb Code    26  rt_memory.o(i.rt_init_mem)
    rt_init_robin                            0x00000f65   Thumb Code    14  rt_robin.o(i.rt_init_robin)
    rt_init_stack                            0x00000f7d   Thumb Code   118  hal_cm.o(i.rt_init_stack)
    rt_mbx_check                             0x00000ffd   Thumb Code     8  rt_mailbox.o(i.rt_mbx_check)
    rt_mbx_init                              0x00001005   Thumb Code    26  rt_mailbox.o(i.rt_mbx_init)
    rt_mbx_psh                               0x00001021   Thumb Code   236  rt_mailbox.o(i.rt_mbx_psh)
    rt_mbx_wait                              0x00001111   Thumb Code   174  rt_mailbox.o(i.rt_mbx_wait)
    rt_mut_release                           0x00001209   Thumb Code   208  rt_mutex.o(i.rt_mut_release)
    rt_mut_wait                              0x000012e1   Thumb Code   114  rt_mutex.o(i.rt_mut_wait)
    rt_pop_req                               0x00001359   Thumb Code   112  rt_system.o(i.rt_pop_req)
    rt_psh_req                               0x000013d5   Thumb Code    22  rt_system.o(i.rt_psh_req)
    rt_psq_enq                               0x000013f5   Thumb Code    88  rt_list.o(i.rt_psq_enq)
    rt_put_dly                               0x00001451   Thumb Code    68  rt_list.o(i.rt_put_dly)
    rt_put_prio                              0x00001499   Thumb Code    54  rt_list.o(i.rt_put_prio)
    rt_put_rdy_first                         0x000014d1   Thumb Code    14  rt_list.o(i.rt_put_rdy_first)
    rt_resort_prio                           0x000014e5   Thumb Code    46  rt_list.o(i.rt_resort_prio)
    rt_ret_val                               0x00001519   Thumb Code     6  hal_cm.o(i.rt_ret_val)
    rt_ret_val2                              0x0000151f   Thumb Code     8  hal_cm.o(i.rt_ret_val2)
    rt_rmv_dly                               0x00001527   Thumb Code    40  rt_list.o(i.rt_rmv_dly)
    rt_rmv_list                              0x00001551   Thumb Code    44  rt_list.o(i.rt_rmv_list)
    rt_sem_psh                               0x00001581   Thumb Code    48  rt_semaphore.o(i.rt_sem_psh)
    rt_stk_check                             0x000015b5   Thumb Code    28  rt_system.o(i.rt_stk_check)
    rt_switch_req                            0x000015d9   Thumb Code    30  rt_task.o(i.rt_switch_req)
    rt_sys_init                              0x00001601   Thumb Code   138  rt_task.o(i.rt_sys_init)
    rt_sys_start                             0x000016cd   Thumb Code   110  rt_task.o(i.rt_sys_start)
    rt_systick                               0x00001745   Thumb Code    50  rt_system.o(i.rt_systick)
    rt_tsk_create                            0x000017cd   Thumb Code   118  rt_task.o(i.rt_tsk_create)
    rt_tsk_delete                            0x00001855   Thumb Code   352  rt_task.o(i.rt_tsk_delete)
    rt_tsk_prio                              0x000019d1   Thumb Code   108  rt_task.o(i.rt_tsk_prio)
    rt_tsk_self                              0x00001a4d   Thumb Code    12  rt_task.o(i.rt_tsk_self)
    svcKernelInitialize                      0x00001a5d   Thumb Code    80  rt_cmsis.o(i.svcKernelInitialize)
    svcKernelStart                           0x00001acd   Thumb Code    62  rt_cmsis.o(i.svcKernelStart)
    svcMessageCreate                         0x00001b15   Thumb Code    36  rt_cmsis.o(i.svcMessageCreate)
    svcMessageGet                            0x00001b39   Thumb Code    58  rt_cmsis.o(i.svcMessageGet)
    svcThreadCreate                          0x00001b75   Thumb Code    96  rt_cmsis.o(i.svcThreadCreate)
    svcThreadGetId                           0x00001be1   Thumb Code    22  rt_cmsis.o(i.svcThreadGetId)
    svcThreadTerminate                       0x00001bfd   Thumb Code    50  rt_cmsis.o(i.svcThreadTerminate)
    svcTimerCall                             0x00001c35   Thumb Code    24  rt_cmsis.o(i.svcTimerCall)
    sysTimerTick                             0x00001c4d   Thumb Code    84  rt_cmsis.o(i.sysTimerTick)
    CMSIS_RTOS_API_Version                   0x00001ca8   Data           4  rtx_conf_cm.o(.rodata.CMSIS_RTOS_API_Version)
    CMSIS_RTOS_RTX_Version                   0x00001cac   Data           4  rtx_conf_cm.o(.rodata.CMSIS_RTOS_RTX_Version)
    mp_stk_size                              0x00001cb0   Data           4  rtx_conf_cm.o(.rodata.mp_stk_size)
    mp_tcb_size                              0x00001cb4   Data           2  rtx_conf_cm.o(.rodata.mp_tcb_size)
    mp_tmr_size                              0x00001cb6   Data           2  rtx_conf_cm.o(.rodata.mp_tmr_size)
    os_clockrate                             0x00001cb8   Data           4  rtx_conf_cm.o(.rodata.os_clockrate)
    os_fifo_size                             0x00001cbc   Data           1  rtx_conf_cm.o(.rodata.os_fifo_size)
    os_flags                                 0x00001cbd   Data           1  rtx_conf_cm.o(.rodata.os_flags)
    os_maxtaskrun                            0x00001cbe   Data           2  rtx_conf_cm.o(.rodata.os_maxtaskrun)
    os_messageQ_def_osTimerMessageQ          0x00001cc0   Data           8  rtx_conf_cm.o(.rodata.os_messageQ_def_osTimerMessageQ)
    os_rrobin                                0x00001cc8   Data           4  rtx_conf_cm.o(.rodata.os_rrobin)
    os_stack_sz                              0x00001ccc   Data           4  rtx_conf_cm.o(.rodata.os_stack_sz)
    os_stackinfo                             0x00001cd0   Data           4  rtx_conf_cm.o(.rodata.os_stackinfo)
    os_thread_def_main                       0x00001cd4   Data          16  rtx_conf_cm.o(.rodata.os_thread_def_main)
    os_thread_def_osTimerThread              0x00001ce4   Data          16  rtx_conf_cm.o(.rodata.os_thread_def_osTimerThread)
    os_timernum                              0x00001cf4   Data           4  rtx_conf_cm.o(.rodata.os_timernum)
    os_trv                                   0x00001cf8   Data           4  rtx_conf_cm.o(.rodata.os_trv)
    Region$$Table$$Base                      0x00001d28   Number         0  anon$$obj.o(Region$$Table)
    Region$$Table$$Limit                     0x00001d48   Number         0  anon$$obj.o(Region$$Table)
    __ARM_use_no_argv                        0x10000000   Data           4  main.o(.ARM.use_no_argv)
    os_initialized                           0x10000004   Data           1  rt_cmsis.o(.data)
    os_running                               0x10000005   Data           1  rt_cmsis.o(.data)
    os_timer_head                            0x10000008   Data           4  rt_cmsis.o(.data)
    os_tsk                                   0x1000000c   Data           8  rt_task.o(.data)
    os_tick_irqn                             0x10000018   Data           4  rt_system.o(.data)
    os_time                                  0x1000001c   Data           4  rt_time.o(.data)
    os_robin                                 0x10000020   Data           8  rt_robin.o(.data)
    dbg_msg                                  0x10000028   Data           1  hal_cm.o(.data)
    SystemCoreClock                          0x1000002c   Data           4  system_lpc17xx.o(.data.SystemCoreClock)
    UART_TX_Is_Empty                         0x10000030   Data           1  uart.o(.data.UART_TX_Is_Empty)
    os_idle_TCB                              0x10000038   Data          52  rt_task.o(.bss)
    os_rdy                                   0x1000006c   Data          24  rt_list.o(.bss)
    os_dly                                   0x10000084   Data          24  rt_list.o(.bss)
    __libspace_start                         0x1000009c   Data          96  libspace.o(.bss)
    __temporary_stack_top$libspace           0x100000fc   Data           0  libspace.o(.bss)
    UART_Buffer                              0x10000104   Data          64  uart.o(.bss.UART_Buffer)
    UART_Buffer_Count                        0x10000144   Data           4  uart.o(.bss.UART_Buffer_Count)
    m_tmr                                    0x10000148   Data           4  rtx_conf_cm.o(.bss.m_tmr)
    mp_stk                                   0x10000150   Data        1216  rtx_conf_cm.o(.bss.mp_stk)
    mp_tcb                                   0x10000610   Data         376  rtx_conf_cm.o(.bss.mp_tcb)
    osMessageQId_osTimerMessageQ             0x10000788   Data           4  rtx_conf_cm.o(.bss.osMessageQId_osTimerMessageQ)
    osThreadId_osTimerThread                 0x1000078c   Data           4  rtx_conf_cm.o(.bss.osThreadId_osTimerThread)
    os_active_TCB                            0x10000790   Data          28  rtx_conf_cm.o(.bss.os_active_TCB)
    os_fifo                                  0x100007ac   Data         132  rtx_conf_cm.o(.bss.os_fifo)
    os_messageQ_q_osTimerMessageQ            0x10000830   Data          32  rtx_conf_cm.o(.bss.os_messageQ_q_osTimerMessageQ)
    os_stack_mem                             0x10000850   Data         432  rtx_conf_cm.o(.bss.os_stack_mem)



==============================================================================

Memory Map of the image

  Image Entry point : 0x00000301

  Load Region LR_1 (Base: 0x00000000, Size: 0x00001d7c, Max: 0xffffffff, ABSOLUTE)

    Execution Region ER_RO (Exec base: 0x00000000, Load base: 0x00000000, Size: 0x00001d48, Max: 0xffffffff, ABSOLUTE)

    Exec Addr    Load Addr    Size         Type   Attr      Idx    E Section Name        Object

    0x00000000   0x00000000   0x000000cc   Data   RO          138    RESET               startup_lpc17xx.o
    0x000000cc   0x000000cc   0x00000008   Code   RO         1381  * !!!main             c_w.l(__main.o)
    0x000000d4   0x000000d4   0x0000005c   Code   RO         1552    !!!scatter          c_w.l(__scatter.o)
    0x00000130   0x00000130   0x0000001a   Code   RO         1556    !!handler_copy      c_w.l(__scatter_copy.o)
    0x0000014a   0x0000014a   0x00000002   PAD
    0x0000014c   0x0000014c   0x00000002   Code   RO         1553    !!handler_null      c_w.l(__scatter.o)
    0x0000014e   0x0000014e   0x00000002   PAD
    0x00000150   0x00000150   0x0000001c   Code   RO         1558    !!handler_zi        c_w.l(__scatter_zi.o)
    0x0000016c   0x0000016c   0x00000002   Code   RO         1417    .ARM.Collect$$libinit$$00000000  c_w.l(libinit.o)
    0x0000016e   0x0000016e   0x00000000   Code   RO         1427    .ARM.Collect$$libinit$$00000002  c_w.l(libinit2.o)
    0x0000016e   0x0000016e   0x00000000   Code   RO         1429    .ARM.Collect$$libinit$$00000004  c_w.l(libinit2.o)
    0x0000016e   0x0000016e   0x00000000   Code   RO         1431    .ARM.Collect$$libinit$$00000006  c_w.l(libinit2.o)
    0x0000016e   0x0000016e   0x00000000   Code   RO         1434    .ARM.Collect$$libinit$$0000000C  c_w.l(libinit2.o)
    0x0000016e   0x0000016e   0x00000000   Code   RO         1436    .ARM.Collect$$libinit$$0000000E  c_w.l(libinit2.o)
    0x0000016e   0x0000016e   0x00000000   Code   RO         1438    .ARM.Collect$$libinit$$00000010  c_w.l(libinit2.o)
    0x0000016e   0x0000016e   0x00000000   Code   RO         1441    .ARM.Collect$$libinit$$00000013  c_w.l(libinit2.o)
    0x0000016e   0x0000016e   0x00000000   Code   RO         1443    .ARM.Collect$$libinit$$00000015  c_w.l(libinit2.o)
    0x0000016e   0x0000016e   0x00000000   Code   RO         1445    .ARM.Collect$$libinit$$00000017  c_w.l(libinit2.o)
    0x0000016e   0x0000016e   0x00000000   Code   RO         1447    .ARM.Collect$$libinit$$00000019  c_w.l(libinit2.o)
    0x0000016e   0x0000016e   0x00000000   Code   RO         1449    .ARM.Collect$$libinit$$0000001B  c_w.l(libinit2.o)
    0x0000016e   0x0000016e   0x00000000   Code   RO         1451    .ARM.Collect$$libinit$$0000001D  c_w.l(libinit2.o)
    0x0000016e   0x0000016e   0x00000000   Code   RO         1453    .ARM.Collect$$libinit$$0000001F  c_w.l(libinit2.o)
    0x0000016e   0x0000016e   0x00000000   Code   RO         1455    .ARM.Collect$$libinit$$00000021  c_w.l(libinit2.o)
    0x0000016e   0x0000016e   0x00000000   Code   RO         1457    .ARM.Collect$$libinit$$00000023  c_w.l(libinit2.o)
    0x0000016e   0x0000016e   0x00000000   Code   RO         1459    .ARM.Collect$$libinit$$00000025  c_w.l(libinit2.o)
    0x0000016e   0x0000016e   0x00000000   Code   RO         1461    .ARM.Collect$$libinit$$00000027  c_w.l(libinit2.o)
    0x0000016e   0x0000016e   0x00000000   Code   RO         1465    .ARM.Collect$$libinit$$0000002E  c_w.l(libinit2.o)
    0x0000016e   0x0000016e   0x00000000   Code   RO         1467    .ARM.Collect$$libinit$$00000030  c_w.l(libinit2.o)
    0x0000016e   0x0000016e   0x00000000   Code   RO         1469    .ARM.Collect$$libinit$$00000032  c_w.l(libinit2.o)
    0x0000016e   0x0000016e   0x00000000   Code   RO         1471    .ARM.Collect$$libinit$$00000034  c_w.l(libinit2.o)
    0x0000016e   0x0000016e   0x00000002   Code   RO         1472    .ARM.Collect$$libinit$$00000035  c_w.l(libinit2.o)
    0x00000170   0x00000170   0x00000002   Code   RO         1507    .ARM.Collect$$libshutdown$$00000000  c_w.l(libshutdown.o)
    0x00000172   0x00000172   0x00000000   Code   RO         1535    .ARM.Collect$$libshutdown$$00000002  c_w.l(libshutdown2.o)
    0x00000172   0x00000172   0x00000000   Code   RO         1537    .ARM.Collect$$libshutdown$$00000004  c_w.l(libshutdown2.o)
    0x00000172   0x00000172   0x00000000   Code   RO         1540    .ARM.Collect$$libshutdown$$00000007  c_w.l(libshutdown2.o)
    0x00000172   0x00000172   0x00000000   Code   RO         1543    .ARM.Collect$$libshutdown$$0000000A  c_w.l(libshutdown2.o)
    0x00000172   0x00000172   0x00000000   Code   RO         1545    .ARM.Collect$$libshutdown$$0000000C  c_w.l(libshutdown2.o)
    0x00000172   0x00000172   0x00000000   Code   RO         1548    .ARM.Collect$$libshutdown$$0000000F  c_w.l(libshutdown2.o)
    0x00000172   0x00000172   0x00000002   Code   RO         1549    .ARM.Collect$$libshutdown$$00000010  c_w.l(libshutdown2.o)
    0x00000174   0x00000174   0x00000000   Code   RO         1383    .ARM.Collect$$rtentry$$00000000  c_w.l(__rtentry.o)
    0x00000174   0x00000174   0x00000000   Code   RO         1389    .ARM.Collect$$rtentry$$00000002  c_w.l(__rtentry2.o)
    0x00000174   0x00000174   0x00000006   Code   RO         1401    .ARM.Collect$$rtentry$$00000004  c_w.l(__rtentry4.o)
    0x0000017a   0x0000017a   0x00000000   Code   RO         1391    .ARM.Collect$$rtentry$$00000009  c_w.l(__rtentry2.o)
    0x0000017a   0x0000017a   0x00000004   Code   RO         1392    .ARM.Collect$$rtentry$$0000000A  c_w.l(__rtentry2.o)
    0x0000017e   0x0000017e   0x00000008   Code   RO         1393    .ARM.Collect$$rtentry$$0000000B  c_w.l(__rtentry2.o)
    0x00000186   0x00000186   0x00000008   Code   RO         1395    .ARM.Collect$$rtentry$$0000000D  c_w.l(__rtentry2.o)
    0x0000018e   0x0000018e   0x00000002   Code   RO         1418    .ARM.Collect$$rtexit$$00000000  c_w.l(rtexit.o)
    0x00000190   0x00000190   0x00000000   Code   RO         1478    .ARM.Collect$$rtexit$$00000002  c_w.l(rtexit2.o)
    0x00000190   0x00000190   0x00000004   Code   RO         1479    .ARM.Collect$$rtexit$$00000003  c_w.l(rtexit2.o)
    0x00000194   0x00000194   0x00000006   Code   RO         1480    .ARM.Collect$$rtexit$$00000004  c_w.l(rtexit2.o)
    0x0000019a   0x0000019a   0x00000002   PAD
    0x0000019c   0x0000019c   0x00000130   Code   RO         1359    .emb_text           RTX_CM3.lib(hal_cm3.o)
    0x000002cc   0x000002cc   0x00000008   Code   RO         1374    .text               c_w.l(libspace.o)
    0x000002d4   0x000002d4   0x00000006   Code   RO         1379    .text               c_w.l(heapauxi.o)
    0x000002da   0x000002da   0x00000012   Code   RO         1407    .text               c_w.l(exit.o)
    0x000002ec   0x000002ec   0x0000000c   Code   RO         1473    .text               c_w.l(sys_exit.o)
    0x000002f8   0x000002f8   0x00000002   Code   RO         1496    .text               c_w.l(use_no_semi.o)
    0x000002fa   0x000002fa   0x00000000   Code   RO         1498    .text               c_w.l(indicate_semi.o)
    0x000002fa   0x000002fa   0x00000002   Code   RO          906    i.os_tick_irqack    RTX_CM3.lib(rt_system.o)
    0x000002fc   0x000002fc   0x00000004   Code   RO          139    .ARM.__at_0x02FC    startup_lpc17xx.o
    0x00000300   0x00000300   0x0000003c   Code   RO          140  * .text               startup_lpc17xx.o
    0x0000033c   0x0000033c   0x0000004a   Code   RO         1405    .text               c_w.l(sys_stackheap_outer.o)
    0x00000386   0x00000386   0x00000002   PAD
    0x00000388   0x00000388   0x00000036   Code   RO           31    .text.ADC_IRQHandler  adc.o
    0x000003be   0x000003be   0x00000002   PAD
    0x000003c0   0x000003c0   0x0000002c   Code   RO           14    .text.LedInitialize  led.o
    0x000003ec   0x000003ec   0x00000094   Code   RO           18    .text.LedOff        led.o
    0x00000480   0x00000480   0x00000094   Code   RO           16    .text.LedOn         led.o
    0x00000514   0x00000514   0x00000184   Code   RO          151    .text.SystemInit    system_lpc17xx.o
    0x00000698   0x00000698   0x0000008e   Code   RO           52    .text.UART0_IRQHandler  uart.o
    0x00000726   0x00000726   0x00000002   PAD
    0x00000728   0x00000728   0x000000a4   Code   RO           48    .text.UART_Initialize  uart.o
    0x000007cc   0x000007cc   0x0000004c   Code   RO           54    .text.UART_Send     uart.o
    0x00000818   0x00000818   0x00000030   Code   RO           50    .text.__NVIC_EnableIRQ  uart.o
    0x00000848   0x00000848   0x00000046   Code   RO           84    .text._mutex_acquire  rtx_conf_cm.o
    0x0000088e   0x0000088e   0x00000002   PAD
    0x00000890   0x00000890   0x00000036   Code   RO           86    .text._mutex_release  rtx_conf_cm.o
    0x000008c6   0x000008c6   0x00000002   PAD
    0x000008c8   0x000008c8   0x0000001a   Code   RO           94    .text._platform_post_lib_init  rtx_conf_cm.o
    0x000008e2   0x000008e2   0x00000002   PAD
    0x000008e4   0x000008e4   0x000000dc   Code   RO           66    .text.main          main.o
    0x000009c0   0x000009c0   0x00000028   Code   RO           78    .text.os_error      rtx_conf_cm.o
    0x000009e8   0x000009e8   0x00000004   Code   RO           76    .text.os_idle_demon  rtx_conf_cm.o
    0x000009ec   0x000009ec   0x00000004   Code   RO         1369    SVC_TABLE           RTX_CM3.lib(svc_table.o)
    0x000009f0   0x000009f0   0x00000046   Code   RO         1258    i._init_box         RTX_CM3.lib(rt_membox.o)
    0x00000a36   0x00000a36   0x00000002   PAD
    0x00000a38   0x00000a38   0x00000030   Code   RO         1311    i.dbg_init          RTX_CM3.lib(hal_cm.o)
    0x00000a68   0x00000a68   0x00000020   Code   RO         1312    i.dbg_task_notify   RTX_CM3.lib(hal_cm.o)
    0x00000a88   0x00000a88   0x00000010   Code   RO         1313    i.dbg_task_switch   RTX_CM3.lib(hal_cm.o)
    0x00000a98   0x00000a98   0x0000002a   Code   RO          163    i.isrMessageGet     RTX_CM3.lib(rt_cmsis.o)
    0x00000ac2   0x00000ac2   0x0000002c   Code   RO          164    i.isrMessagePut     RTX_CM3.lib(rt_cmsis.o)
    0x00000aee   0x00000aee   0x00000002   PAD
    0x00000af0   0x00000af0   0x00000056   Code   RO         1113    i.isr_mbx_receive   RTX_CM3.lib(rt_mailbox.o)
    0x00000b46   0x00000b46   0x0000000e   Code   RO         1114    i.isr_mbx_send      RTX_CM3.lib(rt_mailbox.o)
    0x00000b54   0x00000b54   0x00000024   Code   RO          168    i.osKernelInitialize  RTX_CM3.lib(rt_cmsis.o)
    0x00000b78   0x00000b78   0x0000006c   Code   RO          170    i.osKernelStart     RTX_CM3.lib(rt_cmsis.o)
    0x00000be4   0x00000be4   0x00000018   Code   RO          179    i.osMessageGet      RTX_CM3.lib(rt_cmsis.o)
    0x00000bfc   0x00000bfc   0x0000002c   Code   RO          196    i.osThreadCreate    RTX_CM3.lib(rt_cmsis.o)
    0x00000c28   0x00000c28   0x00000018   Code   RO          197    i.osThreadExit      RTX_CM3.lib(rt_cmsis.o)
    0x00000c40   0x00000c40   0x0000000c   Code   RO          203    i.osTimerCall       RTX_CM3.lib(rt_cmsis.o)
    0x00000c4c   0x00000c4c   0x0000002c   Code   RO          208    i.osTimerThread     RTX_CM3.lib(rt_cmsis.o)
    0x00000c78   0x00000c78   0x00000028   Code   RO          905    i.os_tick_init      RTX_CM3.lib(rt_system.o)
    0x00000ca0   0x00000ca0   0x0000001a   Code   RO         1259    i.rt_alloc_box      RTX_CM3.lib(rt_membox.o)
    0x00000cba   0x00000cba   0x0000003e   Code   RO         1287    i.rt_alloc_mem      RTX_CM3.lib(rt_memory.o)
    0x00000cf8   0x00000cf8   0x00000038   Code   RO          786    i.rt_block          RTX_CM3.lib(rt_task.o)
    0x00000d30   0x00000d30   0x00000048   Code   RO         1236    i.rt_chk_robin      RTX_CM3.lib(rt_robin.o)
    0x00000d78   0x00000d78   0x00000070   Code   RO         1037    i.rt_dec_dly        RTX_CM3.lib(rt_list.o)
    0x00000de8   0x00000de8   0x00000044   Code   RO          787    i.rt_dispatch       RTX_CM3.lib(rt_task.o)
    0x00000e2c   0x00000e2c   0x00000050   Code   RO          998    i.rt_evt_psh        RTX_CM3.lib(rt_event.o)
    0x00000e7c   0x00000e7c   0x0000002c   Code   RO         1260    i.rt_free_box       RTX_CM3.lib(rt_membox.o)
    0x00000ea8   0x00000ea8   0x00000028   Code   RO         1288    i.rt_free_mem       RTX_CM3.lib(rt_memory.o)
    0x00000ed0   0x00000ed0   0x00000028   Code   RO         1038    i.rt_get_first      RTX_CM3.lib(rt_list.o)
    0x00000ef8   0x00000ef8   0x00000008   Code   RO          213    i.rt_id2obj         RTX_CM3.lib(rt_cmsis.o)
    0x00000f00   0x00000f00   0x00000048   Code   RO          788    i.rt_init_context   RTX_CM3.lib(rt_task.o)
    0x00000f48   0x00000f48   0x0000001a   Code   RO         1289    i.rt_init_mem       RTX_CM3.lib(rt_memory.o)
    0x00000f62   0x00000f62   0x00000002   PAD
    0x00000f64   0x00000f64   0x00000018   Code   RO         1237    i.rt_init_robin     RTX_CM3.lib(rt_robin.o)
    0x00000f7c   0x00000f7c   0x00000080   Code   RO         1314    i.rt_init_stack     RTX_CM3.lib(hal_cm.o)
    0x00000ffc   0x00000ffc   0x00000008   Code   RO         1115    i.rt_mbx_check      RTX_CM3.lib(rt_mailbox.o)
    0x00001004   0x00001004   0x0000001a   Code   RO         1116    i.rt_mbx_init       RTX_CM3.lib(rt_mailbox.o)
    0x0000101e   0x0000101e   0x00000002   PAD
    0x00001020   0x00001020   0x000000f0   Code   RO         1117    i.rt_mbx_psh        RTX_CM3.lib(rt_mailbox.o)
    0x00001110   0x00001110   0x000000b4   Code   RO         1119    i.rt_mbx_wait       RTX_CM3.lib(rt_mailbox.o)
    0x000011c4   0x000011c4   0x00000044   Code   RO          214    i.rt_ms2tick        RTX_CM3.lib(rt_cmsis.o)
    0x00001208   0x00001208   0x000000d8   Code   RO          872    i.rt_mut_release    RTX_CM3.lib(rt_mutex.o)
    0x000012e0   0x000012e0   0x00000078   Code   RO          873    i.rt_mut_wait       RTX_CM3.lib(rt_mutex.o)
    0x00001358   0x00001358   0x0000007c   Code   RO          909    i.rt_pop_req        RTX_CM3.lib(rt_system.o)
    0x000013d4   0x000013d4   0x00000020   Code   RO          910    i.rt_psh_req        RTX_CM3.lib(rt_system.o)
    0x000013f4   0x000013f4   0x0000005c   Code   RO         1040    i.rt_psq_enq        RTX_CM3.lib(rt_list.o)
    0x00001450   0x00001450   0x00000048   Code   RO         1041    i.rt_put_dly        RTX_CM3.lib(rt_list.o)
    0x00001498   0x00001498   0x00000036   Code   RO         1042    i.rt_put_prio       RTX_CM3.lib(rt_list.o)
    0x000014ce   0x000014ce   0x00000002   PAD
    0x000014d0   0x000014d0   0x00000014   Code   RO         1043    i.rt_put_rdy_first  RTX_CM3.lib(rt_list.o)
    0x000014e4   0x000014e4   0x00000034   Code   RO         1044    i.rt_resort_prio    RTX_CM3.lib(rt_list.o)
    0x00001518   0x00001518   0x00000006   Code   RO         1315    i.rt_ret_val        RTX_CM3.lib(hal_cm.o)
    0x0000151e   0x0000151e   0x00000008   Code   RO         1316    i.rt_ret_val2       RTX_CM3.lib(hal_cm.o)
    0x00001526   0x00001526   0x00000028   Code   RO         1045    i.rt_rmv_dly        RTX_CM3.lib(rt_list.o)
    0x0000154e   0x0000154e   0x00000002   PAD
    0x00001550   0x00001550   0x00000030   Code   RO         1046    i.rt_rmv_list       RTX_CM3.lib(rt_list.o)
    0x00001580   0x00001580   0x00000034   Code   RO         1164    i.rt_sem_psh        RTX_CM3.lib(rt_semaphore.o)
    0x000015b4   0x000015b4   0x00000024   Code   RO          912    i.rt_stk_check      RTX_CM3.lib(rt_system.o)
    0x000015d8   0x000015d8   0x00000028   Code   RO          789    i.rt_switch_req     RTX_CM3.lib(rt_task.o)
    0x00001600   0x00001600   0x000000cc   Code   RO          790    i.rt_sys_init       RTX_CM3.lib(rt_task.o)
    0x000016cc   0x000016cc   0x00000078   Code   RO          791    i.rt_sys_start      RTX_CM3.lib(rt_task.o)
    0x00001744   0x00001744   0x00000040   Code   RO          914    i.rt_systick        RTX_CM3.lib(rt_system.o)
    0x00001784   0x00001784   0x00000012   Code   RO          215    i.rt_tid2ptcb       RTX_CM3.lib(rt_cmsis.o)
    0x00001796   0x00001796   0x00000002   PAD
    0x00001798   0x00001798   0x00000034   Code   RO          216    i.rt_timer_insert   RTX_CM3.lib(rt_cmsis.o)
    0x000017cc   0x000017cc   0x00000088   Code   RO          792    i.rt_tsk_create     RTX_CM3.lib(rt_task.o)
    0x00001854   0x00001854   0x0000017c   Code   RO          793    i.rt_tsk_delete     RTX_CM3.lib(rt_task.o)
    0x000019d0   0x000019d0   0x0000007c   Code   RO          795    i.rt_tsk_prio       RTX_CM3.lib(rt_task.o)
    0x00001a4c   0x00001a4c   0x00000010   Code   RO          796    i.rt_tsk_self       RTX_CM3.lib(rt_task.o)
    0x00001a5c   0x00001a5c   0x00000070   Code   RO          219    i.svcKernelInitialize  RTX_CM3.lib(rt_cmsis.o)
    0x00001acc   0x00001acc   0x00000048   Code   RO          221    i.svcKernelStart    RTX_CM3.lib(rt_cmsis.o)
    0x00001b14   0x00001b14   0x00000024   Code   RO          224    i.svcMessageCreate  RTX_CM3.lib(rt_cmsis.o)
    0x00001b38   0x00001b38   0x0000003a   Code   RO          225    i.svcMessageGet     RTX_CM3.lib(rt_cmsis.o)
    0x00001b72   0x00001b72   0x00000002   PAD
    0x00001b74   0x00001b74   0x0000006c   Code   RO          239    i.svcThreadCreate   RTX_CM3.lib(rt_cmsis.o)
    0x00001be0   0x00001be0   0x0000001c   Code   RO          240    i.svcThreadGetId    RTX_CM3.lib(rt_cmsis.o)
    0x00001bfc   0x00001bfc   0x00000038   Code   RO          243    i.svcThreadTerminate  RTX_CM3.lib(rt_cmsis.o)
    0x00001c34   0x00001c34   0x00000018   Code   RO          245    i.svcTimerCall      RTX_CM3.lib(rt_cmsis.o)
    0x00001c4c   0x00001c4c   0x0000005c   Code   RO          254    i.sysTimerTick      RTX_CM3.lib(rt_cmsis.o)
    0x00001ca8   0x00001ca8   0x00000004   Data   RO          104    .rodata.CMSIS_RTOS_API_Version  rtx_conf_cm.o
    0x00001cac   0x00001cac   0x00000004   Data   RO          105    .rodata.CMSIS_RTOS_RTX_Version  rtx_conf_cm.o
    0x00001cb0   0x00001cb0   0x00000004   Data   RO          109    .rodata.mp_stk_size  rtx_conf_cm.o
    0x00001cb4   0x00001cb4   0x00000002   Data   RO          108    .rodata.mp_tcb_size  rtx_conf_cm.o
    0x00001cb6   0x00001cb6   0x00000002   Data   RO          117    .rodata.mp_tmr_size  rtx_conf_cm.o
    0x00001cb8   0x00001cb8   0x00000004   Data   RO          106    .rodata.os_clockrate  rtx_conf_cm.o
    0x00001cbc   0x00001cbc   0x00000001   Data   RO          111    .rodata.os_fifo_size  rtx_conf_cm.o
    0x00001cbd   0x00001cbd   0x00000001   Data   RO          103    .rodata.os_flags    rtx_conf_cm.o
    0x00001cbe   0x00001cbe   0x00000002   Data   RO           96    .rodata.os_maxtaskrun  rtx_conf_cm.o
    0x00001cc0   0x00001cc0   0x00000008   Data   RO          114    .rodata.os_messageQ_def_osTimerMessageQ  rtx_conf_cm.o
    0x00001cc8   0x00001cc8   0x00000004   Data   RO           98    .rodata.os_rrobin   rtx_conf_cm.o
    0x00001ccc   0x00001ccc   0x00000004   Data   RO          110    .rodata.os_stack_sz  rtx_conf_cm.o
    0x00001cd0   0x00001cd0   0x00000004   Data   RO           97    .rodata.os_stackinfo  rtx_conf_cm.o
    0x00001cd4   0x00001cd4   0x00000010   Data   RO          121    .rodata.os_thread_def_main  rtx_conf_cm.o
    0x00001ce4   0x00001ce4   0x00000010   Data   RO          112    .rodata.os_thread_def_osTimerThread  rtx_conf_cm.o
    0x00001cf4   0x00001cf4   0x00000004   Data   RO          107    .rodata.os_timernum  rtx_conf_cm.o
    0x00001cf8   0x00001cf8   0x00000004   Data   RO          102    .rodata.os_trv      rtx_conf_cm.o
    0x00001cfc   0x00001cfc   0x00000029   Data   RO           68    .rodata.str1.1      main.o
    0x00001d25   0x00001d25   0x00000003   PAD
    0x00001d28   0x00001d28   0x00000020   Data   RO         1551    Region$$Table       anon$$obj.o


    Execution Region ER_RW (Exec base: 0x10000000, Load base: 0x00001d48, Size: 0x00000034, Max: 0xffffffff, ABSOLUTE)

    Exec Addr    Load Addr    Size         Type   Attr      Idx    E Section Name        Object

    0x10000000   0x00001d48   0x00000004   Data   RW           69    .ARM.use_no_argv    main.o
    0x10000004   0x00001d4c   0x00000008   Data   RW          257    .data               RTX_CM3.lib(rt_cmsis.o)
    0x1000000c   0x00001d54   0x00000008   Data   RW          798    .data               RTX_CM3.lib(rt_task.o)
    0x10000014   0x00001d5c   0x00000008   Data   RW          917    .data               RTX_CM3.lib(rt_system.o)
    0x1000001c   0x00001d64   0x00000004   Data   RW         1207    .data               RTX_CM3.lib(rt_time.o)
    0x10000020   0x00001d68   0x00000008   Data   RW         1238    .data               RTX_CM3.lib(rt_robin.o)
    0x10000028   0x00001d70   0x00000001   Data   RW         1317    .data               RTX_CM3.lib(hal_cm.o)
    0x10000029   0x00001d71   0x00000003   PAD
    0x1000002c   0x00001d74   0x00000004   Data   RW          153    .data.SystemCoreClock  system_lpc17xx.o
    0x10000030   0x00001d78   0x00000001   Data   RW           56    .data.UART_TX_Is_Empty  uart.o


    Execution Region ER_ZI (Exec base: 0x10000038, Load base: 0x00001d7c, Size: 0x00000bc8, Max: 0xffffffff, ABSOLUTE)

    Exec Addr    Load Addr    Size         Type   Attr      Idx    E Section Name        Object

    0x10000038        -       0x00000034   Zero   RW          797    .bss                RTX_CM3.lib(rt_task.o)
    0x1000006c        -       0x00000030   Zero   RW         1047    .bss                RTX_CM3.lib(rt_list.o)
    0x1000009c        -       0x00000060   Zero   RW         1375    .bss                c_w.l(libspace.o)
    0x100000fc        -       0x00000004   Zero   RW           40    .bss.AD_done        adc.o
    0x10000100        -       0x00000004   Zero   RW           39    .bss.AD_lastValue   adc.o
    0x10000104        -       0x00000040   Zero   RW           57    .bss.UART_Buffer    uart.o
    0x10000144        -       0x00000004   Zero   RW           58    .bss.UART_Buffer_Count  uart.o
    0x10000148        -       0x00000004   Zero   RW          116    .bss.m_tmr          rtx_conf_cm.o
    0x1000014c   0x00001d7c   0x00000004   PAD
    0x10000150        -       0x000004c0   Zero   RW          123    .bss.mp_stk         rtx_conf_cm.o
    0x10000610        -       0x00000178   Zero   RW          122    .bss.mp_tcb         rtx_conf_cm.o
    0x10000788        -       0x00000004   Zero   RW          128    .bss.osMessageQId_osTimerMessageQ  rtx_conf_cm.o
    0x1000078c        -       0x00000004   Zero   RW          127    .bss.osThreadId_osTimerThread  rtx_conf_cm.o
    0x10000790        -       0x0000001c   Zero   RW          126    .bss.os_active_TCB  rtx_conf_cm.o
    0x100007ac        -       0x00000084   Zero   RW          125    .bss.os_fifo        rtx_conf_cm.o
    0x10000830        -       0x00000020   Zero   RW          113    .bss.os_messageQ_q_osTimerMessageQ  rtx_conf_cm.o
    0x10000850        -       0x000001b0   Zero   RW          124    .bss.os_stack_mem   rtx_conf_cm.o
    0x10000a00        -       0x00000000   Zero   RW          137    HEAP                startup_lpc17xx.o
    0x10000a00        -       0x00000200   Zero   RW          136    STACK               startup_lpc17xx.o


==============================================================================

Image component sizes


      Code (inc. data)   RO Data    RW Data    ZI Data      Debug   Object Name

        54          0          0          0          8       4628   adc.o
       340         16          0          0          0       3164   led.o
       220          0         41          4          0        690   main.o
       194          4         84          0       2228       5539   rtx_conf_cm.o
        64         26        204          0        512       1032   startup_lpc17xx.o
       388          0          0          4          0       2278   system_lpc17xx.o
       430          0          0          1         68       5075   uart.o

    ----------------------------------------------------------------------
      1700         46        364         12       2820      22406   Object Totals
         0          0         32          0          0          0   (incl. Generated)
        10          0          3          3          4          0   (incl. Padding)

    ----------------------------------------------------------------------

      Code (inc. data)   RO Data    RW Data    ZI Data      Debug   Library Member Name

       238         24          0          1          0       3244   hal_cm.o
       304         36          0          0          0        756   hal_cm3.o
      1110        138          0          8          0      33677   rt_cmsis.o
        80          4          0          0          0        649   rt_event.o
       530         34          0          0         48       8157   rt_list.o
       554         10          0          0          0       3889   rt_mailbox.o
       140          0          0          0          0       1889   rt_membox.o
       128          0          0          0          0       2267   rt_memory.o
       336         14          0          0          0       1623   rt_mutex.o
        96         22          0          8          0       1134   rt_robin.o
        52          4          0          0          0        565   rt_semaphore.o
       298         52          0          8          0       6139   rt_system.o
      1216        174          0          8         52       9537   rt_task.o
         0          0          0          4          0        206   rt_time.o
         4          4          0          0          0        196   svc_table.o
         8          0          0          0          0         68   __main.o
         0          0          0          0          0          0   __rtentry.o
        20          0          0          0          0          0   __rtentry2.o
         6          0          0          0          0          0   __rtentry4.o
        94          8          0          0          0          0   __scatter.o
        26          0          0          0          0          0   __scatter_copy.o
        28          0          0          0          0          0   __scatter_zi.o
        18          0          0          0          0         80   exit.o
         6          0          0          0          0        152   heapauxi.o
         0          0          0          0          0          0   indicate_semi.o
         2          0          0          0          0          0   libinit.o
         2          0          0          0          0          0   libinit2.o
         2          0          0          0          0          0   libshutdown.o
         2          0          0          0          0          0   libshutdown2.o
         8          4          0          0         96         68   libspace.o
         2          0          0          0          0          0   rtexit.o
        10          0          0          0          0          0   rtexit2.o
        12          4          0          0          0         68   sys_exit.o
        74          0          0          0          0         80   sys_stackheap_outer.o
         2          0          0          0          0         68   use_no_semi.o

    ----------------------------------------------------------------------
      5432        532          0         40        196      74512   Library Totals
        24          0          0          3          0          0   (incl. Padding)

    ----------------------------------------------------------------------

      Code (inc. data)   RO Data    RW Data    ZI Data      Debug   Library Name

      5086        516          0         37        100      73928   RTX_CM3.lib
       322         16          0          0         96        584   c_w.l

    ----------------------------------------------------------------------
      5432        532          0         40        196      74512   Library Totals

    ----------------------------------------------------------------------

==============================================================================


      Code (inc. data)   RO Data    RW Data    ZI Data      Debug   

      7132        578        364         52       3016      93242   Grand Totals
      7132        578        364         52       3016      93242   ELF Image Totals
      7132        578        364         52          0          0   ROM Totals

==============================================================================

    Total RO  Size (Code + RO Data)                 7496 (   7.32kB)
    Total RW  Size (RW Data + ZI Data)              3068 (   3.00kB)
    Total ROM Size (Code + RO Data + RW Data)       7548 (   7.37kB)

==============================================================================

