Component: Arm Compiler for Embedded 6.22 Tool: armlink [5ee90200]

==============================================================================

Section Cross References

    joystick.o(.ARM.exidx.text.Joystick_Initialize) refers to joystick.o(.text.Joystick_Initialize) for [Anonymous Symbol]
    joystick.o(.ARM.exidx.text.Joystick_Get_Status) refers to joystick.o(.text.Joystick_Get_Status) for [Anonymous Symbol]
    led.o(.ARM.exidx.text.LedInitialize) refers to led.o(.text.LedInitialize) for [Anonymous Symbol]
    led.o(.ARM.exidx.text.LedOn) refers to led.o(.text.LedOn) for [Anonymous Symbol]
    led.o(.ARM.exidx.text.LedOff) refers to led.o(.text.LedOff) for [Anonymous Symbol]
    adc.o(.text.ADC_Initialize) refers to adc.o(.text.__NVIC_EnableIRQ) for __NVIC_EnableIRQ
    adc.o(.ARM.exidx.text.ADC_Initialize) refers to adc.o(.text.ADC_Initialize) for [Anonymous Symbol]
    adc.o(.ARM.exidx.text.__NVIC_EnableIRQ) refers to adc.o(.text.__NVIC_EnableIRQ) for [Anonymous Symbol]
    adc.o(.text.ADC_IRQHandler) refers to adc.o(.bss.AD_lastValue) for AD_lastValue
    adc.o(.text.ADC_IRQHandler) refers to adc.o(.bss.AD_done) for AD_done
    adc.o(.ARM.exidx.text.ADC_IRQHandler) refers to adc.o(.text.ADC_IRQHandler) for [Anonymous Symbol]
    adc.o(.ARM.exidx.text.ADC_StartConversion) refers to adc.o(.text.ADC_StartConversion) for [Anonymous Symbol]
    adc.o(.text.ADC_ConversionDone) refers to adc.o(.bss.AD_done) for AD_done
    adc.o(.ARM.exidx.text.ADC_ConversionDone) refers to adc.o(.text.ADC_ConversionDone) for [Anonymous Symbol]
    adc.o(.text.ADC_GetValue) refers to adc.o(.bss.AD_lastValue) for AD_lastValue
    adc.o(.ARM.exidx.text.ADC_GetValue) refers to adc.o(.text.ADC_GetValue) for [Anonymous Symbol]
    uart.o(.text.UART_Initialize) refers to system_lpc17xx.o(.data.SystemCoreClock) for SystemCoreClock
    uart.o(.text.UART_Initialize) refers to uart.o(.text.__NVIC_EnableIRQ) for __NVIC_EnableIRQ
    uart.o(.ARM.exidx.text.UART_Initialize) refers to uart.o(.text.UART_Initialize) for [Anonymous Symbol]
    uart.o(.ARM.exidx.text.__NVIC_EnableIRQ) refers to uart.o(.text.__NVIC_EnableIRQ) for [Anonymous Symbol]
    uart.o(.text.UART0_IRQHandler) refers to uart.o(.bss.UART_Buffer_Count) for UART_Buffer_Count
    uart.o(.text.UART0_IRQHandler) refers to uart.o(.bss.UART_Buffer) for UART_Buffer
    uart.o(.text.UART0_IRQHandler) refers to uart.o(.data.UART_TX_Is_Empty) for UART_TX_Is_Empty
    uart.o(.ARM.exidx.text.UART0_IRQHandler) refers to uart.o(.text.UART0_IRQHandler) for [Anonymous Symbol]
    uart.o(.text.UART_Send) refers to uart.o(.data.UART_TX_Is_Empty) for UART_TX_Is_Empty
    uart.o(.ARM.exidx.text.UART_Send) refers to uart.o(.text.UART_Send) for [Anonymous Symbol]
    main.o(.text.ProcessJoystick) refers to joystick.o(.text.Joystick_Get_Status) for Joystick_Get_Status
    main.o(.text.ProcessJoystick) refers to main.o(.rodata.str1.1) for .L.str
    main.o(.text.ProcessJoystick) refers to uart.o(.text.UART_Send) for UART_Send
    main.o(.ARM.exidx.text.ProcessJoystick) refers to main.o(.text.ProcessJoystick) for [Anonymous Symbol]
    main.o(.text.UintToChar) refers to main.o(.rodata.str1.1) for .L.str.4
    main.o(.text.UintToChar) refers to sprintf.o(.text) for sprintf
    main.o(.ARM.exidx.text.UintToChar) refers to main.o(.text.UintToChar) for [Anonymous Symbol]
    main.o(.text.ProcessUARTCommand) refers to uart.o(.bss.UART_Buffer_Count) for UART_Buffer_Count
    main.o(.text.ProcessUARTCommand) refers to uart.o(.bss.UART_Buffer) for UART_Buffer
    main.o(.text.ProcessUARTCommand) refers to led.o(.text.LedOn) for LedOn
    main.o(.text.ProcessUARTCommand) refers to led.o(.text.LedOff) for LedOff
    main.o(.ARM.exidx.text.ProcessUARTCommand) refers to main.o(.text.ProcessUARTCommand) for [Anonymous Symbol]
    main.o(.text.main) refers to uart.o(.text.UART_Initialize) for UART_Initialize
    main.o(.text.main) refers to led.o(.text.LedInitialize) for LedInitialize
    main.o(.text.main) refers to joystick.o(.text.Joystick_Initialize) for Joystick_Initialize
    main.o(.text.main) refers to adc.o(.text.ADC_Initialize) for ADC_Initialize
    main.o(.text.main) refers to joystick.o(.text.Joystick_Get_Status) for Joystick_Get_Status
    main.o(.text.main) refers to main.o(.text.ProcessJoystick) for ProcessJoystick
    main.o(.text.main) refers to adc.o(.text.ADC_StartConversion) for ADC_StartConversion
    main.o(.text.main) refers to adc.o(.text.ADC_ConversionDone) for ADC_ConversionDone
    main.o(.text.main) refers to adc.o(.text.ADC_GetValue) for ADC_GetValue
    main.o(.text.main) refers to main.o(.text.UintToChar) for UintToChar
    main.o(.text.main) refers to strlen.o(.text) for strlen
    main.o(.text.main) refers to uart.o(.text.UART_Send) for UART_Send
    main.o(.text.main) refers to main.o(.rodata.str1.1) for .L.str.5
    main.o(.text.main) refers to main.o(.text.ProcessUARTCommand) for ProcessUARTCommand
[...]
    i.os_tick_init                           0x000027cc   Section        0  rt_system.o(i.os_tick_init)
    i.os_tick_irqack                         0x000027f4   Section        0  rt_system.o(i.os_tick_irqack)
    i.rt_alloc_box                           0x000027f6   Section        0  rt_membox.o(i.rt_alloc_box)
    i.rt_alloc_mem                           0x00002810   Section        0  rt_memory.o(i.rt_alloc_mem)
    i.rt_block                               0x00002850   Section        0  rt_task.o(i.rt_block)
    i.rt_chk_robin                           0x00002888   Section        0  rt_robin.o(i.rt_chk_robin)
    i.rt_dec_dly                             0x000028d0   Section        0  rt_list.o(i.rt_dec_dly)
    i.rt_dispatch                            0x00002940   Section        0  rt_task.o(i.rt_dispatch)
    i.rt_evt_psh                             0x00002984   Section        0  rt_event.o(i.rt_evt_psh)
    i.rt_free_box                            0x000029d4   Section        0  rt_membox.o(i.rt_free_box)
    i.rt_free_mem                            0x00002a00   Section        0  rt_memory.o(i.rt_free_mem)
    i.rt_get_first                           0x00002a28   Section        0  rt_list.o(i.rt_get_first)
    rt_id2obj                                0x00002a51   Thumb Code     8  rt_cmsis.o(i.rt_id2obj)
    i.rt_id2obj                              0x00002a50   Section        0  rt_cmsis.o(i.rt_id2obj)
    rt_init_context                          0x00002a59   Thumb Code    66  rt_task.o(i.rt_init_context)
    i.rt_init_context                        0x00002a58   Section        0  rt_task.o(i.rt_init_context)
    i.rt_init_mem                            0x00002aa0   Section        0  rt_memory.o(i.rt_init_mem)
    i.rt_init_robin                          0x00002abc   Section        0  rt_robin.o(i.rt_init_robin)
    i.rt_init_stack                          0x00002ad4   Section        0  hal_cm.o(i.rt_init_stack)
    i.rt_mbx_check                           0x00002b54   Section        0  rt_mailbox.o(i.rt_mbx_check)
    i.rt_mbx_init                            0x00002b5c   Section        0  rt_mailbox.o(i.rt_mbx_init)
    i.rt_mbx_psh                             0x00002b78   Section        0  rt_mailbox.o(i.rt_mbx_psh)
    i.rt_mbx_wait                            0x00002c68   Section        0  rt_mailbox.o(i.rt_mbx_wait)
    rt_ms2tick                               0x00002d1d   Thumb Code    58  rt_cmsis.o(i.rt_ms2tick)
    i.rt_ms2tick                             0x00002d1c   Section        0  rt_cmsis.o(i.rt_ms2tick)
    i.rt_mut_release                         0x00002d60   Section        0  rt_mutex.o(i.rt_mut_release)
    i.rt_mut_wait                            0x00002e38   Section        0  rt_mutex.o(i.rt_mut_wait)
    i.rt_pop_req                             0x00002eb0   Section        0  rt_system.o(i.rt_pop_req)
    i.rt_psh_req                             0x00002f2c   Section        0  rt_system.o(i.rt_psh_req)
    i.rt_psq_enq                             0x00002f4c   Section        0  rt_list.o(i.rt_psq_enq)
    i.rt_put_dly                             0x00002fa8   Section        0  rt_list.o(i.rt_put_dly)
    i.rt_put_prio                            0x00002ff0   Section        0  rt_list.o(i.rt_put_prio)
    i.rt_put_rdy_first                       0x00003028   Section        0  rt_list.o(i.rt_put_rdy_first)
    i.rt_resort_prio                         0x0000303c   Section        0  rt_list.o(i.rt_resort_prio)
    i.rt_ret_val                             0x00003070   Section        0  hal_cm.o(i.rt_ret_val)
    i.rt_ret_val2                            0x00003076   Section        0  hal_cm.o(i.rt_ret_val2)
    i.rt_rmv_dly                             0x0000307e   Section        0  rt_list.o(i.rt_rmv_dly)
    i.rt_rmv_list                            0x000030a8   Section        0  rt_list.o(i.rt_rmv_list)
    i.rt_sem_psh                             0x000030d8   Section        0  rt_semaphore.o(i.rt_sem_psh)
    i.rt_stk_check                           0x0000310c   Section        0  rt_system.o(i.rt_stk_check)
    i.rt_switch_req                          0x00003130   Section        0  rt_task.o(i.rt_switch_req)
    i.rt_sys_init                            0x00003158   Section        0  rt_task.o(i.rt_sys_init)
    i.rt_sys_start                           0x00003224   Section        0  rt_task.o(i.rt_sys_start)
    i.rt_systick                             0x0000329c   Section        0  rt_system.o(i.rt_systick)
    rt_tid2ptcb                              0x000032dd   Thumb Code    18  rt_cmsis.o(i.rt_tid2ptcb)
    i.rt_tid2ptcb                            0x000032dc   Section        0  rt_cmsis.o(i.rt_tid2ptcb)
    rt_timer_insert                          0x000032f1   Thumb Code    48  rt_cmsis.o(i.rt_timer_insert)
    i.rt_timer_insert                        0x000032f0   Section        0  rt_cmsis.o(i.rt_timer_insert)
    i.rt_tsk_create                          0x00003324   Section        0  rt_task.o(i.rt_tsk_create)
    i.rt_tsk_delete                          0x000033ac   Section        0  rt_task.o(i.rt_tsk_delete)
    i.rt_tsk_prio                            0x00003528   Section        0  rt_task.o(i.rt_tsk_prio)
    i.rt_tsk_self                            0x000035a4   Section        0  rt_task.o(i.rt_tsk_self)
    i.svcKernelInitialize                    0x000035b4   Section        0  rt_cmsis.o(i.svcKernelInitialize)
    i.svcKernelStart                         0x00003624   Section        0  rt_cmsis.o(i.svcKernelStart)
    i.svcMessageCreate                       0x0000366c   Section        0  rt_cmsis.o(i.svcMessageCreate)
    i.svcMessageGet                          0x00003690   Section        0  rt_cmsis.o(i.svcMessageGet)
    i.svcThreadCreate                        0x000036cc   Section        0  rt_cmsis.o(i.svcThreadCreate)
    i.svcThreadGetId                         0x00003738   Section        0  rt_cmsis.o(i.svcThreadGetId)
    i.svcThreadTerminate                     0x00003754   Section        0  rt_cmsis.o(i.svcThreadTerminate)
    i.svcTimerCall                           0x0000378c   Section        0  rt_cmsis.o(i.svcTimerCall)
    i.sysTimerTick                           0x000037a4   Section        0  rt_cmsis.o(i.sysTimerTick)
    locale$$code                             0x00003800   Section       44  lc_numeric_c.o(locale$$code)
    locale$$code                             0x0000382c   Section       44  lc_ctype_c.o(locale$$code)
    x$fpl$printf1                            0x00003858   Section        4  printf1.o(x$fpl$printf1)
    x$fpl$printf2                            0x0000385c   Section        4  printf2.o(x$fpl$printf2)
    initial_mbstate                          0x00003860   Data           8  _printf_wctomb.o(.constdata)
    .constdata                               0x00003860   Section        8  _printf_wctomb.o(.constdata)
    x$fpl$usenofp                            0x00003860   Section        0  usenofp.o(x$fpl$usenofp)
    uc_hextab                                0x00003868   Data          20  _printf_hex_int_ll_ptr.o(.constdata)
    .constdata                               0x00003868   Section       40  _printf_hex_int_ll_ptr.o(.constdata)
    lc_hextab                                0x0000387c   Data          20  _printf_hex_int_ll_ptr.o(.constdata)
    maptable                                 0x00003890   Data          17  __printf_flags_ss_wp.o(.constdata)
    .constdata                               0x00003890   Section       17  __printf_flags_ss_wp.o(.constdata)
    lc_hextab                                0x000038a1   Data          19  _printf_fp_hex.o(.constdata)
    .constdata                               0x000038a1   Section       38  _printf_fp_hex.o(.constdata)
    uc_hextab                                0x000038b4   Data          19  _printf_fp_hex.o(.constdata)
    tenpwrs_x                                0x000038c8   Data          60  bigflt0.o(.constdata)
    .constdata                               0x000038c8   Section      148  bigflt0.o(.constdata)
    tenpwrs_i                                0x00003904   Data          64  bigflt0.o(.constdata)
    __tagsym$$used.2                         0x0000395c   Number         0  rtx_conf_cm.o(.rodata.CMSIS_RTOS_API_Version)
    __tagsym$$used.3                         0x00003960   Number         0  rtx_conf_cm.o(.rodata.CMSIS_RTOS_RTX_Version)
    __tagsym$$used.4                         0x0000396c   Number         0  rtx_conf_cm.o(.rodata.os_clockrate)
    __tagsym$$used.5                         0x000039a8   Number         0  rtx_conf_cm.o(.rodata.os_timernum)
    .L.str.3                                 0x000039b0   Data          12  main.o(.rodata.str1.1)
    [Anonymous Symbol]                       0x000039b0   Section        0  main.o(.rodata.str1.1)
    .L.str.1                                 0x000039bc   Data          25  main.o(.rodata.str1.1)
    .L.str.2                                 0x000039d5   Data          18  main.o(.rodata.str1.1)
    .L.str                                   0x000039e7   Data          27  main.o(.rodata.str1.1)
    .L.str.5                                 0x000039ff   Data           3  main.o(.rodata.str1.1)
    .L.str.4                                 0x00003a02   Data           3  main.o(.rodata.str1.1)
    locale$$data                             0x00003a28   Section       28  lc_numeric_c.o(locale$$data)
    __lcnum_c_name                           0x00003a2c   Data           2  lc_numeric_c.o(locale$$data)
    __lcnum_c_start                          0x00003a34   Data           0  lc_numeric_c.o(locale$$data)
    __lcnum_c_point                          0x00003a40   Data           0  lc_numeric_c.o(locale$$data)
    __lcnum_c_thousands                      0x00003a42   Data           0  lc_numeric_c.o(locale$$data)
    __lcnum_c_grouping                       0x00003a43   Data           0  lc_numeric_c.o(locale$$data)
    __lcnum_c_end                            0x00003a44   Data           0  lc_numeric_c.o(locale$$data)
    locale$$data                             0x00003a44   Section      272  lc_ctype_c.o(locale$$data)
    __lcctype_c_name                         0x00003a48   Data           2  lc_ctype_c.o(locale$$data)
    __lcctype_c_start                        0x00003a50   Data           0  lc_ctype_c.o(locale$$data)
    __lcctype_c_end                          0x00003b54   Data           0  lc_ctype_c.o(locale$$data)
    .data                                    0x10000004   Section        8  rt_cmsis.o(.data)
    .data                                    0x1000000c   Section        8  rt_task.o(.data)
    os_lock                                  0x10000014   Data           1  rt_system.o(.data)
    .data                                    0x10000014   Section        8  rt_system.o(.data)
    os_psh_flag                              0x10000015   Data           1  rt_system.o(.data)
    pend_flags                               0x10000016   Data           1  rt_system.o(.data)
    .data                                    0x1000001c   Section        4  rt_time.o(.data)
    .data                                    0x10000020   Section        8  rt_robin.o(.data)
    .data                                    0x10000028   Section        1  hal_cm.o(.data)
    .bss                                     0x10000038   Section       52  rt_task.o(.bss)
    .bss                                     0x1000006c   Section       48  rt_list.o(.bss)
    .bss                                     0x1000009c   Section       96  libspace.o(.bss)
    AD_done                                  0x100000fc   Data           4  adc.o(.bss.AD_done)
    [Anonymous Symbol]                       0x100000fc   Section        0  adc.o(.bss.AD_done)
    AD_lastValue                             0x10000100   Data           4  adc.o(.bss.AD_lastValue)
    [Anonymous Symbol]                       0x10000100   Section        0  adc.o(.bss.AD_lastValue)
    Heap_Mem                                 0x10000a00   Data           0  startup_lpc17xx.o(HEAP)
    Stack_Mem                                0x10000a00   Data         512  startup_lpc17xx.o(STACK)
    HEAP                                     0x10000a00   Section        0  startup_lpc17xx.o(HEAP)
    STACK                                    0x10000a00   Section      512  startup_lpc17xx.o(STACK)
    __initial_sp                             0x10000c00   Data           0  startup_lpc17xx.o(STACK)

    Global Symbols

    Symbol Name                              Value     Ov Type        Size  Object(Section)

    BuildAttributes$$THM_ISAv4$P$D$K$B$S$PE$A:L22UL41UL21$X:L11$S22US41US21$IEEE1$IW$~IW$USESV6$~STKCKD$USESV7$~SHL$OTIME$ROPI$IEEEJ$EBA8$UX$STANDARDLIB$REQ8$PRES8$EABIv2 0x00000000   Number         0  anon$$obj.o ABSOLUTE
    __Vectors                                0x00000000   Data           4  startup_lpc17xx.o(RESET)
    __fp_init_empty                          0x00000000   Number         0  fpinit_empty.o ABSOLUTE
    _printf_flags                            0x00000000   Number         0  printf_stubs.o ABSOLUTE
    _printf_return_value                     0x00000000   Number         0  printf_stubs.o ABSOLUTE
    _printf_sizespec                         0x00000000   Number         0  printf_stubs.o ABSOLUTE
    _printf_widthprec                        0x00000000   Number         0  printf_stubs.o ABSOLUTE
    __ARM_exceptions_init                     - Undefined Weak Reference
    __alloca_initialize                       - Undefined Weak Reference
    __arm_preinit_                            - Undefined Weak Reference
    __arm_relocate_pie_                       - Undefined Weak Reference
    __cpp_initialize__aeabi_                  - Undefined Weak Reference
    __cxa_finalize                            - Undefined Weak Reference
    __sigvec_lookup                           - Undefined Weak Reference
    _atexit_init                              - Undefined Weak Reference
    _call_atexit_fns                          - Undefined Weak Reference
    _clock_init                               - Undefined Weak Reference
    _fp_trap_init                             - Undefined Weak Reference
    _fp_trap_shutdown                         - Undefined Weak Reference
    _get_lc_collate                           - Undefined Weak Reference
    _get_lc_monetary                          - Undefined Weak Reference
    _get_lc_time                              - Undefined Weak Reference
    _getenv_init                              - Undefined Weak Reference
    _handle_redirection                       - Undefined Weak Reference
    _init_alloc                               - Undefined Weak Reference
    _init_user_alloc                          - Undefined Weak Reference
    _initio                                   - Undefined Weak Reference
    _printf_mbtowc                            - Undefined Weak Reference
    _printf_wc                                - Undefined Weak Reference
    _rand_init                                - Undefined Weak Reference
    _signal_finish                            - Undefined Weak Reference
    _signal_init                              - Undefined Weak Reference
    _terminate_alloc                          - Undefined Weak Reference
    _terminate_user_alloc                     - Undefined Weak Reference
    _terminateio                              - Undefined Weak Reference
    __main                                   0x000000cd   Thumb Code     8  __main.o(!!!main)
    __scatterload                            0x000000d5   Thumb Code     0  __scatter.o(!!!scatter)
    __scatterload_rt2                        0x000000d5   Thumb Code    84  __scatter.o(!!!scatter)
    __scatterload_rt2_thumb_only             0x000000d5   Thumb Code     0  __scatter.o(!!!scatter)
    __scatterload_loop                       0x000000df   Thumb Code     0  __scatter.o(!!!scatter)
    __scatterload_copy                       0x00000131   Thumb Code    26  __scatter_copy.o(!!handler_copy)
    __scatterload_null                       0x0000014d   Thumb Code     2  __scatter.o(!!handler_null)
    __scatterload_zeroinit                   0x00000151   Thumb Code    28  __scatter_zi.o(!!handler_zi)
    _printf_n                                0x0000016d   Thumb Code     0  _printf_n.o(.ARM.Collect$$_printf_percent$$00000001)
    _printf_percent                          0x0000016d   Thumb Code     0  _printf_percent.o(.ARM.Collect$$_printf_percent$$00000000)
    _printf_p                                0x00000173   Thumb Code     0  _printf_p.o(.ARM.Collect$$_printf_percent$$00000002)
    _printf_f                                0x00000179   Thumb Code     0  _printf_f.o(.ARM.Collect$$_printf_percent$$00000003)
    _printf_e                                0x0000017f   Thumb Code     0  _printf_e.o(.ARM.Collect$$_printf_percent$$00000004)
    _printf_g                                0x00000185   Thumb Code     0  _printf_g.o(.ARM.Collect$$_printf_percent$$00000005)
    _printf_a                                0x0000018b   Thumb Code     0  _printf_a.o(.ARM.Collect$$_printf_percent$$00000006)
    _printf_ll                               0x00000191   Thumb Code     0  _printf_ll.o(.ARM.Collect$$_printf_percent$$00000007)
    _printf_i                                0x0000019b   Thumb Code     0  _printf_i.o(.ARM.Collect$$_printf_percent$$00000008)
    _printf_d                                0x000001a1   Thumb Code     0  _printf_d.o(.ARM.Collect$$_printf_percent$$00000009)
    _printf_u                                0x000001a7   Thumb Code     0  _printf_u.o(.ARM.Collect$$_printf_percent$$0000000A)
    _printf_o                                0x000001ad   Thumb Code     0  _printf_o.o(.ARM.Collect$$_printf_percent$$0000000B)
    _printf_x                                0x000001b3   Thumb Code     0  _printf_x.o(.ARM.Collect$$_printf_percent$$0000000C)
    _printf_lli                              0x000001b9   Thumb Code     0  _printf_lli.o(.ARM.Collect$$_printf_percent$$0000000D)
    _printf_lld                              0x000001bf   Thumb Code     0  _printf_lld.o(.ARM.Collect$$_printf_percent$$0000000E)
    _printf_llu                              0x000001c5   Thumb Code     0  _printf_llu.o(.ARM.Collect$$_printf_percent$$0000000F)
    _printf_llo                              0x000001cb   Thumb Code     0  _printf_llo.o(.ARM.Collect$$_printf_percent$$00000010)
    _printf_llx                              0x000001d1   Thumb Code     0  _printf_llx.o(.ARM.Collect$$_printf_percent$$00000011)
    _printf_l                                0x000001d7   Thumb Code     0  _printf_l.o(.ARM.Collect$$_printf_percent$$00000012)
    _printf_c                                0x000001e1   Thumb Code     0  _printf_c.o(.ARM.Collect$$_printf_percent$$00000013)
    _printf_s                                0x000001e7   Thumb Code     0  _printf_s.o(.ARM.Collect$$_printf_percent$$00000014)
    _printf_lc                               0x000001ed   Thumb Code     0  _printf_lc.o(.ARM.Collect$$_printf_percent$$00000015)
    _printf_ls                               0x000001f3   Thumb Code     0  _printf_ls.o(.ARM.Collect$$_printf_percent$$00000016)
    _printf_percent_end                      0x000001f9   Thumb Code     0  _printf_percent_end.o(.ARM.Collect$$_printf_percent$$00000017)
    __rt_lib_init                            0x000001fd   Thumb Code     0  libinit.o(.ARM.Collect$$libinit$$00000000)
    __rt_lib_init_fp_1                       0x000001ff   Thumb Code     0  libinit2.o(.ARM.Collect$$libinit$$00000002)
    __rt_lib_init_heap_1                     0x000001ff   Thumb Code     0  libinit2.o(.ARM.Collect$$libinit$$0000000C)
    __rt_lib_init_lc_common                  0x000001ff   Thumb Code     0  libinit2.o(.ARM.Collect$$libinit$$00000011)
    __rt_lib_init_preinit_1                  0x000001ff   Thumb Code     0  libinit2.o(.ARM.Collect$$libinit$$00000006)
    __rt_lib_init_rand_1                     0x000001ff   Thumb Code     0  libinit2.o(.ARM.Collect$$libinit$$00000010)
    __rt_lib_init_relocate_pie_1             0x000001ff   Thumb Code     0  libinit2.o(.ARM.Collect$$libinit$$00000004)
    __rt_lib_init_user_alloc_1               0x000001ff   Thumb Code     0  libinit2.o(.ARM.Collect$$libinit$$0000000E)
    __rt_lib_init_lc_collate_1               0x00000205   Thumb Code     0  libinit2.o(.ARM.Collect$$libinit$$00000013)
    __rt_lib_init_lc_ctype_2                 0x00000205   Thumb Code     0  libinit2.o(.ARM.Collect$$libinit$$00000014)
    __rt_lib_init_lc_ctype_1                 0x00000211   Thumb Code     0  libinit2.o(.ARM.Collect$$libinit$$00000015)
    __rt_lib_init_lc_monetary_1              0x00000211   Thumb Code     0  libinit2.o(.ARM.Collect$$libinit$$00000017)
    __rt_lib_init_lc_numeric_2               0x00000211   Thumb Code     0  libinit2.o(.ARM.Collect$$libinit$$00000018)
    __rt_lib_init_alloca_1                   0x0000021b   Thumb Code     0  libinit2.o(.ARM.Collect$$libinit$$00000030)
    __rt_lib_init_argv_1                     0x0000021b   Thumb Code     0  libinit2.o(.ARM.Collect$$libinit$$0000002E)
    __rt_lib_init_atexit_1                   0x0000021b   Thumb Code     0  libinit2.o(.ARM.Collect$$libinit$$0000001D)
    __rt_lib_init_clock_1                    0x0000021b   Thumb Code     0  libinit2.o(.ARM.Collect$$libinit$$00000023)
    __rt_lib_init_cpp_1                      0x0000021b   Thumb Code     0  libinit2.o(.ARM.Collect$$libinit$$00000034)
    __rt_lib_init_exceptions_1               0x0000021b   Thumb Code     0  libinit2.o(.ARM.Collect$$libinit$$00000032)
    __rt_lib_init_fp_trap_1                  0x0000021b   Thumb Code     0  libinit2.o(.ARM.Collect$$libinit$$00000021)
    __rt_lib_init_getenv_1                   0x0000021b   Thumb Code     0  libinit2.o(.ARM.Collect$$libinit$$00000025)
    __rt_lib_init_lc_numeric_1               0x0000021b   Thumb Code     0  libinit2.o(.ARM.Collect$$libinit$$00000019)
    __rt_lib_init_lc_time_1                  0x0000021b   Thumb Code     0  libinit2.o(.ARM.Collect$$libinit$$0000001B)
    __rt_lib_init_return                     0x0000021b   Thumb Code     0  libinit2.o(.ARM.Collect$$libinit$$00000035)
    __rt_lib_init_signal_1                   0x0000021b   Thumb Code     0  libinit2.o(.ARM.Collect$$libinit$$0000001F)
    __rt_lib_init_stdio_1                    0x0000021b   Thumb Code     0  libinit2.o(.ARM.Collect$$libinit$$00000027)
    __rt_lib_shutdown                        0x0000021d   Thumb Code     0  libshutdown.o(.ARM.Collect$$libshutdown$$00000000)
    __rt_lib_shutdown_cpp_1                  0x0000021f   Thumb Code     0  libshutdown2.o(.ARM.Collect$$libshutdown$$00000002)
    __rt_lib_shutdown_fp_trap_1              0x0000021f   Thumb Code     0  libshutdown2.o(.ARM.Collect$$libshutdown$$00000007)
    __rt_lib_shutdown_heap_1                 0x0000021f   Thumb Code     0  libshutdown2.o(.ARM.Collect$$libshutdown$$0000000F)
    __rt_lib_shutdown_return                 0x0000021f   Thumb Code     0  libshutdown2.o(.ARM.Collect$$libshutdown$$00000010)
    __rt_lib_shutdown_signal_1               0x0000021f   Thumb Code     0  libshutdown2.o(.ARM.Collect$$libshutdown$$0000000A)
    __rt_lib_shutdown_stdio_1                0x0000021f   Thumb Code     0  libshutdown2.o(.ARM.Collect$$libshutdown$$00000004)
    __rt_lib_shutdown_user_alloc_1           0x0000021f   Thumb Code     0  libshutdown2.o(.ARM.Collect$$libshutdown$$0000000C)
    __rt_entry                               0x00000221   Thumb Code     0  __rtentry.o(.ARM.Collect$$rtentry$$00000000)
    __rt_entry_presh_1                       0x00000221   Thumb Code     0  __rtentry2.o(.ARM.Collect$$rtentry$$00000002)
    __rt_entry_sh                            0x00000221   Thumb Code     0  __rtentry4.o(.ARM.Collect$$rtentry$$00000004)
    __rt_entry_li                            0x00000227   Thumb Code     0  __rtentry2.o(.ARM.Collect$$rtentry$$0000000A)
    __rt_entry_postsh_1                      0x00000227   Thumb Code     0  __rtentry2.o(.ARM.Collect$$rtentry$$00000009)
    __rt_entry_postli_1                      0x0000022b   Thumb Code     0  __rtentry2.o(.ARM.Collect$$rtentry$$0000000B)
    __rt_entry_main                          0x00000233   Thumb Code     0  __rtentry2.o(.ARM.Collect$$rtentry$$0000000D)
    __rt_exit                                0x0000023b   Thumb Code     0  rtexit.o(.ARM.Collect$$rtexit$$00000000)
    __rt_exit_ls                             0x0000023d   Thumb Code     0  rtexit2.o(.ARM.Collect$$rtexit$$00000003)
    __rt_exit_prels_1                        0x0000023d   Thumb Code     0  rtexit2.o(.ARM.Collect$$rtexit$$00000002)
    __rt_exit_exit                           0x00000241   Thumb Code     0  rtexit2.o(.ARM.Collect$$rtexit$$00000004)
    Reset_Handler                            0x00000249   Thumb Code     8  startup_lpc17xx.o(.text)
    NMI_Handler                              0x00000251   Thumb Code     2  startup_lpc17xx.o(.text)
    HardFault_Handler                        0x00000253   Thumb Code     2  startup_lpc17xx.o(.text)
    MemManage_Handler                        0x00000255   Thumb Code     2  startup_lpc17xx.o(.text)
    BusFault_Handler                         0x00000257   Thumb Code     2  startup_lpc17xx.o(.text)
    UsageFault_Handler                       0x00000259   Thumb Code     2  startup_lpc17xx.o(.text)
    DebugMon_Handler                         0x0000025d   Thumb Code     2  startup_lpc17xx.o(.text)
    BOD_IRQHandler                           0x00000263   Thumb Code     0  startup_lpc17xx.o(.text)
    CANActivity_IRQHandler                   0x00000263   Thumb Code     0  startup_lpc17xx.o(.text)
    CAN_IRQHandler                           0x00000263   Thumb Code     0  startup_lpc17xx.o(.text)
    DMA_IRQHandler                           0x00000263   Thumb Code     0  startup_lpc17xx.o(.text)
    EINT0_IRQHandler                         0x00000263   Thumb Code     0  startup_lpc17xx.o(.text)
    EINT1_IRQHandler                         0x00000263   Thumb Code     0  startup_lpc17xx.o(.text)
    EINT2_IRQHandler                         0x00000263   Thumb Code     0  startup_lpc17xx.o(.text)
    EINT3_IRQHandler                         0x00000263   Thumb Code     0  startup_lpc17xx.o(.text)
    ENET_IRQHandler                          0x00000263   Thumb Code     0  startup_lpc17xx.o(.text)
    I2C0_IRQHandler                          0x00000263   Thumb Code     0  startup_lpc17xx.o(.text)
    I2C1_IRQHandler                          0x00000263   Thumb Code     0  startup_lpc17xx.o(.text)
    I2C2_IRQHandler                          0x00000263   Thumb Code     0  startup_lpc17xx.o(.text)
    I2S_IRQHandler                           0x00000263   Thumb Code     0  startup_lpc17xx.o(.text)
    MCPWM_IRQHandler                         0x00000263   Thumb Code     0  startup_lpc17xx.o(.text)
    PLL0_IRQHandler                          0x00000263   Thumb Code     0  startup_lpc17xx.o(.text)
    PLL1_IRQHandler                          0x00000263   Thumb Code     0  startup_lpc17xx.o(.text)
    PWM1_IRQHandler                          0x00000263   Thumb Code     0  startup_lpc17xx.o(.text)
    QEI_IRQHandler                           0x00000263   Thumb Code     0  startup_lpc17xx.o(.text)
    RIT_IRQHandler                           0x00000263   Thumb Code     0  startup_lpc17xx.o(.text)
    RTC_IRQHandler                           0x00000263   Thumb Code     0  startup_lpc17xx.o(.text)
    SPI_IRQHandler                           0x00000263   Thumb Code     0  startup_lpc17xx.o(.text)
    SSP0_IRQHandler                          0x00000263   Thumb Code     0  startup_lpc17xx.o(.text)
    SSP1_IRQHandler                          0x00000263   Thumb Code     0  startup_lpc17xx.o(.text)
    TIMER0_IRQHandler                        0x00000263   Thumb Code     0  startup_lpc17xx.o(.text)
    TIMER1_IRQHandler                        0x00000263   Thumb Code     0  startup_lpc17xx.o(.text)
    TIMER2_IRQHandler                        0x00000263   Thumb Code     0  startup_lpc17xx.o(.text)
    TIMER3_IRQHandler                        0x00000263   Thumb Code     0  startup_lpc17xx.o(.text)
    UART1_IRQHandler                         0x00000263   Thumb Code     0  startup_lpc17xx.o(.text)
    UART2_IRQHandler                         0x00000263   Thumb Code     0  startup_lpc17xx.o(.text)
    UART3_IRQHandler                         0x00000263   Thumb Code     0  startup_lpc17xx.o(.text)
    USBActivity_IRQHandler                   0x00000263   Thumb Code     0  startup_lpc17xx.o(.text)
    USB_IRQHandler                           0x00000263   Thumb Code     0  startup_lpc17xx.o(.text)
    WDT_IRQHandler                           0x00000263   Thumb Code     0  startup_lpc17xx.o(.text)
    __user_initial_stackheap                 0x00000265   Thumb Code     0  startup_lpc17xx.o(.text)
    __user_libspace                          0x00000285   Thumb Code     8  libspace.o(.text)
    __user_perproc_libspace                  0x00000285   Thumb Code     0  libspace.o(.text)
    sprintf                                  0x0000028d   Thumb Code    38  sprintf.o(.text)
    strlen                                   0x000002b9   Thumb Code    62  strlen.o(.text)
    __use_two_region_memory                  0x000002f7   Thumb Code     2  heapauxi.o(.text)
    __rt_heap_escrow$2region                 0x000002f9   Thumb Code     2  heapauxi.o(.text)
    __rt_heap_expand$2region                 0x000002fb   Thumb Code     2  heapauxi.o(.text)
    rt_set_PSP                               0x00000301   Thumb Code     6  hal_cm3.o(.emb_text)
    rt_get_PSP                               0x00000307   Thumb Code     6  hal_cm3.o(.emb_text)
    os_set_env                               0x0000030d   Thumb Code    24  hal_cm3.o(.emb_text)
    _alloc_box                               0x00000329   Thumb Code    28  hal_cm3.o(.emb_text)
    _free_box                                0x00000349   Thumb Code    28  hal_cm3.o(.emb_text)
    SVC_Handler                              0x00000369   Thumb Code   108  hal_cm3.o(.emb_text)
    PendSV_Handler                           0x000003e1   Thumb Code    56  hal_cm3.o(.emb_text)
    SysTick_Handler                          0x0000041d   Thumb Code     8  hal_cm3.o(.emb_text)
    OS_Tick_Handler                          0x00000425   Thumb Code    12  hal_cm3.o(.emb_text)
    _printf_pre_padding                      0x00000431   Thumb Code    44  _printf_pad.o(.text)
    _printf_post_padding                     0x0000045d   Thumb Code    34  _printf_pad.o(.text)
    _printf_truncate_signed                  0x0000047f   Thumb Code    18  _printf_truncate.o(.text)
    __RL_RTX_VER                             0x00000482   Number         0  rt_system.o ABSOLUTE
    _printf_truncate_unsigned                0x00000491   Thumb Code    18  _printf_truncate.o(.text)
    _printf_str                              0x000004a3   Thumb Code    82  _printf_str.o(.text)
    _printf_int_dec                          0x000004f5   Thumb Code   104  _printf_dec.o(.text)
    _printf_charcount                        0x0000056d   Thumb Code    40  _printf_charcount.o(.text)
    _printf_char_common                      0x0000059f   Thumb Code    32  _printf_char_common.o(.text)
    _sputc                                   0x000005c5   Thumb Code    10  _sputc.o(.text)
    _printf_wctomb                           0x000005d1   Thumb Code   182  _printf_wctomb.o(.text)
    _printf_longlong_dec                     0x0000068d   Thumb Code   108  _printf_longlong_dec.o(.text)
    _printf_longlong_oct                     0x00000709   Thumb Code    68  _printf_oct_int_ll.o(.text)
    _printf_int_oct                          0x0000074d   Thumb Code    24  _printf_oct_int_ll.o(.text)
    _printf_ll_oct                           0x00000765   Thumb Code    12  _printf_oct_int_ll.o(.text)
    _printf_longlong_hex                     0x00000779   Thumb Code    86  _printf_hex_int_ll_ptr.o(.text)
    _printf_int_hex                          0x000007cf   Thumb Code    28  _printf_hex_int_ll_ptr.o(.text)
    _printf_ll_hex                           0x000007eb   Thumb Code    12  _printf_hex_int_ll_ptr.o(.text)
    _printf_hex_ptr                          0x000007f7   Thumb Code    18  _printf_hex_int_ll_ptr.o(.text)
    __printf                                 0x0000080d   Thumb Code   388  __printf_flags_ss_wp.o(.text)
    _ll_udiv10                               0x00000995   Thumb Code   138  lludiv10.o(.text)
    _printf_int_common                       0x00000a1f   Thumb Code   178  _printf_intcommon.o(.text)
    _printf_fp_dec_real                      0x00000c81   Thumb Code   620  _printf_fp_dec.o(.text)
    _printf_fp_hex_real                      0x00000eed   Thumb Code   756  _printf_fp_hex.o(.text)
    _printf_cs_common                        0x000011e9   Thumb Code    20  _printf_char.o(.text)
    _printf_char                             0x000011fd   Thumb Code    16  _printf_char.o(.text)
    _printf_string                           0x0000120d   Thumb Code     8  _printf_char.o(.text)
    _printf_lcs_common                       0x00001215   Thumb Code    20  _printf_wchar.o(.text)
    _printf_wchar                            0x00001229   Thumb Code    16  _printf_wchar.o(.text)
    _printf_wstring                          0x00001239   Thumb Code     8  _printf_wchar.o(.text)
    _c16rtomb                                0x00001241   Thumb Code    72  _c16rtomb.o(.text)
    _wcrtomb                                 0x00001241   Thumb Code     0  _c16rtomb.o(.text)
    __user_setup_stackheap                   0x00001289   Thumb Code    74  sys_stackheap_outer.o(.text)
    __rt_ctype_table                         0x000012d5   Thumb Code    16  rt_ctype_table.o(.text)
    __rt_locale                              0x000012e5   Thumb Code    10  rt_locale_twolibspace.o(.text)
    _printf_fp_infnan                        0x000012f1   Thumb Code   112  _printf_fp_infnan.o(.text)
    _btod_etento                             0x00001371   Thumb Code   224  bigflt0.o(.text)
    exit                                     0x00001455   Thumb Code    18  exit.o(.text)
    strcmp                                   0x00001469   Thumb Code   128  strcmpv7m.o(.text)
    _sys_exit                                0x000014e9   Thumb Code     8  sys_exit.o(.text)
    __I$use$semihosting                      0x000014f5   Thumb Code     0  use_no_semi.o(.text)
    __use_no_semihosting_swi                 0x000014f5   Thumb Code     2  use_no_semi.o(.text)
    __semihosting_library_function           0x000014f7   Thumb Code     0  indicate_semi.o(.text)
    ADC_ConversionDone                       0x000014f9   Thumb Code    12  adc.o(.text.ADC_ConversionDone)
    ADC_GetValue                             0x00001505   Thumb Code    12  adc.o(.text.ADC_GetValue)
    ADC_IRQHandler                           0x00001511   Thumb Code    54  adc.o(.text.ADC_IRQHandler)
    ADC_Initialize                           0x00001549   Thumb Code    82  adc.o(.text.ADC_Initialize)
    ADC_StartConversion                      0x0000159d   Thumb Code    26  adc.o(.text.ADC_StartConversion)
    Joystick_Get_Status                      0x000015b9   Thumb Code   128  joystick.o(.text.Joystick_Get_Status)
    Joystick_Initialize                      0x00001639   Thumb Code    34  joystick.o(.text.Joystick_Initialize)
    LedInitialize                            0x0000165d   Thumb Code    44  led.o(.text.LedInitialize)
    LedOff                                   0x00001689   Thumb Code   148  led.o(.text.LedOff)
    LedOn                                    0x0000171d   Thumb Code   148  led.o(.text.LedOn)
    ProcessJoystick                          0x000017b1   Thumb Code   100  main.o(.text.ProcessJoystick)
    ProcessUARTCommand                       0x00001815   Thumb Code   140  main.o(.text.ProcessUARTCommand)
    SystemInit                               0x000018a1   Thumb Code   388  system_lpc17xx.o(.text.SystemInit)
    UART0_IRQHandler                         0x00001a25   Thumb Code   142  uart.o(.text.UART0_IRQHandler)
    UART_Initialize                          0x00001ab5   Thumb Code   164  uart.o(.text.UART_Initialize)
    UART_Send                                0x00001b59   Thumb Code    76  uart.o(.text.UART_Send)
    UintToChar                               0x00001ba5   Thumb Code    28  main.o(.text.UintToChar)
    _mutex_acquire                           0x00001c21   Thumb Code    70  rtx_conf_cm.o(.text._mutex_acquire)
    _mutex_release                           0x00001c69   Thumb Code    54  rtx_conf_cm.o(.text._mutex_release)
    _platform_post_lib_init                  0x00001ca1   Thumb Code    26  rtx_conf_cm.o(.text._platform_post_lib_init)
    main                                     0x00001cbd   Thumb Code   146  main.o(.text.main)
    os_error                                 0x00001d51   Thumb Code    40  rtx_conf_cm.o(.text.os_error)
    os_idle_demon                            0x00001d79   Thumb Code     4  rtx_conf_cm.o(.text.os_idle_demon)
    _btod_d2e                                0x00001d7d   Thumb Code    62  btod.o(CL$$btod_d2e)
    _d2e_denorm_low                          0x00001dbb   Thumb Code    70  btod.o(CL$$btod_d2e_denorm_low)
    _d2e_norm_op1                            0x00001e01   Thumb Code    96  btod.o(CL$$btod_d2e_norm_op1)
    __btod_div_common                        0x00001e61   Thumb Code   696  btod.o(CL$$btod_div_common)
    _e2e                                     0x00002199   Thumb Code   220  btod.o(CL$$btod_e2e)
    _btod_ediv                               0x00002275   Thumb Code    42  btod.o(CL$$btod_ediv)
    _btod_emul                               0x0000229f   Thumb Code    42  btod.o(CL$$btod_emul)
    __btod_mult_common                       0x000022c9   Thumb Code   580  btod.o(CL$$btod_mult_common)
    SVC_Count                                0x0000250c   Data           4  svc_table.o(SVC_TABLE)
    SVC_Table                                0x00002510   Data           0  svc_table.o(SVC_TABLE)
    __ARM_fpclassify                         0x00002511   Thumb Code    40  fpclassify.o(i.__ARM_fpclassify)
    _init_box                                0x00002539   Thumb Code    70  rt_membox.o(i._init_box)
    _is_digit                                0x0000257f   Thumb Code    14  __printf_wp.o(i._is_digit)
    dbg_init                                 0x0000258d   Thumb Code    34  hal_cm.o(i.dbg_init)
    dbg_task_notify                          0x000025bd   Thumb Code    32  hal_cm.o(i.dbg_task_notify)
    dbg_task_switch                          0x000025dd   Thumb Code    16  hal_cm.o(i.dbg_task_switch)
    isrMessageGet                            0x000025ed   Thumb Code    42  rt_cmsis.o(i.isrMessageGet)
    isrMessagePut                            0x00002617   Thumb Code    44  rt_cmsis.o(i.isrMessagePut)
    isr_mbx_receive                          0x00002645   Thumb Code    86  rt_mailbox.o(i.isr_mbx_receive)
    isr_mbx_send                             0x0000269b   Thumb Code    14  rt_mailbox.o(i.isr_mbx_send)
    osKernelInitialize                       0x000026a9   Thumb Code    30  rt_cmsis.o(i.osKernelInitialize)
    osKernelStart                            0x000026cd   Thumb Code    98  rt_cmsis.o(i.osKernelStart)
    osMessageGet                             0x00002739   Thumb Code    18  rt_cmsis.o(i.osMessageGet)
    osThreadCreate                           0x00002751   Thumb Code    36  rt_cmsis.o(i.osThreadCreate)
    osThreadExit                             0x0000277d   Thumb Code    14  rt_cmsis.o(i.osThreadExit)
    osTimerCall                              0x00002795   Thumb Code     8  rt_cmsis.o(i.osTimerCall)
    osTimerThread                            0x000027a1   Thumb Code    38  rt_cmsis.o(i.osTimerThread)
    os_tick_init                             0x000027cd   Thumb Code    32  rt_system.o(i.os_tick_init)
    os_tick_irqack                           0x000027f5   Thumb Code     2  rt_system.o(i.os_tick_irqack)
    rt_alloc_box                             0x000027f7   Thumb Code    26  rt_membox.o(i.rt_alloc_box)
    rt_alloc_mem                             0x00002811   Thumb Code    62  rt_memory.o(i.rt_alloc_mem)
    rt_block                                 0x00002851   Thumb Code    48  rt_task.o(i.rt_block)
    rt_chk_robin                             0x00002889   Thumb Code    60  rt_robin.o(i.rt_chk_robin)
    rt_dec_dly                               0x000028d1   Thumb Code   102  rt_list.o(i.rt_dec_dly)
    rt_dispatch                              0x00002941   Thumb Code    60  rt_task.o(i.rt_dispatch)
    rt_evt_psh                               0x00002985   Thumb Code    76  rt_event.o(i.rt_evt_psh)
    rt_free_box                              0x000029d5   Thumb Code    44  rt_membox.o(i.rt_free_box)
    rt_free_mem                              0x00002a01   Thumb Code    40  rt_memory.o(i.rt_free_mem)
    rt_get_first                             0x00002a29   Thumb Code    40  rt_list.o(i.rt_get_first)
    rt_init_mem                              0x00002aa1   Thumb Code    26  rt_memory.o(i.rt_init_mem)
    rt_init_robin                            0x00002abd   Thumb Code    14  rt_robin.o(i.rt_init_robin)
    rt_init_stack                            0x00002ad5   Thumb Code   118  hal_cm.o(i.rt_init_stack)
    rt_mbx_check                             0x00002b55   Thumb Code     8  rt_mailbox.o(i.rt_mbx_check)
    rt_mbx_init                              0x00002b5d   Thumb Code    26  rt_mailbox.o(i.rt_mbx_init)
    rt_mbx_psh                               0x00002b79   Thumb Code   236  rt_mailbox.o(i.rt_mbx_psh)
    rt_mbx_wait                              0x00002c69   Thumb Code   174  rt_mailbox.o(i.rt_mbx_wait)
    rt_mut_release                           0x00002d61   Thumb Code   208  rt_mutex.o(i.rt_mut_release)
    rt_mut_wait                              0x00002e39   Thumb Code   114  rt_mutex.o(i.rt_mut_wait)
    rt_pop_req                               0x00002eb1   Thumb Code   112  rt_system.o(i.rt_pop_req)
    rt_psh_req                               0x00002f2d   Thumb Code    22  rt_system.o(i.rt_psh_req)
    rt_psq_enq                               0x00002f4d   Thumb Code    88  rt_list.o(i.rt_psq_enq)
    rt_put_dly                               0x00002fa9   Thumb Code    68  rt_list.o(i.rt_put_dly)
    rt_put_prio                              0x00002ff1   Thumb Code    54  rt_list.o(i.rt_put_prio)
    rt_put_rdy_first                         0x00003029   Thumb Code    14  rt_list.o(i.rt_put_rdy_first)
    rt_resort_prio                           0x0000303d   Thumb Code    46  rt_list.o(i.rt_resort_prio)
    rt_ret_val                               0x00003071   Thumb Code     6  hal_cm.o(i.rt_ret_val)
    rt_ret_val2                              0x00003077   Thumb Code     8  hal_cm.o(i.rt_ret_val2)
    rt_rmv_dly                               0x0000307f   Thumb Code    40  rt_list.o(i.rt_rmv_dly)
    rt_rmv_list                              0x000030a9   Thumb Code    44  rt_list.o(i.rt_rmv_list)
    rt_sem_psh                               0x000030d9   Thumb Code    48  rt_semaphore.o(i.rt_sem_psh)
    rt_stk_check                             0x0000310d   Thumb Code    28  rt_system.o(i.rt_stk_check)
    rt_switch_req                            0x00003131   Thumb Code    30  rt_task.o(i.rt_switch_req)
    rt_sys_init                              0x00003159   Thumb Code   138  rt_task.o(i.rt_sys_init)
    rt_sys_start                             0x00003225   Thumb Code   110  rt_task.o(i.rt_sys_start)
    rt_systick                               0x0000329d   Thumb Code    50  rt_system.o(i.rt_systick)
    rt_tsk_create                            0x00003325   Thumb Code   118  rt_task.o(i.rt_tsk_create)
    rt_tsk_delete                            0x000033ad   Thumb Code   352  rt_task.o(i.rt_tsk_delete)
    rt_tsk_prio                              0x00003529   Thumb Code   108  rt_task.o(i.rt_tsk_prio)
    rt_tsk_self                              0x000035a5   Thumb Code    12  rt_task.o(i.rt_tsk_self)
    svcKernelInitialize                      0x000035b5   Thumb Code    80  rt_cmsis.o(i.svcKernelInitialize)
    svcKernelStart                           0x00003625   Thumb Code    62  rt_cmsis.o(i.svcKernelStart)
    svcMessageCreate                         0x0000366d   Thumb Code    36  rt_cmsis.o(i.svcMessageCreate)
    svcMessageGet                            0x00003691   Thumb Code    58  rt_cmsis.o(i.svcMessageGet)
    svcThreadCreate                          0x000036cd   Thumb Code    96  rt_cmsis.o(i.svcThreadCreate)
    svcThreadGetId                           0x00003739   Thumb Code    22  rt_cmsis.o(i.svcThreadGetId)
    svcThreadTerminate                       0x00003755   Thumb Code    50  rt_cmsis.o(i.svcThreadTerminate)
    svcTimerCall                             0x0000378d   Thumb Code    24  rt_cmsis.o(i.svcTimerCall)
    sysTimerTick                             0x000037a5   Thumb Code    84  rt_cmsis.o(i.sysTimerTick)
    _get_lc_numeric                          0x00003801   Thumb Code    44  lc_numeric_c.o(locale$$code)
    _get_lc_ctype                            0x0000382d   Thumb Code    44  lc_ctype_c.o(locale$$code)
    _printf_fp_dec                           0x00003859   Thumb Code     4  printf1.o(x$fpl$printf1)
    _printf_fp_hex                           0x0000385d   Thumb Code     4  printf2.o(x$fpl$printf2)
    __I$use$fp                               0x00003860   Number         0  usenofp.o(x$fpl$usenofp)
    CMSIS_RTOS_API_Version                   0x0000395c   Data           4  rtx_conf_cm.o(.rodata.CMSIS_RTOS_API_Version)
    CMSIS_RTOS_RTX_Version                   0x00003960   Data           4  rtx_conf_cm.o(.rodata.CMSIS_RTOS_RTX_Version)
    mp_stk_size                              0x00003964   Data           4  rtx_conf_cm.o(.rodata.mp_stk_size)
    mp_tcb_size                              0x00003968   Data           2  rtx_conf_cm.o(.rodata.mp_tcb_size)
    mp_tmr_size                              0x0000396a   Data           2  rtx_conf_cm.o(.rodata.mp_tmr_size)
    os_clockrate                             0x0000396c   Data           4  rtx_conf_cm.o(.rodata.os_clockrate)
    os_fifo_size                             0x00003970   Data           1  rtx_conf_cm.o(.rodata.os_fifo_size)
    os_flags                                 0x00003971   Data           1  rtx_conf_cm.o(.rodata.os_flags)
    os_maxtaskrun                            0x00003972   Data           2  rtx_conf_cm.o(.rodata.os_maxtaskrun)
    os_messageQ_def_osTimerMessageQ          0x00003974   Data           8  rtx_conf_cm.o(.rodata.os_messageQ_def_osTimerMessageQ)
    os_rrobin                                0x0000397c   Data           4  rtx_conf_cm.o(.rodata.os_rrobin)
    os_stack_sz                              0x00003980   Data           4  rtx_conf_cm.o(.rodata.os_stack_sz)
    os_stackinfo                             0x00003984   Data           4  rtx_conf_cm.o(.rodata.os_stackinfo)
    os_thread_def_main                       0x00003988   Data          16  rtx_conf_cm.o(.rodata.os_thread_def_main)
    os_thread_def_osTimerThread              0x00003998   Data          16  rtx_conf_cm.o(.rodata.os_thread_def_osTimerThread)
    os_timernum                              0x000039a8   Data           4  rtx_conf_cm.o(.rodata.os_timernum)
    os_trv                                   0x000039ac   Data           4  rtx_conf_cm.o(.rodata.os_trv)
    Region$$Table$$Base                      0x00003a08   Number         0  anon$$obj.o(Region$$Table)
    Region$$Table$$Limit                     0x00003a28   Number         0  anon$$obj.o(Region$$Table)
    __ctype                                  0x00003a51   Data           0  lc_ctype_c.o(locale$$data)
    __ARM_use_no_argv                        0x10000000   Data           4  main.o(.ARM.use_no_argv)
    os_initialized                           0x10000004   Data           1  rt_cmsis.o(.data)
    os_running                               0x10000005   Data           1  rt_cmsis.o(.data)
    os_timer_head                            0x10000008   Data           4  rt_cmsis.o(.data)
    os_tsk                                   0x1000000c   Data           8  rt_task.o(.data)
    os_tick_irqn                             0x10000018   Data           4  rt_system.o(.data)
    os_time                                  0x1000001c   Data           4  rt_time.o(.data)
    os_robin                                 0x10000020   Data           8  rt_robin.o(.data)
    dbg_msg                                  0x10000028   Data           1  hal_cm.o(.data)
    SystemCoreClock                          0x1000002c   Data           4  system_lpc17xx.o(.data.SystemCoreClock)
    UART_TX_Is_Empty                         0x10000030   Data           1  uart.o(.data.UART_TX_Is_Empty)
    os_idle_TCB                              0x10000038   Data          52  rt_task.o(.bss)
    os_rdy                                   0x1000006c   Data          24  rt_list.o(.bss)
    os_dly                                   0x10000084   Data          24  rt_list.o(.bss)
    __libspace_start                         0x1000009c   Data          96  libspace.o(.bss)
    __temporary_stack_top$libspace           0x100000fc   Data           0  libspace.o(.bss)
    UART_Buffer                              0x10000104   Data          64  uart.o(.bss.UART_Buffer)
    UART_Buffer_Count                        0x10000144   Data           4  uart.o(.bss.UART_Buffer_Count)
    m_tmr                                    0x10000148   Data           4  rtx_conf_cm.o(.bss.m_tmr)
    mp_stk                                   0x10000150   Data        1216  rtx_conf_cm.o(.bss.mp_stk)
    mp_tcb                                   0x10000610   Data         376  rtx_conf_cm.o(.bss.mp_tcb)
    osMessageQId_osTimerMessageQ             0x10000788   Data           4  rtx_conf_cm.o(.bss.osMessageQId_osTimerMessageQ)
    osThreadId_osTimerThread                 0x1000078c   Data           4  rtx_conf_cm.o(.bss.osThreadId_osTimerThread)
    os_active_TCB                            0x10000790   Data          28  rtx_conf_cm.o(.bss.os_active_TCB)
    os_fifo                                  0x100007ac   Data         132  rtx_conf_cm.o(.bss.os_fifo)
    os_messageQ_q_osTimerMessageQ            0x10000830   Data          32  rtx_conf_cm.o(.bss.os_messageQ_q_osTimerMessageQ)
    os_stack_mem                             0x10000850   Data         432  rtx_conf_cm.o(.bss.os_stack_mem)



==============================================================================

Memory Map of the image

  Image Entry point : 0x00000249

  Load Region LR_1 (Base: 0x00000000, Size: 0x00003b88, Max: 0xffffffff, ABSOLUTE)

    Execution Region ER_RO (Exec base: 0x00000000, Load base: 0x00000000, Size: 0x00003b54, Max: 0xffffffff, ABSOLUTE)

    Exec Addr    Load Addr    Size         Type   Attr      Idx    E Section Name        Object

    0x00000000   0x00000000   0x000000cc   Data   RO          145    RESET               startup_lpc17xx.o
    0x000000cc   0x000000cc   0x00000008   Code   RO         1392  * !!!main             c_w.l(__main.o)
    0x000000d4   0x000000d4   0x0000005c   Code   RO         1737    !!!scatter          c_w.l(__scatter.o)
    0x00000130   0x00000130   0x0000001a   Code   RO         1741    !!handler_copy      c_w.l(__scatter_copy.o)
    0x0000014a   0x0000014a   0x00000002   PAD
    0x0000014c   0x0000014c   0x00000002   Code   RO         1738    !!handler_null      c_w.l(__scatter.o)
    0x0000014e   0x0000014e   0x00000002   PAD
    0x00000150   0x00000150   0x0000001c   Code   RO         1743    !!handler_zi        c_w.l(__scatter_zi.o)
    0x0000016c   0x0000016c   0x00000000   Code   RO         1480    .ARM.Collect$$_printf_percent$$00000000  c_w.l(_printf_percent.o)
    0x0000016c   0x0000016c   0x00000006   Code   RO         1469    .ARM.Collect$$_printf_percent$$00000001  c_w.l(_printf_n.o)
    0x00000172   0x00000172   0x00000006   Code   RO         1471    .ARM.Collect$$_printf_percent$$00000002  c_w.l(_printf_p.o)
    0x00000178   0x00000178   0x00000006   Code   RO         1476    .ARM.Collect$$_printf_percent$$00000003  c_w.l(_printf_f.o)
    0x0000017e   0x0000017e   0x00000006   Code   RO         1477    .ARM.Collect$$_printf_percent$$00000004  c_w.l(_printf_e.o)
    0x00000184   0x00000184   0x00000006   Code   RO         1478    .ARM.Collect$$_printf_percent$$00000005  c_w.l(_printf_g.o)
    0x0000018a   0x0000018a   0x00000006   Code   RO         1479    .ARM.Collect$$_printf_percent$$00000006  c_w.l(_printf_a.o)
    0x00000190   0x00000190   0x0000000a   Code   RO         1484    .ARM.Collect$$_printf_percent$$00000007  c_w.l(_printf_ll.o)
    0x0000019a   0x0000019a   0x00000006   Code   RO         1473    .ARM.Collect$$_printf_percent$$00000008  c_w.l(_printf_i.o)
    0x000001a0   0x000001a0   0x00000006   Code   RO         1474    .ARM.Collect$$_printf_percent$$00000009  c_w.l(_printf_d.o)
    0x000001a6   0x000001a6   0x00000006   Code   RO         1475    .ARM.Collect$$_printf_percent$$0000000A  c_w.l(_printf_u.o)
    0x000001ac   0x000001ac   0x00000006   Code   RO         1472    .ARM.Collect$$_printf_percent$$0000000B  c_w.l(_printf_o.o)
    0x000001b2   0x000001b2   0x00000006   Code   RO         1470    .ARM.Collect$$_printf_percent$$0000000C  c_w.l(_printf_x.o)
    0x000001b8   0x000001b8   0x00000006   Code   RO         1481    .ARM.Collect$$_printf_percent$$0000000D  c_w.l(_printf_lli.o)
    0x000001be   0x000001be   0x00000006   Code   RO         1482    .ARM.Collect$$_printf_percent$$0000000E  c_w.l(_printf_lld.o)
    0x000001c4   0x000001c4   0x00000006   Code   RO         1483    .ARM.Collect$$_printf_percent$$0000000F  c_w.l(_printf_llu.o)
    0x000001ca   0x000001ca   0x00000006   Code   RO         1488    .ARM.Collect$$_printf_percent$$00000010  c_w.l(_printf_llo.o)
    0x000001d0   0x000001d0   0x00000006   Code   RO         1489    .ARM.Collect$$_printf_percent$$00000011  c_w.l(_printf_llx.o)
    0x000001d6   0x000001d6   0x0000000a   Code   RO         1485    .ARM.Collect$$_printf_percent$$00000012  c_w.l(_printf_l.o)
    0x000001e0   0x000001e0   0x00000006   Code   RO         1467    .ARM.Collect$$_printf_percent$$00000013  c_w.l(_printf_c.o)
    0x000001e6   0x000001e6   0x00000006   Code   RO         1468    .ARM.Collect$$_printf_percent$$00000014  c_w.l(_printf_s.o)
    0x000001ec   0x000001ec   0x00000006   Code   RO         1486    .ARM.Collect$$_printf_percent$$00000015  c_w.l(_printf_lc.o)
    0x000001f2   0x000001f2   0x00000006   Code   RO         1487    .ARM.Collect$$_printf_percent$$00000016  c_w.l(_printf_ls.o)
    0x000001f8   0x000001f8   0x00000004   Code   RO         1532    .ARM.Collect$$_printf_percent$$00000017  c_w.l(_printf_percent_end.o)
    0x000001fc   0x000001fc   0x00000002   Code   RO         1588    .ARM.Collect$$libinit$$00000000  c_w.l(libinit.o)
    0x000001fe   0x000001fe   0x00000000   Code   RO         1610    .ARM.Collect$$libinit$$00000002  c_w.l(libinit2.o)
    0x000001fe   0x000001fe   0x00000000   Code   RO         1612    .ARM.Collect$$libinit$$00000004  c_w.l(libinit2.o)
    0x000001fe   0x000001fe   0x00000000   Code   RO         1614    .ARM.Collect$$libinit$$00000006  c_w.l(libinit2.o)
    0x000001fe   0x000001fe   0x00000000   Code   RO         1617    .ARM.Collect$$libinit$$0000000C  c_w.l(libinit2.o)
    0x000001fe   0x000001fe   0x00000000   Code   RO         1619    .ARM.Collect$$libinit$$0000000E  c_w.l(libinit2.o)
    0x000001fe   0x000001fe   0x00000000   Code   RO         1621    .ARM.Collect$$libinit$$00000010  c_w.l(libinit2.o)
    0x000001fe   0x000001fe   0x00000006   Code   RO         1622    .ARM.Collect$$libinit$$00000011  c_w.l(libinit2.o)
    0x00000204   0x00000204   0x00000000   Code   RO         1624    .ARM.Collect$$libinit$$00000013  c_w.l(libinit2.o)
    0x00000204   0x00000204   0x0000000c   Code   RO         1625    .ARM.Collect$$libinit$$00000014  c_w.l(libinit2.o)
    0x00000210   0x00000210   0x00000000   Code   RO         1626    .ARM.Collect$$libinit$$00000015  c_w.l(libinit2.o)
    0x00000210   0x00000210   0x00000000   Code   RO         1628    .ARM.Collect$$libinit$$00000017  c_w.l(libinit2.o)
    0x00000210   0x00000210   0x0000000a   Code   RO         1629    .ARM.Collect$$libinit$$00000018  c_w.l(libinit2.o)
    0x0000021a   0x0000021a   0x00000000   Code   RO         1630    .ARM.Collect$$libinit$$00000019  c_w.l(libinit2.o)
    0x0000021a   0x0000021a   0x00000000   Code   RO         1632    .ARM.Collect$$libinit$$0000001B  c_w.l(libinit2.o)
    0x0000021a   0x0000021a   0x00000000   Code   RO         1634    .ARM.Collect$$libinit$$0000001D  c_w.l(libinit2.o)
    0x0000021a   0x0000021a   0x00000000   Code   RO         1636    .ARM.Collect$$libinit$$0000001F  c_w.l(libinit2.o)
    0x0000021a   0x0000021a   0x00000000   Code   RO         1638    .ARM.Collect$$libinit$$00000021  c_w.l(libinit2.o)
    0x0000021a   0x0000021a   0x00000000   Code   RO         1640    .ARM.Collect$$libinit$$00000023  c_w.l(libinit2.o)
    0x0000021a   0x0000021a   0x00000000   Code   RO         1642    .ARM.Collect$$libinit$$00000025  c_w.l(libinit2.o)
    0x0000021a   0x0000021a   0x00000000   Code   RO         1644    .ARM.Collect$$libinit$$00000027  c_w.l(libinit2.o)
    0x0000021a   0x0000021a   0x00000000   Code   RO         1648    .ARM.Collect$$libinit$$0000002E  c_w.l(libinit2.o)
    0x0000021a   0x0000021a   0x00000000   Code   RO         1650    .ARM.Collect$$libinit$$00000030  c_w.l(libinit2.o)
    0x0000021a   0x0000021a   0x00000000   Code   RO         1652    .ARM.Collect$$libinit$$00000032  c_w.l(libinit2.o)
    0x0000021a   0x0000021a   0x00000000   Code   RO         1654    .ARM.Collect$$libinit$$00000034  c_w.l(libinit2.o)
    0x0000021a   0x0000021a   0x00000002   Code   RO         1655    .ARM.Collect$$libinit$$00000035  c_w.l(libinit2.o)
    0x0000021c   0x0000021c   0x00000002   Code   RO         1692    .ARM.Collect$$libshutdown$$00000000  c_w.l(libshutdown.o)
    0x0000021e   0x0000021e   0x00000000   Code   RO         1720    .ARM.Collect$$libshutdown$$00000002  c_w.l(libshutdown2.o)
    0x0000021e   0x0000021e   0x00000000   Code   RO         1722    .ARM.Collect$$libshutdown$$00000004  c_w.l(libshutdown2.o)
    0x0000021e   0x0000021e   0x00000000   Code   RO         1725    .ARM.Collect$$libshutdown$$00000007  c_w.l(libshutdown2.o)
    0x0000021e   0x0000021e   0x00000000   Code   RO         1728    .ARM.Collect$$libshutdown$$0000000A  c_w.l(libshutdown2.o)
    0x0000021e   0x0000021e   0x00000000   Code   RO         1730    .ARM.Collect$$libshutdown$$0000000C  c_w.l(libshutdown2.o)
    0x0000021e   0x0000021e   0x00000000   Code   RO         1733    .ARM.Collect$$libshutdown$$0000000F  c_w.l(libshutdown2.o)
    0x0000021e   0x0000021e   0x00000002   Code   RO         1734    .ARM.Collect$$libshutdown$$00000010  c_w.l(libshutdown2.o)
    0x00000220   0x00000220   0x00000000   Code   RO         1394    .ARM.Collect$$rtentry$$00000000  c_w.l(__rtentry.o)
    0x00000220   0x00000220   0x00000000   Code   RO         1499    .ARM.Collect$$rtentry$$00000002  c_w.l(__rtentry2.o)
    0x00000220   0x00000220   0x00000006   Code   RO         1511    .ARM.Collect$$rtentry$$00000004  c_w.l(__rtentry4.o)
    0x00000226   0x00000226   0x00000000   Code   RO         1501    .ARM.Collect$$rtentry$$00000009  c_w.l(__rtentry2.o)
    0x00000226   0x00000226   0x00000004   Code   RO         1502    .ARM.Collect$$rtentry$$0000000A  c_w.l(__rtentry2.o)
    0x0000022a   0x0000022a   0x00000008   Code   RO         1503    .ARM.Collect$$rtentry$$0000000B  c_w.l(__rtentry2.o)
    0x00000232   0x00000232   0x00000008   Code   RO         1505    .ARM.Collect$$rtentry$$0000000D  c_w.l(__rtentry2.o)
    0x0000023a   0x0000023a   0x00000002   Code   RO         1594    .ARM.Collect$$rtexit$$00000000  c_w.l(rtexit.o)
    0x0000023c   0x0000023c   0x00000000   Code   RO         1661    .ARM.Collect$$rtexit$$00000002  c_w.l(rtexit2.o)
    0x0000023c   0x0000023c   0x00000004   Code   RO         1662    .ARM.Collect$$rtexit$$00000003  c_w.l(rtexit2.o)
    0x00000240   0x00000240   0x00000006   Code   RO         1663    .ARM.Collect$$rtexit$$00000004  c_w.l(rtexit2.o)
    0x00000246   0x00000246   0x00000002   PAD
    0x00000248   0x00000248   0x0000003c   Code   RO          147  * .text               startup_lpc17xx.o
    0x00000284   0x00000284   0x00000008   Code   RO         1381    .text               c_w.l(libspace.o)
    0x0000028c   0x0000028c   0x0000002c   Code   RO         1386    .text               c_w.l(sprintf.o)
    0x000002b8   0x000002b8   0x0000003e   Code   RO         1388    .text               c_w.l(strlen.o)
    0x000002f6   0x000002f6   0x00000006   Code   RO         1390    .text               c_w.l(heapauxi.o)
    0x000002fc   0x000002fc   0x00000004   Code   RO          146    .ARM.__at_0x02FC    startup_lpc17xx.o
    0x00000300   0x00000300   0x00000130   Code   RO         1366    .emb_text           RTX_CM3.lib(hal_cm3.o)
    0x00000430   0x00000430   0x0000004e   Code   RO         1401    .text               c_w.l(_printf_pad.o)
    0x0000047e   0x0000047e   0x00000024   Code   RO         1403    .text               c_w.l(_printf_truncate.o)
    0x000004a2   0x000004a2   0x00000052   Code   RO         1405    .text               c_w.l(_printf_str.o)
    0x000004f4   0x000004f4   0x00000078   Code   RO         1407    .text               c_w.l(_printf_dec.o)
    0x0000056c   0x0000056c   0x00000028   Code   RO         1409    .text               c_w.l(_printf_charcount.o)
    0x00000594   0x00000594   0x00000030   Code   RO         1411    .text               c_w.l(_printf_char_common.o)
    0x000005c4   0x000005c4   0x0000000a   Code   RO         1413    .text               c_w.l(_sputc.o)
    0x000005ce   0x000005ce   0x00000002   PAD
    0x000005d0   0x000005d0   0x000000bc   Code   RO         1415    .text               c_w.l(_printf_wctomb.o)
    0x0000068c   0x0000068c   0x0000007c   Code   RO         1418    .text               c_w.l(_printf_longlong_dec.o)
    0x00000708   0x00000708   0x00000070   Code   RO         1424    .text               c_w.l(_printf_oct_int_ll.o)
    0x00000778   0x00000778   0x00000094   Code   RO         1444    .text               c_w.l(_printf_hex_int_ll_ptr.o)
    0x0000080c   0x0000080c   0x00000188   Code   RO         1464    .text               c_w.l(__printf_flags_ss_wp.o)
    0x00000994   0x00000994   0x0000008a   Code   RO         1515    .text               c_w.l(lludiv10.o)
    0x00000a1e   0x00000a1e   0x000000b2   Code   RO         1517    .text               c_w.l(_printf_intcommon.o)
    0x00000ad0   0x00000ad0   0x0000041c   Code   RO         1519    .text               c_w.l(_printf_fp_dec.o)
    0x00000eec   0x00000eec   0x000002fc   Code   RO         1523    .text               c_w.l(_printf_fp_hex.o)
    0x000011e8   0x000011e8   0x0000002c   Code   RO         1528    .text               c_w.l(_printf_char.o)
    0x00001214   0x00001214   0x0000002c   Code   RO         1530    .text               c_w.l(_printf_wchar.o)
    0x00001240   0x00001240   0x00000048   Code   RO         1533    .text               c_w.l(_c16rtomb.o)
    0x00001288   0x00001288   0x0000004a   Code   RO         1535    .text               c_w.l(sys_stackheap_outer.o)
    0x000012d2   0x000012d2   0x00000002   PAD
    0x000012d4   0x000012d4   0x00000010   Code   RO         1537    .text               c_w.l(rt_ctype_table.o)
    0x000012e4   0x000012e4   0x0000000a   Code   RO         1544    .text               c_w.l(rt_locale_twolibspace.o)
    0x000012ee   0x000012ee   0x00000002   PAD
    0x000012f0   0x000012f0   0x00000080   Code   RO         1546    .text               c_w.l(_printf_fp_infnan.o)
    0x00001370   0x00001370   0x000000e4   Code   RO         1548    .text               c_w.l(bigflt0.o)
    0x00001454   0x00001454   0x00000012   Code   RO         1578    .text               c_w.l(exit.o)
    0x00001466   0x00001466   0x00000002   PAD
    0x00001468   0x00001468   0x00000080   Code   RO         1607    .text               c_w.l(strcmpv7m.o)
    0x000014e8   0x000014e8   0x0000000c   Code   RO         1656    .text               c_w.l(sys_exit.o)
    0x000014f4   0x000014f4   0x00000002   Code   RO         1681    .text               c_w.l(use_no_semi.o)
    0x000014f6   0x000014f6   0x00000000   Code   RO         1683    .text               c_w.l(indicate_semi.o)
    0x000014f6   0x000014f6   0x00000002   PAD
    0x000014f8   0x000014f8   0x0000000c   Code   RO           35    .text.ADC_ConversionDone  adc.o
    0x00001504   0x00001504   0x0000000c   Code   RO           37    .text.ADC_GetValue  adc.o
    0x00001510   0x00001510   0x00000036   Code   RO           31    .text.ADC_IRQHandler  adc.o
    0x00001546   0x00001546   0x00000002   PAD
    0x00001548   0x00001548   0x00000052   Code   RO           27    .text.ADC_Initialize  adc.o
    0x0000159a   0x0000159a   0x00000002   PAD
    0x0000159c   0x0000159c   0x0000001a   Code   RO           33    .text.ADC_StartConversion  adc.o
    0x000015b6   0x000015b6   0x00000002   PAD
    0x000015b8   0x000015b8   0x00000080   Code   RO            5    .text.Joystick_Get_Status  joystick.o
    0x00001638   0x00001638   0x00000022   Code   RO            3    .text.Joystick_Initialize  joystick.o
    0x0000165a   0x0000165a   0x00000002   PAD
    0x0000165c   0x0000165c   0x0000002c   Code   RO           14    .text.LedInitialize  led.o
    0x00001688   0x00001688   0x00000094   Code   RO           18    .text.LedOff        led.o
    0x0000171c   0x0000171c   0x00000094   Code   RO           16    .text.LedOn         led.o
    0x000017b0   0x000017b0   0x00000064   Code   RO           66    .text.ProcessJoystick  main.o
    0x00001814   0x00001814   0x0000008c   Code   RO           70    .text.ProcessUARTCommand  main.o
    0x000018a0   0x000018a0   0x00000184   Code   RO          158    .text.SystemInit    system_lpc17xx.o
    0x00001a24   0x00001a24   0x0000008e   Code   RO           52    .text.UART0_IRQHandler  uart.o
    0x00001ab2   0x00001ab2   0x00000002   PAD
    0x00001ab4   0x00001ab4   0x000000a4   Code   RO           48    .text.UART_Initialize  uart.o
    0x00001b58   0x00001b58   0x0000004c   Code   RO           54    .text.UART_Send     uart.o
    0x00001ba4   0x00001ba4   0x0000001c   Code   RO           68    .text.UintToChar    main.o
    0x00001bc0   0x00001bc0   0x00000030   Code   RO           29    .text.__NVIC_EnableIRQ  adc.o
    0x00001bf0   0x00001bf0   0x00000030   Code   RO           50    .text.__NVIC_EnableIRQ  uart.o
    0x00001c20   0x00001c20   0x00000046   Code   RO           91    .text._mutex_acquire  rtx_conf_cm.o
    0x00001c66   0x00001c66   0x00000002   PAD
    0x00001c68   0x00001c68   0x00000036   Code   RO           93    .text._mutex_release  rtx_conf_cm.o
    0x00001c9e   0x00001c9e   0x00000002   PAD
    0x00001ca0   0x00001ca0   0x0000001a   Code   RO          101    .text._platform_post_lib_init  rtx_conf_cm.o
    0x00001cba   0x00001cba   0x00000002   PAD
    0x00001cbc   0x00001cbc   0x00000092   Code   RO           72    .text.main          main.o
    0x00001d4e   0x00001d4e   0x00000002   PAD
    0x00001d50   0x00001d50   0x00000028   Code   RO           85    .text.os_error      rtx_conf_cm.o
    0x00001d78   0x00001d78   0x00000004   Code   RO           83    .text.os_idle_demon  rtx_conf_cm.o
    0x00001d7c   0x00001d7c   0x0000003e   Code   RO         1551    CL$$btod_d2e        c_w.l(btod.o)
    0x00001dba   0x00001dba   0x00000046   Code   RO         1553    CL$$btod_d2e_denorm_low  c_w.l(btod.o)
    0x00001e00   0x00001e00   0x00000060   Code   RO         1552    CL$$btod_d2e_norm_op1  c_w.l(btod.o)
    0x00001e60   0x00001e60   0x00000338   Code   RO         1561    CL$$btod_div_common  c_w.l(btod.o)
    0x00002198   0x00002198   0x000000dc   Code   RO         1558    CL$$btod_e2e        c_w.l(btod.o)
    0x00002274   0x00002274   0x0000002a   Code   RO         1555    CL$$btod_ediv       c_w.l(btod.o)
    0x0000229e   0x0000229e   0x0000002a   Code   RO         1554    CL$$btod_emul       c_w.l(btod.o)
    0x000022c8   0x000022c8   0x00000244   Code   RO         1560    CL$$btod_mult_common  c_w.l(btod.o)
    0x0000250c   0x0000250c   0x00000004   Code   RO         1376    SVC_TABLE           RTX_CM3.lib(svc_table.o)
    0x00002510   0x00002510   0x00000028   Code   RO         1592    i.__ARM_fpclassify  m_ws.l(fpclassify.o)
    0x00002538   0x00002538   0x00000046   Code   RO         1265    i._init_box         RTX_CM3.lib(rt_membox.o)
    0x0000257e   0x0000257e   0x0000000e   Code   RO         1457    i._is_digit         c_w.l(__printf_wp.o)
    0x0000258c   0x0000258c   0x00000030   Code   RO         1318    i.dbg_init          RTX_CM3.lib(hal_cm.o)
    0x000025bc   0x000025bc   0x00000020   Code   RO         1319    i.dbg_task_notify   RTX_CM3.lib(hal_cm.o)
    0x000025dc   0x000025dc   0x00000010   Code   RO         1320    i.dbg_task_switch   RTX_CM3.lib(hal_cm.o)
    0x000025ec   0x000025ec   0x0000002a   Code   RO          170    i.isrMessageGet     RTX_CM3.lib(rt_cmsis.o)
    0x00002616   0x00002616   0x0000002c   Code   RO          171    i.isrMessagePut     RTX_CM3.lib(rt_cmsis.o)
    0x00002642   0x00002642   0x00000002   PAD
    0x00002644   0x00002644   0x00000056   Code   RO         1120    i.isr_mbx_receive   RTX_CM3.lib(rt_mailbox.o)
    0x0000269a   0x0000269a   0x0000000e   Code   RO         1121    i.isr_mbx_send      RTX_CM3.lib(rt_mailbox.o)
    0x000026a8   0x000026a8   0x00000024   Code   RO          175    i.osKernelInitialize  RTX_CM3.lib(rt_cmsis.o)
    0x000026cc   0x000026cc   0x0000006c   Code   RO          177    i.osKernelStart     RTX_CM3.lib(rt_cmsis.o)
    0x00002738   0x00002738   0x00000018   Code   RO          186    i.osMessageGet      RTX_CM3.lib(rt_cmsis.o)
    0x00002750   0x00002750   0x0000002c   Code   RO          203    i.osThreadCreate    RTX_CM3.lib(rt_cmsis.o)
    0x0000277c   0x0000277c   0x00000018   Code   RO          204    i.osThreadExit      RTX_CM3.lib(rt_cmsis.o)
    0x00002794   0x00002794   0x0000000c   Code   RO          210    i.osTimerCall       RTX_CM3.lib(rt_cmsis.o)
    0x000027a0   0x000027a0   0x0000002c   Code   RO          215    i.osTimerThread     RTX_CM3.lib(rt_cmsis.o)
    0x000027cc   0x000027cc   0x00000028   Code   RO          912    i.os_tick_init      RTX_CM3.lib(rt_system.o)
    0x000027f4   0x000027f4   0x00000002   Code   RO          913    i.os_tick_irqack    RTX_CM3.lib(rt_system.o)
    0x000027f6   0x000027f6   0x0000001a   Code   RO         1266    i.rt_alloc_box      RTX_CM3.lib(rt_membox.o)
    0x00002810   0x00002810   0x0000003e   Code   RO         1294    i.rt_alloc_mem      RTX_CM3.lib(rt_memory.o)
    0x0000284e   0x0000284e   0x00000002   PAD
    0x00002850   0x00002850   0x00000038   Code   RO          793    i.rt_block          RTX_CM3.lib(rt_task.o)
    0x00002888   0x00002888   0x00000048   Code   RO         1243    i.rt_chk_robin      RTX_CM3.lib(rt_robin.o)
    0x000028d0   0x000028d0   0x00000070   Code   RO         1044    i.rt_dec_dly        RTX_CM3.lib(rt_list.o)
    0x00002940   0x00002940   0x00000044   Code   RO          794    i.rt_dispatch       RTX_CM3.lib(rt_task.o)
    0x00002984   0x00002984   0x00000050   Code   RO         1005    i.rt_evt_psh        RTX_CM3.lib(rt_event.o)
    0x000029d4   0x000029d4   0x0000002c   Code   RO         1267    i.rt_free_box       RTX_CM3.lib(rt_membox.o)
    0x00002a00   0x00002a00   0x00000028   Code   RO         1295    i.rt_free_mem       RTX_CM3.lib(rt_memory.o)
    0x00002a28   0x00002a28   0x00000028   Code   RO         1045    i.rt_get_first      RTX_CM3.lib(rt_list.o)
    0x00002a50   0x00002a50   0x00000008   Code   RO          220    i.rt_id2obj         RTX_CM3.lib(rt_cmsis.o)
    0x00002a58   0x00002a58   0x00000048   Code   RO          795    i.rt_init_context   RTX_CM3.lib(rt_task.o)
    0x00002aa0   0x00002aa0   0x0000001a   Code   RO         1296    i.rt_init_mem       RTX_CM3.lib(rt_memory.o)
    0x00002aba   0x00002aba   0x00000002   PAD
    0x00002abc   0x00002abc   0x00000018   Code   RO         1244    i.rt_init_robin     RTX_CM3.lib(rt_robin.o)
    0x00002ad4   0x00002ad4   0x00000080   Code   RO         1321    i.rt_init_stack     RTX_CM3.lib(hal_cm.o)
    0x00002b54   0x00002b54   0x00000008   Code   RO         1122    i.rt_mbx_check      RTX_CM3.lib(rt_mailbox.o)
    0x00002b5c   0x00002b5c   0x0000001a   Code   RO         1123    i.rt_mbx_init       RTX_CM3.lib(rt_mailbox.o)
    0x00002b76   0x00002b76   0x00000002   PAD
    0x00002b78   0x00002b78   0x000000f0   Code   RO         1124    i.rt_mbx_psh        RTX_CM3.lib(rt_mailbox.o)
    0x00002c68   0x00002c68   0x000000b4   Code   RO         1126    i.rt_mbx_wait       RTX_CM3.lib(rt_mailbox.o)
    0x00002d1c   0x00002d1c   0x00000044   Code   RO          221    i.rt_ms2tick        RTX_CM3.lib(rt_cmsis.o)
    0x00002d60   0x00002d60   0x000000d8   Code   RO          879    i.rt_mut_release    RTX_CM3.lib(rt_mutex.o)
    0x00002e38   0x00002e38   0x00000078   Code   RO          880    i.rt_mut_wait       RTX_CM3.lib(rt_mutex.o)
    0x00002eb0   0x00002eb0   0x0000007c   Code   RO          916    i.rt_pop_req        RTX_CM3.lib(rt_system.o)
    0x00002f2c   0x00002f2c   0x00000020   Code   RO          917    i.rt_psh_req        RTX_CM3.lib(rt_system.o)
    0x00002f4c   0x00002f4c   0x0000005c   Code   RO         1047    i.rt_psq_enq        RTX_CM3.lib(rt_list.o)
    0x00002fa8   0x00002fa8   0x00000048   Code   RO         1048    i.rt_put_dly        RTX_CM3.lib(rt_list.o)
    0x00002ff0   0x00002ff0   0x00000036   Code   RO         1049    i.rt_put_prio       RTX_CM3.lib(rt_list.o)
    0x00003026   0x00003026   0x00000002   PAD
    0x00003028   0x00003028   0x00000014   Code   RO         1050    i.rt_put_rdy_first  RTX_CM3.lib(rt_list.o)
    0x0000303c   0x0000303c   0x00000034   Code   RO         1051    i.rt_resort_prio    RTX_CM3.lib(rt_list.o)
    0x00003070   0x00003070   0x00000006   Code   RO         1322    i.rt_ret_val        RTX_CM3.lib(hal_cm.o)
    0x00003076   0x00003076   0x00000008   Code   RO         1323    i.rt_ret_val2       RTX_CM3.lib(hal_cm.o)
    0x0000307e   0x0000307e   0x00000028   Code   RO         1052    i.rt_rmv_dly        RTX_CM3.lib(rt_list.o)
    0x000030a6   0x000030a6   0x00000002   PAD
    0x000030a8   0x000030a8   0x00000030   Code   RO         1053    i.rt_rmv_list       RTX_CM3.lib(rt_list.o)
    0x000030d8   0x000030d8   0x00000034   Code   RO         1171    i.rt_sem_psh        RTX_CM3.lib(rt_semaphore.o)
    0x0000310c   0x0000310c   0x00000024   Code   RO          919    i.rt_stk_check      RTX_CM3.lib(rt_system.o)
    0x00003130   0x00003130   0x00000028   Code   RO          796    i.rt_switch_req     RTX_CM3.lib(rt_task.o)
    0x00003158   0x00003158   0x000000cc   Code   RO          797    i.rt_sys_init       RTX_CM3.lib(rt_task.o)
    0x00003224   0x00003224   0x00000078   Code   RO          798    i.rt_sys_start      RTX_CM3.lib(rt_task.o)
    0x0000329c   0x0000329c   0x00000040   Code   RO          921    i.rt_systick        RTX_CM3.lib(rt_system.o)
    0x000032dc   0x000032dc   0x00000012   Code   RO          222    i.rt_tid2ptcb       RTX_CM3.lib(rt_cmsis.o)
    0x000032ee   0x000032ee   0x00000002   PAD
    0x000032f0   0x000032f0   0x00000034   Code   RO          223    i.rt_timer_insert   RTX_CM3.lib(rt_cmsis.o)
    0x00003324   0x00003324   0x00000088   Code   RO          799    i.rt_tsk_create     RTX_CM3.lib(rt_task.o)
    0x000033ac   0x000033ac   0x0000017c   Code   RO          800    i.rt_tsk_delete     RTX_CM3.lib(rt_task.o)
    0x00003528   0x00003528   0x0000007c   Code   RO          802    i.rt_tsk_prio       RTX_CM3.lib(rt_task.o)
    0x000035a4   0x000035a4   0x00000010   Code   RO          803    i.rt_tsk_self       RTX_CM3.lib(rt_task.o)
    0x000035b4   0x000035b4   0x00000070   Code   RO          226    i.svcKernelInitialize  RTX_CM3.lib(rt_cmsis.o)
    0x00003624   0x00003624   0x00000048   Code   RO          228    i.svcKernelStart    RTX_CM3.lib(rt_cmsis.o)
    0x0000366c   0x0000366c   0x00000024   Code   RO          231    i.svcMessageCreate  RTX_CM3.lib(rt_cmsis.o)
    0x00003690   0x00003690   0x0000003a   Code   RO          232    i.svcMessageGet     RTX_CM3.lib(rt_cmsis.o)
    0x000036ca   0x000036ca   0x00000002   PAD
    0x000036cc   0x000036cc   0x0000006c   Code   RO          246    i.svcThreadCreate   RTX_CM3.lib(rt_cmsis.o)
    0x00003738   0x00003738   0x0000001c   Code   RO          247    i.svcThreadGetId    RTX_CM3.lib(rt_cmsis.o)
    0x00003754   0x00003754   0x00000038   Code   RO          250    i.svcThreadTerminate  RTX_CM3.lib(rt_cmsis.o)
    0x0000378c   0x0000378c   0x00000018   Code   RO          252    i.svcTimerCall      RTX_CM3.lib(rt_cmsis.o)
    0x000037a4   0x000037a4   0x0000005c   Code   RO          261    i.sysTimerTick      RTX_CM3.lib(rt_cmsis.o)
    0x00003800   0x00003800   0x0000002c   Code   RO         1576    locale$$code        c_w.l(lc_numeric_c.o)
    0x0000382c   0x0000382c   0x0000002c   Code   RO         1601    locale$$code        c_w.l(lc_ctype_c.o)
    0x00003858   0x00003858   0x00000004   Code   RO         1490    x$fpl$printf1       fz_ws.l(printf1.o)
    0x0000385c   0x0000385c   0x00000004   Code   RO         1492    x$fpl$printf2       fz_ws.l(printf2.o)
    0x00003860   0x00003860   0x00000000   Code   RO         1591    x$fpl$usenofp       fz_ws.l(usenofp.o)
    0x00003860   0x00003860   0x00000008   Data   RO         1416    .constdata          c_w.l(_printf_wctomb.o)
    0x00003868   0x00003868   0x00000028   Data   RO         1445    .constdata          c_w.l(_printf_hex_int_ll_ptr.o)
    0x00003890   0x00003890   0x00000011   Data   RO         1465    .constdata          c_w.l(__printf_flags_ss_wp.o)
    0x000038a1   0x000038a1   0x00000026   Data   RO         1524    .constdata          c_w.l(_printf_fp_hex.o)
    0x000038c7   0x000038c7   0x00000001   PAD
    0x000038c8   0x000038c8   0x00000094   Data   RO         1549    .constdata          c_w.l(bigflt0.o)
    0x0000395c   0x0000395c   0x00000004   Data   RO          111    .rodata.CMSIS_RTOS_API_Version  rtx_conf_cm.o
    0x00003960   0x00003960   0x00000004   Data   RO          112    .rodata.CMSIS_RTOS_RTX_Version  rtx_conf_cm.o
    0x00003964   0x00003964   0x00000004   Data   RO          116    .rodata.mp_stk_size  rtx_conf_cm.o
    0x00003968   0x00003968   0x00000002   Data   RO          115    .rodata.mp_tcb_size  rtx_conf_cm.o
    0x0000396a   0x0000396a   0x00000002   Data   RO          124    .rodata.mp_tmr_size  rtx_conf_cm.o
    0x0000396c   0x0000396c   0x00000004   Data   RO          113    .rodata.os_clockrate  rtx_conf_cm.o
    0x00003970   0x00003970   0x00000001   Data   RO          118    .rodata.os_fifo_size  rtx_conf_cm.o
    0x00003971   0x00003971   0x00000001   Data   RO          110    .rodata.os_flags    rtx_conf_cm.o
    0x00003972   0x00003972   0x00000002   Data   RO          103    .rodata.os_maxtaskrun  rtx_conf_cm.o
    0x00003974   0x00003974   0x00000008   Data   RO          121    .rodata.os_messageQ_def_osTimerMessageQ  rtx_conf_cm.o
    0x0000397c   0x0000397c   0x00000004   Data   RO          105    .rodata.os_rrobin   rtx_conf_cm.o
    0x00003980   0x00003980   0x00000004   Data   RO          117    .rodata.os_stack_sz  rtx_conf_cm.o
    0x00003984   0x00003984   0x00000004   Data   RO          104    .rodata.os_stackinfo  rtx_conf_cm.o
    0x00003988   0x00003988   0x00000010   Data   RO          128    .rodata.os_thread_def_main  rtx_conf_cm.o
    0x00003998   0x00003998   0x00000010   Data   RO          119    .rodata.os_thread_def_osTimerThread  rtx_conf_cm.o
    0x000039a8   0x000039a8   0x00000004   Data   RO          114    .rodata.os_timernum  rtx_conf_cm.o
    0x000039ac   0x000039ac   0x00000004   Data   RO          109    .rodata.os_trv      rtx_conf_cm.o
    0x000039b0   0x000039b0   0x00000055   Data   RO           74    .rodata.str1.1      main.o
    0x00003a05   0x00003a05   0x00000003   PAD
    0x00003a08   0x00003a08   0x00000020   Data   RO         1736    Region$$Table       anon$$obj.o
    0x00003a28   0x00003a28   0x0000001c   Data   RO         1575    locale$$data        c_w.l(lc_numeric_c.o)
    0x00003a44   0x00003a44   0x00000110   Data   RO         1600    locale$$data        c_w.l(lc_ctype_c.o)


    Execution Region ER_RW (Exec base: 0x10000000, Load base: 0x00003b54, Size: 0x00000034, Max: 0xffffffff, ABSOLUTE)

    Exec Addr    Load Addr    Size         Type   Attr      Idx    E Section Name        Object

    0x10000000   0x00003b54   0x00000004   Data   RW           75    .ARM.use_no_argv    main.o
    0x10000004   0x00003b58   0x00000008   Data   RW          264    .data               RTX_CM3.lib(rt_cmsis.o)
    0x1000000c   0x00003b60   0x00000008   Data   RW          805    .data               RTX_CM3.lib(rt_task.o)
    0x10000014   0x00003b68   0x00000008   Data   RW          924    .data               RTX_CM3.lib(rt_system.o)
    0x1000001c   0x00003b70   0x00000004   Data   RW         1214    .data               RTX_CM3.lib(rt_time.o)
    0x10000020   0x00003b74   0x00000008   Data   RW         1245    .data               RTX_CM3.lib(rt_robin.o)
    0x10000028   0x00003b7c   0x00000001   Data   RW         1324    .data               RTX_CM3.lib(hal_cm.o)
    0x10000029   0x00003b7d   0x00000003   PAD
    0x1000002c   0x00003b80   0x00000004   Data   RW          160    .data.SystemCoreClock  system_lpc17xx.o
    0x10000030   0x00003b84   0x00000001   Data   RW           56    .data.UART_TX_Is_Empty  uart.o


    Execution Region ER_ZI (Exec base: 0x10000038, Load base: 0x00003b88, Size: 0x00000bc8, Max: 0xffffffff, ABSOLUTE)

    Exec Addr    Load Addr    Size         Type   Attr      Idx    E Section Name        Object

    0x10000038        -       0x00000034   Zero   RW          804    .bss                RTX_CM3.lib(rt_task.o)
    0x1000006c        -       0x00000030   Zero   RW         1054    .bss                RTX_CM3.lib(rt_list.o)
    0x1000009c        -       0x00000060   Zero   RW         1382    .bss                c_w.l(libspace.o)
    0x100000fc        -       0x00000004   Zero   RW           40    .bss.AD_done        adc.o
    0x10000100        -       0x00000004   Zero   RW           39    .bss.AD_lastValue   adc.o
    0x10000104        -       0x00000040   Zero   RW           57    .bss.UART_Buffer    uart.o
    0x10000144        -       0x00000004   Zero   RW           58    .bss.UART_Buffer_Count  uart.o
    0x10000148        -       0x00000004   Zero   RW          123    .bss.m_tmr          rtx_conf_cm.o
    0x1000014c   0x00003b88   0x00000004   PAD
    0x10000150        -       0x000004c0   Zero   RW          130    .bss.mp_stk         rtx_conf_cm.o
    0x10000610        -       0x00000178   Zero   RW          129    .bss.mp_tcb         rtx_conf_cm.o
    0x10000788        -       0x00000004   Zero   RW          135    .bss.osMessageQId_osTimerMessageQ  rtx_conf_cm.o
    0x1000078c        -       0x00000004   Zero   RW          134    .bss.osThreadId_osTimerThread  rtx_conf_cm.o
    0x10000790        -       0x0000001c   Zero   RW          133    .bss.os_active_TCB  rtx_conf_cm.o
    0x100007ac        -       0x00000084   Zero   RW          132    .bss.os_fifo        rtx_conf_cm.o
    0x10000830        -       0x00000020   Zero   RW          120    .bss.os_messageQ_q_osTimerMessageQ  rtx_conf_cm.o
    0x10000850        -       0x000001b0   Zero   RW          131    .bss.os_stack_mem   rtx_conf_cm.o
    0x10000a00        -       0x00000000   Zero   RW          144    HEAP                startup_lpc17xx.o
    0x10000a00        -       0x00000200   Zero   RW          143    STACK               startup_lpc17xx.o


==============================================================================

Image component sizes


      Code (inc. data)   RO Data    RW Data    ZI Data      Debug   Object Name

       234          0          0          0          8       4628   adc.o
       162          0          0          0          0       3132   joystick.o
       340         16          0          0          0       3164   led.o
       414          6         85          4          0       1657   main.o
       194          4         84          0       2228       5539   rtx_conf_cm.o
        64         26        204          0        512       1032   startup_lpc17xx.o
       388          0          0          4          0       2278   system_lpc17xx.o
       430          0          0          1         68       5075   uart.o

    ----------------------------------------------------------------------
      2244         52        408         12       2820      26505   Object Totals
         0          0         32          0          0          0   (incl. Generated)
        18          0          3          3          4          0   (incl. Padding)

    ----------------------------------------------------------------------

      Code (inc. data)   RO Data    RW Data    ZI Data      Debug   Library Member Name

       238         24          0          1          0       3244   hal_cm.o
       304         36          0          0          0        756   hal_cm3.o
      1110        138          0          8          0      33677   rt_cmsis.o
        80          4          0          0          0        649   rt_event.o
       530         34          0          0         48       8157   rt_list.o
       554         10          0          0          0       3889   rt_mailbox.o
       140          0          0          0          0       1889   rt_membox.o
       128          0          0          0          0       2267   rt_memory.o
       336         14          0          0          0       1623   rt_mutex.o
        96         22          0          8          0       1134   rt_robin.o
        52          4          0          0          0        565   rt_semaphore.o
       298         52          0          8          0       6139   rt_system.o
      1216        174          0          8         52       9537   rt_task.o
         0          0          0          4          0        206   rt_time.o
         4          4          0          0          0        196   svc_table.o
         8          0          0          0          0         68   __main.o
       392          4         17          0          0         92   __printf_flags_ss_wp.o
        14          0          0          0          0         68   __printf_wp.o
         0          0          0          0          0          0   __rtentry.o
        20          0          0          0          0          0   __rtentry2.o
         6          0          0          0          0          0   __rtentry4.o
        94          8          0          0          0          0   __scatter.o
        26          0          0          0          0          0   __scatter_copy.o
        28          0          0          0          0          0   __scatter_zi.o
        72          0          0          0          0         96   _c16rtomb.o
         6          0          0          0          0          0   _printf_a.o
         6          0          0          0          0          0   _printf_c.o
        44          0          0          0          0        108   _printf_char.o
        48          6          0          0          0         96   _printf_char_common.o
        40          0          0          0          0         68   _printf_charcount.o
         6          0          0          0          0          0   _printf_d.o
       120         16          0          0          0         92   _printf_dec.o
         6          0          0          0          0          0   _printf_e.o
         6          0          0          0          0          0   _printf_f.o
      1052          0          0          0          0        148   _printf_fp_dec.o
       764          8         38          0          0        100   _printf_fp_hex.o
       128         16          0          0          0         84   _printf_fp_infnan.o
         6          0          0          0          0          0   _printf_g.o
       148          4         40          0          0        160   _printf_hex_int_ll_ptr.o
         6          0          0          0          0          0   _printf_i.o
       178          0          0          0          0         88   _printf_intcommon.o
        10          0          0          0          0          0   _printf_l.o
         6          0          0          0          0          0   _printf_lc.o
        10          0          0          0          0          0   _printf_ll.o
         6          0          0          0          0          0   _printf_lld.o
         6          0          0          0          0          0   _printf_lli.o
         6          0          0          0          0          0   _printf_llo.o
         6          0          0          0          0          0   _printf_llu.o
         6          0          0          0          0          0   _printf_llx.o
       124         16          0          0          0         92   _printf_longlong_dec.o
         6          0          0          0          0          0   _printf_ls.o
         6          0          0          0          0          0   _printf_n.o
         6          0          0          0          0          0   _printf_o.o
       112          8          0          0          0        124   _printf_oct_int_ll.o
         6          0          0          0          0          0   _printf_p.o
        78          0          0          0          0        108   _printf_pad.o
         0          0          0          0          0          0   _printf_percent.o
         4          0          0          0          0          0   _printf_percent_end.o
         6          0          0          0          0          0   _printf_s.o
        82          0          0          0          0         80   _printf_str.o
        36          0          0          0          0         84   _printf_truncate.o
         6          0          0          0          0          0   _printf_u.o
        44          0          0          0          0        108   _printf_wchar.o
       188          6          8          0          0         92   _printf_wctomb.o
         6          0          0          0          0          0   _printf_x.o
        10          0          0          0          0         68   _sputc.o
       228          4        148          0          0         96   bigflt0.o
      1936        128          0          0          0        668   btod.o
        18          0          0          0          0         80   exit.o
         6          0          0          0          0        152   heapauxi.o
         0          0          0          0          0          0   indicate_semi.o
        44         10        272          0          0         76   lc_ctype_c.o
        44         10         28          0          0         76   lc_numeric_c.o
         2          0          0          0          0          0   libinit.o
        30          0          0          0          0          0   libinit2.o
         2          0          0          0          0          0   libshutdown.o
         2          0          0          0          0          0   libshutdown2.o
         8          4          0          0         96         68   libspace.o
       138          0          0          0          0         80   lludiv10.o
        16          4          0          0          0         76   rt_ctype_table.o
        10          0          0          0          0         76   rt_locale_twolibspace.o
         2          0          0          0          0          0   rtexit.o
        10          0          0          0          0          0   rtexit2.o
        44          6          0          0          0         84   sprintf.o
       128          0          0          0          0         68   strcmpv7m.o
        62          0          0          0          0         76   strlen.o
        12          4          0          0          0         68   sys_exit.o
        74          0          0          0          0         80   sys_stackheap_outer.o
         2          0          0          0          0         68   use_no_semi.o
         4          0          0          0          0         68   printf1.o
         4          0          0          0          0         68   printf2.o
         0          0          0          0          0          0   usenofp.o
        40          0          0          0          0         68   fpclassify.o

    ----------------------------------------------------------------------
     11984        778        552         40        196      78048   Library Totals
        32          0          1          3          0          0   (incl. Padding)

    ----------------------------------------------------------------------

      Code (inc. data)   RO Data    RW Data    ZI Data      Debug   Library Name

      5086        516          0         37        100      73928   RTX_CM3.lib
      6818        262        551          0         96       3916   c_w.l
         8          0          0          0          0        136   fz_ws.l
        40          0          0          0          0         68   m_ws.l

    ----------------------------------------------------------------------
     11984        778        552         40        196      78048   Library Totals

    ----------------------------------------------------------------------

==============================================================================


      Code (inc. data)   RO Data    RW Data    ZI Data      Debug   

     14228        830        960         52       3016      98777   Grand Totals
     14228        830        960         52       3016      98777   ELF Image Totals
     14228        830        960         52          0          0   ROM Totals

==============================================================================

    Total RO  Size (Code + RO Data)                15188 (  14.83kB)
    Total RW  Size (RW Data + ZI Data)              3068 (   3.00kB)
    Total ROM Size (Code + RO Data + RW Data)      15240 (  14.88kB)

==============================================================================

